[0.064s] Invoking command in '/home/bibek/Summer_Research/multipanda_ros2/build/franka_msgs': CMAKE_PREFIX_PATH=/opt/ros/humble /usr/bin/cmake /home/bibek/Summer_Research/multipanda_ros2/franka_msgs -DCMAKE_BUILD_TYPE=Release -DCMAKE_INSTALL_PREFIX=/home/bibek/Summer_Research/multipanda_ros2/install/franka_msgs
[0.511s] -- The C compiler identification is GNU 11.4.0
[0.511s] -- The CXX compiler identification is GNU 11.4.0
[0.511s] -- Detecting C compiler ABI info
[0.511s] -- Detecting C compiler ABI info - done
[0.511s] -- Check for working C compiler: /usr/bin/cc - skipped
[0.512s] -- Detecting C compile features
[0.512s] -- Detecting C compile features - done
[0.512s] -- Detecting CXX compiler ABI info
[0.512s] -- Detecting CXX compiler ABI info - done
[0.514s] -- Check for working CXX compiler: /usr/bin/c++ - skipped
[0.514s] -- Detecting CXX compile features
[0.514s] -- Detecting CXX compile features - done
[0.521s] -- Found ament_cmake: 1.3.11 (/opt/ros/humble/share/ament_cmake/cmake)
[0.729s] -- Found Python3: /usr/bin/python3 (found version "3.10.12") found components: Interpreter 
[0.858s] -- Found rosidl_default_generators: 1.2.0 (/opt/ros/humble/share/rosidl_default_generators/cmake)
[0.862s] -- Using all available rosidl_typesupport_c: rosidl_typesupport_fastrtps_c;rosidl_typesupport_introspection_c
[0.872s] -- Found rosidl_adapter: 3.1.6 (/opt/ros/humble/share/rosidl_adapter/cmake)
[0.949s] -- Using all available rosidl_typesupport_cpp: rosidl_typesupport_fastrtps_cpp;rosidl_typesupport_introspection_cpp
[0.996s] -- Found std_msgs: 4.9.0 (/opt/ros/humble/share/std_msgs/cmake)
[1.035s] -- Found geometry_msgs: 4.9.0 (/opt/ros/humble/share/geometry_msgs/cmake)
[1.713s] -- Found ament_cmake_ros: 0.10.0 (/opt/ros/humble/share/ament_cmake_ros/cmake)
[2.009s] -- Using all available rosidl_typesupport_c: rosidl_typesupport_fastrtps_c;rosidl_typesupport_introspection_c
[2.443s] -- Using all available rosidl_typesupport_cpp: rosidl_typesupport_fastrtps_cpp;rosidl_typesupport_introspection_cpp
[2.479s] -- Found PythonInterp: /usr/bin/python3 (found suitable version "3.10.12", minimum required is "3.6") 
[2.482s] -- Found python_cmake_module: 0.10.0 (/opt/ros/humble/share/python_cmake_module/cmake)
[2.525s] -- Found PythonLibs: /usr/lib/x86_64-linux-gnu/libpython3.10.so (found suitable version "3.10.12", minimum required is "3.5") 
[2.525s] -- Using PYTHON_EXECUTABLE: /usr/bin/python3
[2.525s] -- Using PYTHON_INCLUDE_DIRS: /usr/include/python3.10
[2.525s] -- Using PYTHON_LIBRARIES: /usr/lib/x86_64-linux-gnu/libpython3.10.so
[2.558s] -- Found PythonExtra: .so  
[2.638s] -- Found ament_lint_auto: 0.12.12 (/opt/ros/humble/share/ament_lint_auto/cmake)
[2.666s] -- Added test 'copyright' to check source files copyright and LICENSE
[2.672s] -- Added test 'lint_cmake' to check CMake code style
[2.675s] -- Added test 'xmllint' to check XML markup files
[2.677s] -- Configuring done
[2.739s] -- Generating done
[2.754s] -- Build files have been written to: /home/bibek/Summer_Research/multipanda_ros2/build/franka_msgs
[2.766s] Invoked command in '/home/bibek/Summer_Research/multipanda_ros2/build/franka_msgs' returned '0': CMAKE_PREFIX_PATH=/opt/ros/humble /usr/bin/cmake /home/bibek/Summer_Research/multipanda_ros2/franka_msgs -DCMAKE_BUILD_TYPE=Release -DCMAKE_INSTALL_PREFIX=/home/bibek/Summer_Research/multipanda_ros2/install/franka_msgs
[2.768s] Invoking command in '/home/bibek/Summer_Research/multipanda_ros2/build/franka_msgs': CMAKE_PREFIX_PATH=/opt/ros/humble /usr/bin/cmake --build /home/bibek/Summer_Research/multipanda_ros2/build/franka_msgs -- -j16 -l16
[2.818s] [  0%] [34m[1mGenerating C code for ROS interfaces[0m
[2.830s] [  0%] [34m[1mGenerating C++ code for ROS interfaces[0m
[2.842s] [  0%] Built target ament_cmake_python_copy_franka_msgs
[3.745s] running egg_info
[3.752s] creating franka_msgs.egg-info
[3.752s] writing franka_msgs.egg-info/PKG-INFO
[3.752s] writing dependency_links to franka_msgs.egg-info/dependency_links.txt
[3.753s] writing top-level names to franka_msgs.egg-info/top_level.txt
[3.753s] writing manifest file 'franka_msgs.egg-info/SOURCES.txt'
[3.766s] reading manifest file 'franka_msgs.egg-info/SOURCES.txt'
[3.767s] writing manifest file 'franka_msgs.egg-info/SOURCES.txt'
[3.839s] [  0%] Built target ament_cmake_python_build_franka_msgs_egg
