-- Install configuration: "Release"
-- Up-to-date: /home/bibek/Summer_Research/multipanda_ros2/install/franka_description/share/franka_description//launch
-- Up-to-date: /home/bibek/Summer_Research/multipanda_ros2/install/franka_description/share/franka_description//launch/visualize_franka.launch.py
-- Up-to-date: /home/bibek/Summer_Research/multipanda_ros2/install/franka_description/share/franka_description//robots
-- Up-to-date: /home/bibek/Summer_Research/multipanda_ros2/install/franka_description/share/franka_description//robots/sim
-- Up-to-date: /home/bibek/Summer_Research/multipanda_ros2/install/franka_description/share/franka_description//robots/sim/panda_arm_sim.urdf.xacro
-- Up-to-date: /home/bibek/Summer_Research/multipanda_ros2/install/franka_description/share/franka_description//robots/sim/dual_panda_arm_sim.urdf.xacro
-- Up-to-date: /home/bibek/Summer_Research/multipanda_ros2/install/franka_description/share/franka_description//robots/sim/dual_panda_arm_sim.ros2_control.xacro
-- Up-to-date: /home/bibek/Summer_Research/multipanda_ros2/install/franka_description/share/franka_description//robots/sim/panda_arm_sim.ros2_control.xacro
-- Up-to-date: /home/bibek/Summer_Research/multipanda_ros2/install/franka_description/share/franka_description//robots/real
-- Up-to-date: /home/bibek/Summer_Research/multipanda_ros2/install/franka_description/share/franka_description//robots/real/panda_arm.ros2_control.xacro
-- Up-to-date: /home/bibek/Summer_Research/multipanda_ros2/install/franka_description/share/franka_description//robots/real/panda_arm.urdf.xacro
-- Up-to-date: /home/bibek/Summer_Research/multipanda_ros2/install/franka_description/share/franka_description//robots/real/dual_panda_arm.urdf.xacro
-- Up-to-date: /home/bibek/Summer_Research/multipanda_ros2/install/franka_description/share/franka_description//robots/real/dual_panda_arm.ros2_control.xacro
-- Up-to-date: /home/bibek/Summer_Research/multipanda_ros2/install/franka_description/share/franka_description//robots/common
-- Up-to-date: /home/bibek/Summer_Research/multipanda_ros2/install/franka_description/share/franka_description//robots/common/hand.xacro
-- Up-to-date: /home/bibek/Summer_Research/multipanda_ros2/install/franka_description/share/franka_description//robots/common/panda_arm.xacro
-- Up-to-date: /home/bibek/Summer_Research/multipanda_ros2/install/franka_description/share/franka_description//robots/common/hand.urdf.xacro
-- Up-to-date: /home/bibek/Summer_Research/multipanda_ros2/install/franka_description/share/franka_description//robots/mixed
-- Up-to-date: /home/bibek/Summer_Research/multipanda_ros2/install/franka_description/share/franka_description//robots/mixed/mixed_dual_panda_arm.urdf.xacro
-- Up-to-date: /home/bibek/Summer_Research/multipanda_ros2/install/franka_description/share/franka_description//robots/mixed/mixed_quad_panda_arm.urdf.xacro
-- Up-to-date: /home/bibek/Summer_Research/multipanda_ros2/install/franka_description/share/franka_description//meshes
-- Up-to-date: /home/bibek/Summer_Research/multipanda_ros2/install/franka_description/share/franka_description//meshes/visual
-- Up-to-date: /home/bibek/Summer_Research/multipanda_ros2/install/franka_description/share/franka_description//meshes/visual/link3.dae
-- Up-to-date: /home/bibek/Summer_Research/multipanda_ros2/install/franka_description/share/franka_description//meshes/visual/link7.dae
-- Up-to-date: /home/bibek/Summer_Research/multipanda_ros2/install/franka_description/share/franka_description//meshes/visual/meshes.blend
-- Up-to-date: /home/bibek/Summer_Research/multipanda_ros2/install/franka_description/share/franka_description//meshes/visual/hand.dae
-- Up-to-date: /home/bibek/Summer_Research/multipanda_ros2/install/franka_description/share/franka_description//meshes/visual/link2.dae
-- Up-to-date: /home/bibek/Summer_Research/multipanda_ros2/install/franka_description/share/franka_description//meshes/visual/link5.dae
-- Up-to-date: /home/bibek/Summer_Research/multipanda_ros2/install/franka_description/share/franka_description//meshes/visual/finger.dae
-- Up-to-date: /home/bibek/Summer_Research/multipanda_ros2/install/franka_description/share/franka_description//meshes/visual/link0.dae
-- Up-to-date: /home/bibek/Summer_Research/multipanda_ros2/install/franka_description/share/franka_description//meshes/visual/link1.dae
-- Up-to-date: /home/bibek/Summer_Research/multipanda_ros2/install/franka_description/share/franka_description//meshes/visual/link4.dae
-- Up-to-date: /home/bibek/Summer_Research/multipanda_ros2/install/franka_description/share/franka_description//meshes/visual/link6.dae
-- Up-to-date: /home/bibek/Summer_Research/multipanda_ros2/install/franka_description/share/franka_description//rviz
-- Up-to-date: /home/bibek/Summer_Research/multipanda_ros2/install/franka_description/share/franka_description//rviz/visualize_franka.rviz
-- Up-to-date: /home/bibek/Summer_Research/multipanda_ros2/install/franka_description/share/franka_description//rviz/visualize_dual_franka.rviz
-- Up-to-date: /home/bibek/Summer_Research/multipanda_ros2/install/franka_description/share/franka_description//mujoco
-- Up-to-date: /home/bibek/Summer_Research/multipanda_ros2/install/franka_description/share/franka_description//mujoco/franka
-- Up-to-date: /home/bibek/Summer_Research/multipanda_ros2/install/franka_description/share/franka_description//mujoco/franka/scene_ng.xml
-- Up-to-date: /home/bibek/Summer_Research/multipanda_ros2/install/franka_description/share/franka_description//mujoco/franka/mj_dual_ng.xml
-- Up-to-date: /home/bibek/Summer_Research/multipanda_ros2/install/franka_description/share/franka_description//mujoco/franka/panda.xml
-- Up-to-date: /home/bibek/Summer_Research/multipanda_ros2/install/franka_description/share/franka_description//mujoco/franka/dual_scene.xml
-- Up-to-date: /home/bibek/Summer_Research/multipanda_ros2/install/franka_description/share/franka_description//mujoco/franka/mj_dual.xml
-- Up-to-date: /home/bibek/Summer_Research/multipanda_ros2/install/franka_description/share/franka_description//mujoco/franka/objects.xml
-- Up-to-date: /home/bibek/Summer_Research/multipanda_ros2/install/franka_description/share/franka_description//mujoco/franka/assets
-- Up-to-date: /home/bibek/Summer_Research/multipanda_ros2/install/franka_description/share/franka_description//mujoco/franka/assets/link6_6.obj
-- Up-to-date: /home/bibek/Summer_Research/multipanda_ros2/install/franka_description/share/franka_description//mujoco/franka/assets/hand_2.obj
-- Up-to-date: /home/bibek/Summer_Research/multipanda_ros2/install/franka_description/share/franka_description//mujoco/franka/assets/link4_2.obj
-- Up-to-date: /home/bibek/Summer_Research/multipanda_ros2/install/franka_description/share/franka_description//mujoco/franka/assets/link6_10.obj
-- Up-to-date: /home/bibek/Summer_Research/multipanda_ros2/install/franka_description/share/franka_description//mujoco/franka/assets/hand_3.obj
-- Up-to-date: /home/bibek/Summer_Research/multipanda_ros2/install/franka_description/share/franka_description//mujoco/franka/assets/link0.stl
-- Up-to-date: /home/bibek/Summer_Research/multipanda_ros2/install/franka_description/share/franka_description//mujoco/franka/assets/link7_1.obj
-- Up-to-date: /home/bibek/Summer_Research/multipanda_ros2/install/franka_description/share/franka_description//mujoco/franka/assets/link7_6.obj
-- Up-to-date: /home/bibek/Summer_Research/multipanda_ros2/install/franka_description/share/franka_description//mujoco/franka/assets/link6_11.obj
-- Up-to-date: /home/bibek/Summer_Research/multipanda_ros2/install/franka_description/share/franka_description//mujoco/franka/assets/link5_collision_0.obj
-- Up-to-date: /home/bibek/Summer_Research/multipanda_ros2/install/franka_description/share/franka_description//mujoco/franka/assets/link6_12.obj
-- Up-to-date: /home/bibek/Summer_Research/multipanda_ros2/install/franka_description/share/franka_description//mujoco/franka/assets/link0_2.obj
-- Up-to-date: /home/bibek/Summer_Research/multipanda_ros2/install/franka_description/share/franka_description//mujoco/franka/assets/link7_2.obj
-- Up-to-date: /home/bibek/Summer_Research/multipanda_ros2/install/franka_description/share/franka_description//mujoco/franka/assets/link4.stl
-- Up-to-date: /home/bibek/Summer_Research/multipanda_ros2/install/franka_description/share/franka_description//mujoco/franka/assets/link0_5.obj
-- Up-to-date: /home/bibek/Summer_Research/multipanda_ros2/install/franka_description/share/franka_description//mujoco/franka/assets/finger_0.obj
-- Up-to-date: /home/bibek/Summer_Research/multipanda_ros2/install/franka_description/share/franka_description//mujoco/franka/assets/link1.obj
-- Up-to-date: /home/bibek/Summer_Research/multipanda_ros2/install/franka_description/share/franka_description//mujoco/franka/assets/link4_1.obj
-- Up-to-date: /home/bibek/Summer_Research/multipanda_ros2/install/franka_description/share/franka_description//mujoco/franka/assets/link0_0.obj
-- Up-to-date: /home/bibek/Summer_Research/multipanda_ros2/install/franka_description/share/franka_description//mujoco/franka/assets/link7_7.obj
-- Up-to-date: /home/bibek/Summer_Research/multipanda_ros2/install/franka_description/share/franka_description//mujoco/franka/assets/link2.obj
-- Up-to-date: /home/bibek/Summer_Research/multipanda_ros2/install/franka_description/share/franka_description//mujoco/franka/assets/hand_1.obj
-- Up-to-date: /home/bibek/Summer_Research/multipanda_ros2/install/franka_description/share/franka_description//mujoco/franka/assets/link6_4.obj
-- Up-to-date: /home/bibek/Summer_Research/multipanda_ros2/install/franka_description/share/franka_description//mujoco/franka/assets/link3.stl
-- Up-to-date: /home/bibek/Summer_Research/multipanda_ros2/install/franka_description/share/franka_description//mujoco/franka/assets/link0_11.obj
-- Up-to-date: /home/bibek/Summer_Research/multipanda_ros2/install/franka_description/share/franka_description//mujoco/franka/assets/hand_0.obj
-- Up-to-date: /home/bibek/Summer_Research/multipanda_ros2/install/franka_description/share/franka_description//mujoco/franka/assets/finger_1.obj
-- Up-to-date: /home/bibek/Summer_Research/multipanda_ros2/install/franka_description/share/franka_description//mujoco/franka/assets/link6_1.obj
-- Up-to-date: /home/bibek/Summer_Research/multipanda_ros2/install/franka_description/share/franka_description//mujoco/franka/assets/link7_5.obj
-- Up-to-date: /home/bibek/Summer_Research/multipanda_ros2/install/franka_description/share/franka_description//mujoco/franka/assets/link3_3.obj
-- Up-to-date: /home/bibek/Summer_Research/multipanda_ros2/install/franka_description/share/franka_description//mujoco/franka/assets/hand_4.obj
-- Up-to-date: /home/bibek/Summer_Research/multipanda_ros2/install/franka_description/share/franka_description//mujoco/franka/assets/link6_2.obj
-- Up-to-date: /home/bibek/Summer_Research/multipanda_ros2/install/franka_description/share/franka_description//mujoco/franka/assets/link6_7.obj
-- Up-to-date: /home/bibek/Summer_Research/multipanda_ros2/install/franka_description/share/franka_description//mujoco/franka/assets/link0_10.obj
-- Up-to-date: /home/bibek/Summer_Research/multipanda_ros2/install/franka_description/share/franka_description//mujoco/franka/assets/link0_1.obj
-- Up-to-date: /home/bibek/Summer_Research/multipanda_ros2/install/franka_description/share/franka_description//mujoco/franka/assets/link6_14.obj
-- Up-to-date: /home/bibek/Summer_Research/multipanda_ros2/install/franka_description/share/franka_description//mujoco/franka/assets/link7_4.obj
-- Up-to-date: /home/bibek/Summer_Research/multipanda_ros2/install/franka_description/share/franka_description//mujoco/franka/assets/link4_3.obj
-- Up-to-date: /home/bibek/Summer_Research/multipanda_ros2/install/franka_description/share/franka_description//mujoco/franka/assets/link6_9.obj
-- Up-to-date: /home/bibek/Summer_Research/multipanda_ros2/install/franka_description/share/franka_description//mujoco/franka/assets/link0_9.obj
-- Up-to-date: /home/bibek/Summer_Research/multipanda_ros2/install/franka_description/share/franka_description//mujoco/franka/assets/link7.stl
-- Up-to-date: /home/bibek/Summer_Research/multipanda_ros2/install/franka_description/share/franka_description//mujoco/franka/assets/link6.stl
-- Up-to-date: /home/bibek/Summer_Research/multipanda_ros2/install/franka_description/share/franka_description//mujoco/franka/assets/link5_collision_2.obj
-- Up-to-date: /home/bibek/Summer_Research/multipanda_ros2/install/franka_description/share/franka_description//mujoco/franka/assets/link5_collision_1.obj
-- Up-to-date: /home/bibek/Summer_Research/multipanda_ros2/install/franka_description/share/franka_description//mujoco/franka/assets/link4_0.obj
-- Up-to-date: /home/bibek/Summer_Research/multipanda_ros2/install/franka_description/share/franka_description//mujoco/franka/assets/link6_0.obj
-- Up-to-date: /home/bibek/Summer_Research/multipanda_ros2/install/franka_description/share/franka_description//mujoco/franka/assets/link5_1.obj
-- Up-to-date: /home/bibek/Summer_Research/multipanda_ros2/install/franka_description/share/franka_description//mujoco/franka/assets/link2.stl
-- Up-to-date: /home/bibek/Summer_Research/multipanda_ros2/install/franka_description/share/franka_description//mujoco/franka/assets/link6_3.obj
-- Up-to-date: /home/bibek/Summer_Research/multipanda_ros2/install/franka_description/share/franka_description//mujoco/franka/assets/link1.stl
-- Up-to-date: /home/bibek/Summer_Research/multipanda_ros2/install/franka_description/share/franka_description//mujoco/franka/assets/hand.stl
-- Up-to-date: /home/bibek/Summer_Research/multipanda_ros2/install/franka_description/share/franka_description//mujoco/franka/assets/link5_0.obj
-- Up-to-date: /home/bibek/Summer_Research/multipanda_ros2/install/franka_description/share/franka_description//mujoco/franka/assets/link0_3.obj
-- Up-to-date: /home/bibek/Summer_Research/multipanda_ros2/install/franka_description/share/franka_description//mujoco/franka/assets/link7_0.obj
-- Up-to-date: /home/bibek/Summer_Research/multipanda_ros2/install/franka_description/share/franka_description//mujoco/franka/assets/link6_5.obj
-- Up-to-date: /home/bibek/Summer_Research/multipanda_ros2/install/franka_description/share/franka_description//mujoco/franka/assets/link6_16.obj
-- Up-to-date: /home/bibek/Summer_Research/multipanda_ros2/install/franka_description/share/franka_description//mujoco/franka/assets/link3_2.obj
-- Up-to-date: /home/bibek/Summer_Research/multipanda_ros2/install/franka_description/share/franka_description//mujoco/franka/assets/link5_2.obj
-- Up-to-date: /home/bibek/Summer_Research/multipanda_ros2/install/franka_description/share/franka_description//mujoco/franka/assets/link6_13.obj
-- Up-to-date: /home/bibek/Summer_Research/multipanda_ros2/install/franka_description/share/franka_description//mujoco/franka/assets/link0_7.obj
-- Up-to-date: /home/bibek/Summer_Research/multipanda_ros2/install/franka_description/share/franka_description//mujoco/franka/assets/link6_8.obj
-- Up-to-date: /home/bibek/Summer_Research/multipanda_ros2/install/franka_description/share/franka_description//mujoco/franka/assets/link0_4.obj
-- Up-to-date: /home/bibek/Summer_Research/multipanda_ros2/install/franka_description/share/franka_description//mujoco/franka/assets/link0_8.obj
-- Up-to-date: /home/bibek/Summer_Research/multipanda_ros2/install/franka_description/share/franka_description//mujoco/franka/assets/link7_3.obj
-- Up-to-date: /home/bibek/Summer_Research/multipanda_ros2/install/franka_description/share/franka_description//mujoco/franka/assets/link6_15.obj
-- Up-to-date: /home/bibek/Summer_Research/multipanda_ros2/install/franka_description/share/franka_description//mujoco/franka/assets/link3_0.obj
-- Up-to-date: /home/bibek/Summer_Research/multipanda_ros2/install/franka_description/share/franka_description//mujoco/franka/assets/link3_1.obj
-- Up-to-date: /home/bibek/Summer_Research/multipanda_ros2/install/franka_description/share/franka_description//mujoco/franka/panda_ng.xml
-- Up-to-date: /home/bibek/Summer_Research/multipanda_ros2/install/franka_description/share/franka_description//mujoco/franka/dual_scene_ng.xml
-- Up-to-date: /home/bibek/Summer_Research/multipanda_ros2/install/franka_description/share/franka_description//mujoco/franka/TEMPLATE_panda.xml
-- Up-to-date: /home/bibek/Summer_Research/multipanda_ros2/install/franka_description/share/franka_description//mujoco/franka/scene.xml
-- Up-to-date: /home/bibek/Summer_Research/multipanda_ros2/install/franka_description/share/ament_index/resource_index/package_run_dependencies/franka_description
-- Up-to-date: /home/bibek/Summer_Research/multipanda_ros2/install/franka_description/share/ament_index/resource_index/parent_prefix_path/franka_description
-- Up-to-date: /home/bibek/Summer_Research/multipanda_ros2/install/franka_description/share/franka_description/environment/ament_prefix_path.sh
-- Up-to-date: /home/bibek/Summer_Research/multipanda_ros2/install/franka_description/share/franka_description/environment/ament_prefix_path.dsv
-- Up-to-date: /home/bibek/Summer_Research/multipanda_ros2/install/franka_description/share/franka_description/environment/path.sh
-- Up-to-date: /home/bibek/Summer_Research/multipanda_ros2/install/franka_description/share/franka_description/environment/path.dsv
-- Up-to-date: /home/bibek/Summer_Research/multipanda_ros2/install/franka_description/share/franka_description/local_setup.bash
-- Up-to-date: /home/bibek/Summer_Research/multipanda_ros2/install/franka_description/share/franka_description/local_setup.sh
-- Up-to-date: /home/bibek/Summer_Research/multipanda_ros2/install/franka_description/share/franka_description/local_setup.zsh
-- Up-to-date: /home/bibek/Summer_Research/multipanda_ros2/install/franka_description/share/franka_description/local_setup.dsv
-- Up-to-date: /home/bibek/Summer_Research/multipanda_ros2/install/franka_description/share/franka_description/package.dsv
-- Up-to-date: /home/bibek/Summer_Research/multipanda_ros2/install/franka_description/share/ament_index/resource_index/packages/franka_description
-- Up-to-date: /home/bibek/Summer_Research/multipanda_ros2/install/franka_description/share/franka_description/cmake/franka_descriptionConfig.cmake
-- Up-to-date: /home/bibek/Summer_Research/multipanda_ros2/install/franka_description/share/franka_description/cmake/franka_descriptionConfig-version.cmake
-- Up-to-date: /home/bibek/Summer_Research/multipanda_ros2/install/franka_description/share/franka_description/package.xml
