[0.022s] Invoking command in '/home/bibek/Summer_Research/multipanda_ros2/build/franka_description': CMAKE_PREFIX_PATH=/opt/ros/humble /usr/bin/cmake --build /home/bibek/Summer_Research/multipanda_ros2/build/franka_description -- -j16 -l16
[0.695s] Invoked command in '/home/bibek/Summer_Research/multipanda_ros2/build/franka_description' returned '0': CMAKE_PREFIX_PATH=/opt/ros/humble /usr/bin/cmake --build /home/bibek/Summer_Research/multipanda_ros2/build/franka_description -- -j16 -l16
[0.707s] Invoking command in '/home/bibek/Summer_Research/multipanda_ros2/build/franka_description': CMAKE_PREFIX_PATH=/opt/ros/humble /usr/bin/cmake --install /home/bibek/Summer_Research/multipanda_ros2/build/franka_description
[0.726s] -- Install configuration: "Release"
[0.726s] -- Up-to-date: /home/bibek/Summer_Research/multipanda_ros2/install/franka_description/share/franka_description//launch
[0.726s] -- Up-to-date: /home/bibek/Summer_Research/multipanda_ros2/install/franka_description/share/franka_description//launch/visualize_franka.launch.py
[0.726s] -- Up-to-date: /home/bibek/Summer_Research/multipanda_ros2/install/franka_description/share/franka_description//robots
[0.726s] -- Up-to-date: /home/bibek/Summer_Research/multipanda_ros2/install/franka_description/share/franka_description//robots/sim
[0.726s] -- Up-to-date: /home/bibek/Summer_Research/multipanda_ros2/install/franka_description/share/franka_description//robots/sim/panda_arm_sim.urdf.xacro
[0.726s] -- Up-to-date: /home/bibek/Summer_Research/multipanda_ros2/install/franka_description/share/franka_description//robots/sim/dual_panda_arm_sim.urdf.xacro
[0.726s] -- Up-to-date: /home/bibek/Summer_Research/multipanda_ros2/install/franka_description/share/franka_description//robots/sim/dual_panda_arm_sim.ros2_control.xacro
[0.726s] -- Up-to-date: /home/bibek/Summer_Research/multipanda_ros2/install/franka_description/share/franka_description//robots/sim/panda_arm_sim.ros2_control.xacro
[0.726s] -- Up-to-date: /home/bibek/Summer_Research/multipanda_ros2/install/franka_description/share/franka_description//robots/real
[0.726s] -- Up-to-date: /home/bibek/Summer_Research/multipanda_ros2/install/franka_description/share/franka_description//robots/real/panda_arm.ros2_control.xacro
[0.727s] -- Up-to-date: /home/bibek/Summer_Research/multipanda_ros2/install/franka_description/share/franka_description//robots/real/panda_arm.urdf.xacro
[0.727s] -- Up-to-date: /home/bibek/Summer_Research/multipanda_ros2/install/franka_description/share/franka_description//robots/real/dual_panda_arm.urdf.xacro
[0.727s] -- Up-to-date: /home/bibek/Summer_Research/multipanda_ros2/install/franka_description/share/franka_description//robots/real/dual_panda_arm.ros2_control.xacro
[0.727s] -- Up-to-date: /home/bibek/Summer_Research/multipanda_ros2/install/franka_description/share/franka_description//robots/common
[0.727s] -- Up-to-date: /home/bibek/Summer_Research/multipanda_ros2/install/franka_description/share/franka_description//robots/common/hand.xacro
[0.727s] -- Up-to-date: /home/bibek/Summer_Research/multipanda_ros2/install/franka_description/share/franka_description//robots/common/panda_arm.xacro
[0.727s] -- Up-to-date: /home/bibek/Summer_Research/multipanda_ros2/install/franka_description/share/franka_description//robots/common/hand.urdf.xacro
[0.727s] -- Up-to-date: /home/bibek/Summer_Research/multipanda_ros2/install/franka_description/share/franka_description//robots/mixed
[0.727s] -- Up-to-date: /home/bibek/Summer_Research/multipanda_ros2/install/franka_description/share/franka_description//robots/mixed/mixed_dual_panda_arm.urdf.xacro
[0.727s] -- Up-to-date: /home/bibek/Summer_Research/multipanda_ros2/install/franka_description/share/franka_description//robots/mixed/mixed_quad_panda_arm.urdf.xacro
[0.727s] -- Up-to-date: /home/bibek/Summer_Research/multipanda_ros2/install/franka_description/share/franka_description//meshes
[0.728s] -- Up-to-date: /home/bibek/Summer_Research/multipanda_ros2/install/franka_description/share/franka_description//meshes/visual
[0.728s] -- Up-to-date: /home/bibek/Summer_Research/multipanda_ros2/install/franka_description/share/franka_description//meshes/visual/link3.dae
[0.728s] -- Up-to-date: /home/bibek/Summer_Research/multipanda_ros2/install/franka_description/share/franka_description//meshes/visual/link7.dae
[0.728s] -- Up-to-date: /home/bibek/Summer_Research/multipanda_ros2/install/franka_description/share/franka_description//meshes/visual/meshes.blend
[0.728s] -- Up-to-date: /home/bibek/Summer_Research/multipanda_ros2/install/franka_description/share/franka_description//meshes/visual/hand.dae
[0.728s] -- Up-to-date: /home/bibek/Summer_Research/multipanda_ros2/install/franka_description/share/franka_description//meshes/visual/link2.dae
[0.736s] -- Up-to-date: /home/bibek/Summer_Research/multipanda_ros2/install/franka_description/share/franka_description//meshes/visual/link5.dae
[0.737s] -- Up-to-date: /home/bibek/Summer_Research/multipanda_ros2/install/franka_description/share/franka_description//meshes/visual/finger.dae
[0.737s] -- Up-to-date: /home/bibek/Summer_Research/multipanda_ros2/install/franka_description/share/franka_description//meshes/visual/link0.dae
[0.737s] -- Up-to-date: /home/bibek/Summer_Research/multipanda_ros2/install/franka_description/share/franka_description//meshes/visual/link1.dae
[0.737s] -- Up-to-date: /home/bibek/Summer_Research/multipanda_ros2/install/franka_description/share/franka_description//meshes/visual/link4.dae
[0.737s] -- Up-to-date: /home/bibek/Summer_Research/multipanda_ros2/install/franka_description/share/franka_description//meshes/visual/link6.dae
[0.737s] -- Up-to-date: /home/bibek/Summer_Research/multipanda_ros2/install/franka_description/share/franka_description//rviz
[0.737s] -- Up-to-date: /home/bibek/Summer_Research/multipanda_ros2/install/franka_description/share/franka_description//rviz/visualize_franka.rviz
[0.737s] -- Up-to-date: /home/bibek/Summer_Research/multipanda_ros2/install/franka_description/share/franka_description//rviz/visualize_dual_franka.rviz
[0.737s] -- Up-to-date: /home/bibek/Summer_Research/multipanda_ros2/install/franka_description/share/franka_description//mujoco
[0.737s] -- Up-to-date: /home/bibek/Summer_Research/multipanda_ros2/install/franka_description/share/franka_description//mujoco/franka
[0.737s] -- Up-to-date: /home/bibek/Summer_Research/multipanda_ros2/install/franka_description/share/franka_description//mujoco/franka/scene_ng.xml
[0.737s] -- Up-to-date: /home/bibek/Summer_Research/multipanda_ros2/install/franka_description/share/franka_description//mujoco/franka/mj_dual_ng.xml
[0.738s] -- Up-to-date: /home/bibek/Summer_Research/multipanda_ros2/install/franka_description/share/franka_description//mujoco/franka/panda.xml
[0.738s] -- Up-to-date: /home/bibek/Summer_Research/multipanda_ros2/install/franka_description/share/franka_description//mujoco/franka/dual_scene.xml
[0.738s] -- Up-to-date: /home/bibek/Summer_Research/multipanda_ros2/install/franka_description/share/franka_description//mujoco/franka/mj_dual.xml
[0.738s] -- Up-to-date: /home/bibek/Summer_Research/multipanda_ros2/install/franka_description/share/franka_description//mujoco/franka/objects.xml
[0.738s] -- Up-to-date: /home/bibek/Summer_Research/multipanda_ros2/install/franka_description/share/franka_description//mujoco/franka/assets
[0.738s] -- Up-to-date: /home/bibek/Summer_Research/multipanda_ros2/install/franka_description/share/franka_description//mujoco/franka/assets/link6_6.obj
[0.738s] -- Up-to-date: /home/bibek/Summer_Research/multipanda_ros2/install/franka_description/share/franka_description//mujoco/franka/assets/hand_2.obj
[0.738s] -- Up-to-date: /home/bibek/Summer_Research/multipanda_ros2/install/franka_description/share/franka_description//mujoco/franka/assets/link4_2.obj
[0.738s] -- Up-to-date: /home/bibek/Summer_Research/multipanda_ros2/install/franka_description/share/franka_description//mujoco/franka/assets/link6_10.obj
[0.738s] -- Up-to-date: /home/bibek/Summer_Research/multipanda_ros2/install/franka_description/share/franka_description//mujoco/franka/assets/hand_3.obj
[0.738s] -- Up-to-date: /home/bibek/Summer_Research/multipanda_ros2/install/franka_description/share/franka_description//mujoco/franka/assets/link0.stl
[0.738s] -- Up-to-date: /home/bibek/Summer_Research/multipanda_ros2/install/franka_description/share/franka_description//mujoco/franka/assets/link7_1.obj
[0.739s] -- Up-to-date: /home/bibek/Summer_Research/multipanda_ros2/install/franka_description/share/franka_description//mujoco/franka/assets/link7_6.obj
[0.739s] -- Up-to-date: /home/bibek/Summer_Research/multipanda_ros2/install/franka_description/share/franka_description//mujoco/franka/assets/link6_11.obj
[0.739s] -- Up-to-date: /home/bibek/Summer_Research/multipanda_ros2/install/franka_description/share/franka_description//mujoco/franka/assets/link5_collision_0.obj
[0.739s] -- Up-to-date: /home/bibek/Summer_Research/multipanda_ros2/install/franka_description/share/franka_description//mujoco/franka/assets/link6_12.obj
[0.739s] -- Up-to-date: /home/bibek/Summer_Research/multipanda_ros2/install/franka_description/share/franka_description//mujoco/franka/assets/link0_2.obj
[0.739s] -- Up-to-date: /home/bibek/Summer_Research/multipanda_ros2/install/franka_description/share/franka_description//mujoco/franka/assets/link7_2.obj
[0.739s] -- Up-to-date: /home/bibek/Summer_Research/multipanda_ros2/install/franka_description/share/franka_description//mujoco/franka/assets/link4.stl
[0.739s] -- Up-to-date: /home/bibek/Summer_Research/multipanda_ros2/install/franka_description/share/franka_description//mujoco/franka/assets/link0_5.obj
[0.739s] -- Up-to-date: /home/bibek/Summer_Research/multipanda_ros2/install/franka_description/share/franka_description//mujoco/franka/assets/finger_0.obj
[0.739s] -- Up-to-date: /home/bibek/Summer_Research/multipanda_ros2/install/franka_description/share/franka_description//mujoco/franka/assets/link1.obj
[0.743s] -- Up-to-date: /home/bibek/Summer_Research/multipanda_ros2/install/franka_description/share/franka_description//mujoco/franka/assets/link4_1.obj
[0.745s] -- Up-to-date: /home/bibek/Summer_Research/multipanda_ros2/install/franka_description/share/franka_description//mujoco/franka/assets/link0_0.obj
[0.745s] -- Up-to-date: /home/bibek/Summer_Research/multipanda_ros2/install/franka_description/share/franka_description//mujoco/franka/assets/link7_7.obj
[0.745s] -- Up-to-date: /home/bibek/Summer_Research/multipanda_ros2/install/franka_description/share/franka_description//mujoco/franka/assets/link2.obj
[0.745s] -- Up-to-date: /home/bibek/Summer_Research/multipanda_ros2/install/franka_description/share/franka_description//mujoco/franka/assets/hand_1.obj
[0.745s] -- Up-to-date: /home/bibek/Summer_Research/multipanda_ros2/install/franka_description/share/franka_description//mujoco/franka/assets/link6_4.obj
[0.746s] -- Up-to-date: /home/bibek/Summer_Research/multipanda_ros2/install/franka_description/share/franka_description//mujoco/franka/assets/link3.stl
[0.746s] -- Up-to-date: /home/bibek/Summer_Research/multipanda_ros2/install/franka_description/share/franka_description//mujoco/franka/assets/link0_11.obj
[0.746s] -- Up-to-date: /home/bibek/Summer_Research/multipanda_ros2/install/franka_description/share/franka_description//mujoco/franka/assets/hand_0.obj
[0.746s] -- Up-to-date: /home/bibek/Summer_Research/multipanda_ros2/install/franka_description/share/franka_description//mujoco/franka/assets/finger_1.obj
[0.746s] -- Up-to-date: /home/bibek/Summer_Research/multipanda_ros2/install/franka_description/share/franka_description//mujoco/franka/assets/link6_1.obj
[0.746s] -- Up-to-date: /home/bibek/Summer_Research/multipanda_ros2/install/franka_description/share/franka_description//mujoco/franka/assets/link7_5.obj
[0.746s] -- Up-to-date: /home/bibek/Summer_Research/multipanda_ros2/install/franka_description/share/franka_description//mujoco/franka/assets/link3_3.obj
[0.746s] -- Up-to-date: /home/bibek/Summer_Research/multipanda_ros2/install/franka_description/share/franka_description//mujoco/franka/assets/hand_4.obj
[0.746s] -- Up-to-date: /home/bibek/Summer_Research/multipanda_ros2/install/franka_description/share/franka_description//mujoco/franka/assets/link6_2.obj
[0.746s] -- Up-to-date: /home/bibek/Summer_Research/multipanda_ros2/install/franka_description/share/franka_description//mujoco/franka/assets/link6_7.obj
[0.746s] -- Up-to-date: /home/bibek/Summer_Research/multipanda_ros2/install/franka_description/share/franka_description//mujoco/franka/assets/link0_10.obj
[0.747s] -- Up-to-date: /home/bibek/Summer_Research/multipanda_ros2/install/franka_description/share/franka_description//mujoco/franka/assets/link0_1.obj
[0.747s] -- Up-to-date: /home/bibek/Summer_Research/multipanda_ros2/install/franka_description/share/franka_description//mujoco/franka/assets/link6_14.obj
[0.747s] -- Up-to-date: /home/bibek/Summer_Research/multipanda_ros2/install/franka_description/share/franka_description//mujoco/franka/assets/link7_4.obj
[0.747s] -- Up-to-date: /home/bibek/Summer_Research/multipanda_ros2/install/franka_description/share/franka_description//mujoco/franka/assets/link4_3.obj
[0.747s] -- Up-to-date: /home/bibek/Summer_Research/multipanda_ros2/install/franka_description/share/franka_description//mujoco/franka/assets/link6_9.obj
[0.747s] -- Up-to-date: /home/bibek/Summer_Research/multipanda_ros2/install/franka_description/share/franka_description//mujoco/franka/assets/link0_9.obj
[0.747s] -- Up-to-date: /home/bibek/Summer_Research/multipanda_ros2/install/franka_description/share/franka_description//mujoco/franka/assets/link7.stl
[0.747s] -- Up-to-date: /home/bibek/Summer_Research/multipanda_ros2/install/franka_description/share/franka_description//mujoco/franka/assets/link6.stl
[0.747s] -- Up-to-date: /home/bibek/Summer_Research/multipanda_ros2/install/franka_description/share/franka_description//mujoco/franka/assets/link5_collision_2.obj
[0.747s] -- Up-to-date: /home/bibek/Summer_Research/multipanda_ros2/install/franka_description/share/franka_description//mujoco/franka/assets/link5_collision_1.obj
[0.747s] -- Up-to-date: /home/bibek/Summer_Research/multipanda_ros2/install/franka_description/share/franka_description//mujoco/franka/assets/link4_0.obj
[0.747s] -- Up-to-date: /home/bibek/Summer_Research/multipanda_ros2/install/franka_description/share/franka_description//mujoco/franka/assets/link6_0.obj
[0.748s] -- Up-to-date: /home/bibek/Summer_Research/multipanda_ros2/install/franka_description/share/franka_description//mujoco/franka/assets/link5_1.obj
[0.748s] -- Up-to-date: /home/bibek/Summer_Research/multipanda_ros2/install/franka_description/share/franka_description//mujoco/franka/assets/link2.stl
[0.748s] -- Up-to-date: /home/bibek/Summer_Research/multipanda_ros2/install/franka_description/share/franka_description//mujoco/franka/assets/link6_3.obj
[0.748s] -- Up-to-date: /home/bibek/Summer_Research/multipanda_ros2/install/franka_description/share/franka_description//mujoco/franka/assets/link1.stl
[0.748s] -- Up-to-date: /home/bibek/Summer_Research/multipanda_ros2/install/franka_description/share/franka_description//mujoco/franka/assets/hand.stl
[0.748s] -- Up-to-date: /home/bibek/Summer_Research/multipanda_ros2/install/franka_description/share/franka_description//mujoco/franka/assets/link5_0.obj
[0.748s] -- Up-to-date: /home/bibek/Summer_Research/multipanda_ros2/install/franka_description/share/franka_description//mujoco/franka/assets/link0_3.obj
[0.748s] -- Up-to-date: /home/bibek/Summer_Research/multipanda_ros2/install/franka_description/share/franka_description//mujoco/franka/assets/link7_0.obj
[0.751s] -- Up-to-date: /home/bibek/Summer_Research/multipanda_ros2/install/franka_description/share/franka_description//mujoco/franka/assets/link6_5.obj
[0.755s] -- Up-to-date: /home/bibek/Summer_Research/multipanda_ros2/install/franka_description/share/franka_description//mujoco/franka/assets/link6_16.obj
[0.756s] -- Up-to-date: /home/bibek/Summer_Research/multipanda_ros2/install/franka_description/share/franka_description//mujoco/franka/assets/link3_2.obj
[0.756s] -- Up-to-date: /home/bibek/Summer_Research/multipanda_ros2/install/franka_description/share/franka_description//mujoco/franka/assets/link5_2.obj
[0.756s] -- Up-to-date: /home/bibek/Summer_Research/multipanda_ros2/install/franka_description/share/franka_description//mujoco/franka/assets/link6_13.obj
[0.756s] -- Up-to-date: /home/bibek/Summer_Research/multipanda_ros2/install/franka_description/share/franka_description//mujoco/franka/assets/link0_7.obj
[0.756s] -- Up-to-date: /home/bibek/Summer_Research/multipanda_ros2/install/franka_description/share/franka_description//mujoco/franka/assets/link6_8.obj
[0.756s] -- Up-to-date: /home/bibek/Summer_Research/multipanda_ros2/install/franka_description/share/franka_description//mujoco/franka/assets/link0_4.obj
[0.756s] -- Up-to-date: /home/bibek/Summer_Research/multipanda_ros2/install/franka_description/share/franka_description//mujoco/franka/assets/link0_8.obj
[0.756s] -- Up-to-date: /home/bibek/Summer_Research/multipanda_ros2/install/franka_description/share/franka_description//mujoco/franka/assets/link7_3.obj
[0.756s] -- Up-to-date: /home/bibek/Summer_Research/multipanda_ros2/install/franka_description/share/franka_description//mujoco/franka/assets/link6_15.obj
[0.756s] -- Up-to-date: /home/bibek/Summer_Research/multipanda_ros2/install/franka_description/share/franka_description//mujoco/franka/assets/link3_0.obj
[0.756s] -- Up-to-date: /home/bibek/Summer_Research/multipanda_ros2/install/franka_description/share/franka_description//mujoco/franka/assets/link3_1.obj
[0.756s] -- Up-to-date: /home/bibek/Summer_Research/multipanda_ros2/install/franka_description/share/franka_description//mujoco/franka/panda_ng.xml
[0.757s] -- Up-to-date: /home/bibek/Summer_Research/multipanda_ros2/install/franka_description/share/franka_description//mujoco/franka/dual_scene_ng.xml
[0.757s] -- Up-to-date: /home/bibek/Summer_Research/multipanda_ros2/install/franka_description/share/franka_description//mujoco/franka/TEMPLATE_panda.xml
[0.757s] -- Up-to-date: /home/bibek/Summer_Research/multipanda_ros2/install/franka_description/share/franka_description//mujoco/franka/scene.xml
[0.757s] -- Up-to-date: /home/bibek/Summer_Research/multipanda_ros2/install/franka_description/share/ament_index/resource_index/package_run_dependencies/franka_description
[0.757s] -- Up-to-date: /home/bibek/Summer_Research/multipanda_ros2/install/franka_description/share/ament_index/resource_index/parent_prefix_path/franka_description
[0.757s] -- Up-to-date: /home/bibek/Summer_Research/multipanda_ros2/install/franka_description/share/franka_description/environment/ament_prefix_path.sh
[0.757s] -- Up-to-date: /home/bibek/Summer_Research/multipanda_ros2/install/franka_description/share/franka_description/environment/ament_prefix_path.dsv
[0.757s] -- Up-to-date: /home/bibek/Summer_Research/multipanda_ros2/install/franka_description/share/franka_description/environment/path.sh
[0.757s] -- Up-to-date: /home/bibek/Summer_Research/multipanda_ros2/install/franka_description/share/franka_description/environment/path.dsv
[0.757s] -- Up-to-date: /home/bibek/Summer_Research/multipanda_ros2/install/franka_description/share/franka_description/local_setup.bash
[0.757s] -- Up-to-date: /home/bibek/Summer_Research/multipanda_ros2/install/franka_description/share/franka_description/local_setup.sh
[0.758s] -- Up-to-date: /home/bibek/Summer_Research/multipanda_ros2/install/franka_description/share/franka_description/local_setup.zsh
[0.758s] -- Up-to-date: /home/bibek/Summer_Research/multipanda_ros2/install/franka_description/share/franka_description/local_setup.dsv
[0.758s] -- Up-to-date: /home/bibek/Summer_Research/multipanda_ros2/install/franka_description/share/franka_description/package.dsv
[0.758s] -- Up-to-date: /home/bibek/Summer_Research/multipanda_ros2/install/franka_description/share/ament_index/resource_index/packages/franka_description
[0.758s] -- Up-to-date: /home/bibek/Summer_Research/multipanda_ros2/install/franka_description/share/franka_description/cmake/franka_descriptionConfig.cmake
[0.758s] -- Up-to-date: /home/bibek/Summer_Research/multipanda_ros2/install/franka_description/share/franka_description/cmake/franka_descriptionConfig-version.cmake
[0.758s] -- Up-to-date: /home/bibek/Summer_Research/multipanda_ros2/install/franka_description/share/franka_description/package.xml
[0.759s] Invoked command in '/home/bibek/Summer_Research/multipanda_ros2/build/franka_description' returned '0': CMAKE_PREFIX_PATH=/opt/ros/humble /usr/bin/cmake --install /home/bibek/Summer_Research/multipanda_ros2/build/franka_description
