[1.168s] Invoking command in '/home/bibek/Summer_Research/multipanda_ros2/franka_simple_publishers': PYTHONPATH=/home/bibek/Summer_Research/multipanda_ros2/build/franka_simple_publishers/prefix_override:/usr/lib/python3/dist-packages/colcon_core/task/python/colcon_distutils_commands:/home/bibek/Summer_Research/multipanda_ros2/install/franka_simple_publishers/lib/python3.10/site-packages:${PYTHONPATH} /usr/bin/python3 -W ignore:setup.py install is deprecated -W ignore:easy_install command is deprecated setup.py egg_info --egg-base ../build/franka_simple_publishers build --build-base /home/bibek/Summer_Research/multipanda_ros2/build/franka_simple_publishers/build install --record /home/bibek/Summer_Research/multipanda_ros2/build/franka_simple_publishers/install.log --single-version-externally-managed install_data
[1.537s] running egg_info
[1.537s] creating ../build/franka_simple_publishers/franka_simple_publishers.egg-info
[1.538s] writing ../build/franka_simple_publishers/franka_simple_publishers.egg-info/PKG-INFO
[1.538s] writing dependency_links to ../build/franka_simple_publishers/franka_simple_publishers.egg-info/dependency_links.txt
[1.538s] writing entry points to ../build/franka_simple_publishers/franka_simple_publishers.egg-info/entry_points.txt
[1.538s] writing requirements to ../build/franka_simple_publishers/franka_simple_publishers.egg-info/requires.txt
[1.538s] writing top-level names to ../build/franka_simple_publishers/franka_simple_publishers.egg-info/top_level.txt
[1.538s] writing manifest file '../build/franka_simple_publishers/franka_simple_publishers.egg-info/SOURCES.txt'
[1.540s] reading manifest file '../build/franka_simple_publishers/franka_simple_publishers.egg-info/SOURCES.txt'
[1.540s] adding license file 'LICENSE'
[1.541s] writing manifest file '../build/franka_simple_publishers/franka_simple_publishers.egg-info/SOURCES.txt'
[1.541s] running build
[1.541s] running build_py
[1.541s] creating /home/bibek/Summer_Research/multipanda_ros2/build/franka_simple_publishers/build
[1.541s] creating /home/bibek/Summer_Research/multipanda_ros2/build/franka_simple_publishers/build/lib
[1.542s] creating /home/bibek/Summer_Research/multipanda_ros2/build/franka_simple_publishers/build/lib/franka_simple_publishers
[1.542s] copying franka_simple_publishers/__init__.py -> /home/bibek/Summer_Research/multipanda_ros2/build/franka_simple_publishers/build/lib/franka_simple_publishers
[1.542s] copying franka_simple_publishers/joint_velocity_publisher.py -> /home/bibek/Summer_Research/multipanda_ros2/build/franka_simple_publishers/build/lib/franka_simple_publishers
[1.542s] copying franka_simple_publishers/joint_position_publisher.py -> /home/bibek/Summer_Research/multipanda_ros2/build/franka_simple_publishers/build/lib/franka_simple_publishers
[1.542s] copying franka_simple_publishers/cartesian_pose_publisher.py -> /home/bibek/Summer_Research/multipanda_ros2/build/franka_simple_publishers/build/lib/franka_simple_publishers
[1.542s] running install
[1.542s] running install_lib
[1.543s] creating /home/bibek/Summer_Research/multipanda_ros2/install/franka_simple_publishers/lib/python3.10/site-packages/franka_simple_publishers
[1.543s] copying /home/bibek/Summer_Research/multipanda_ros2/build/franka_simple_publishers/build/lib/franka_simple_publishers/__init__.py -> /home/bibek/Summer_Research/multipanda_ros2/install/franka_simple_publishers/lib/python3.10/site-packages/franka_simple_publishers
[1.543s] copying /home/bibek/Summer_Research/multipanda_ros2/build/franka_simple_publishers/build/lib/franka_simple_publishers/joint_velocity_publisher.py -> /home/bibek/Summer_Research/multipanda_ros2/install/franka_simple_publishers/lib/python3.10/site-packages/franka_simple_publishers
[1.544s] copying /home/bibek/Summer_Research/multipanda_ros2/build/franka_simple_publishers/build/lib/franka_simple_publishers/joint_position_publisher.py -> /home/bibek/Summer_Research/multipanda_ros2/install/franka_simple_publishers/lib/python3.10/site-packages/franka_simple_publishers
[1.544s] copying /home/bibek/Summer_Research/multipanda_ros2/build/franka_simple_publishers/build/lib/franka_simple_publishers/cartesian_pose_publisher.py -> /home/bibek/Summer_Research/multipanda_ros2/install/franka_simple_publishers/lib/python3.10/site-packages/franka_simple_publishers
[1.544s] byte-compiling /home/bibek/Summer_Research/multipanda_ros2/install/franka_simple_publishers/lib/python3.10/site-packages/franka_simple_publishers/__init__.py to __init__.cpython-310.pyc
[1.545s] byte-compiling /home/bibek/Summer_Research/multipanda_ros2/install/franka_simple_publishers/lib/python3.10/site-packages/franka_simple_publishers/joint_velocity_publisher.py to joint_velocity_publisher.cpython-310.pyc
[1.545s] byte-compiling /home/bibek/Summer_Research/multipanda_ros2/install/franka_simple_publishers/lib/python3.10/site-packages/franka_simple_publishers/joint_position_publisher.py to joint_position_publisher.cpython-310.pyc
[1.545s] byte-compiling /home/bibek/Summer_Research/multipanda_ros2/install/franka_simple_publishers/lib/python3.10/site-packages/franka_simple_publishers/cartesian_pose_publisher.py to cartesian_pose_publisher.cpython-310.pyc
[1.546s] running install_data
[1.546s] creating /home/bibek/Summer_Research/multipanda_ros2/install/franka_simple_publishers/share/ament_index
[1.546s] creating /home/bibek/Summer_Research/multipanda_ros2/install/franka_simple_publishers/share/ament_index/resource_index
[1.546s] creating /home/bibek/Summer_Research/multipanda_ros2/install/franka_simple_publishers/share/ament_index/resource_index/packages
[1.546s] copying resource/franka_simple_publishers -> /home/bibek/Summer_Research/multipanda_ros2/install/franka_simple_publishers/share/ament_index/resource_index/packages
[1.546s] copying package.xml -> /home/bibek/Summer_Research/multipanda_ros2/install/franka_simple_publishers/share/franka_simple_publishers
[1.546s] running install_egg_info
[1.551s] Copying ../build/franka_simple_publishers/franka_simple_publishers.egg-info to /home/bibek/Summer_Research/multipanda_ros2/install/franka_simple_publishers/lib/python3.10/site-packages/franka_simple_publishers-0.0.0-py3.10.egg-info
[1.551s] running install_scripts
[1.568s] writing list of installed files to '/home/bibek/Summer_Research/multipanda_ros2/build/franka_simple_publishers/install.log'
[1.600s] Invoked command in '/home/bibek/Summer_Research/multipanda_ros2/franka_simple_publishers' returned '0': PYTHONPATH=/home/bibek/Summer_Research/multipanda_ros2/build/franka_simple_publishers/prefix_override:/usr/lib/python3/dist-packages/colcon_core/task/python/colcon_distutils_commands:/home/bibek/Summer_Research/multipanda_ros2/install/franka_simple_publishers/lib/python3.10/site-packages:${PYTHONPATH} /usr/bin/python3 -W ignore:setup.py install is deprecated -W ignore:easy_install command is deprecated setup.py egg_info --egg-base ../build/franka_simple_publishers build --build-base /home/bibek/Summer_Research/multipanda_ros2/build/franka_simple_publishers/build install --record /home/bibek/Summer_Research/multipanda_ros2/build/franka_simple_publishers/install.log --single-version-externally-managed install_data
