-- Install configuration: "Release"
-- Up-to-date: /home/bibek/Summer_Research/multipanda_ros2/install/garmi_moveit_config/share/garmi_moveit_config/config
-- Up-to-date: /home/bibek/Summer_Research/multipanda_ros2/install/garmi_moveit_config/share/garmi_moveit_config/config/ompl_planning.yaml
-- Up-to-date: /home/bibek/Summer_Research/multipanda_ros2/install/garmi_moveit_config/share/garmi_moveit_config/config/sim_garmi_controllers.yaml
-- Up-to-date: /home/bibek/Summer_Research/multipanda_ros2/install/garmi_moveit_config/share/garmi_moveit_config/config/sim_garmi_ros_controllers.yaml
-- Up-to-date: /home/bibek/Summer_Research/multipanda_ros2/install/garmi_moveit_config/share/garmi_moveit_config/config/kinematics.yaml
-- Up-to-date: /home/bibek/Summer_Research/multipanda_ros2/install/garmi_moveit_config/share/garmi_moveit_config/launch
-- Up-to-date: /home/bibek/Summer_Research/multipanda_ros2/install/garmi_moveit_config/share/garmi_moveit_config/launch/sim_garmi_moveit.launch.py
-- Up-to-date: /home/bibek/Summer_Research/multipanda_ros2/install/garmi_moveit_config/share/garmi_moveit_config/srdf
-- Up-to-date: /home/bibek/Summer_Research/multipanda_ros2/install/garmi_moveit_config/share/garmi_moveit_config/srdf/garmi_arm.xacro
-- Up-to-date: /home/bibek/Summer_Research/multipanda_ros2/install/garmi_moveit_config/share/garmi_moveit_config/srdf/garmi_arm_hand.xacro
-- Up-to-date: /home/bibek/Summer_Research/multipanda_ros2/install/garmi_moveit_config/share/garmi_moveit_config/srdf/garmi.srdf.xacro
-- Up-to-date: /home/bibek/Summer_Research/multipanda_ros2/install/garmi_moveit_config/share/garmi_moveit_config/srdf/garmi_group_definition.xacro
-- Up-to-date: /home/bibek/Summer_Research/multipanda_ros2/install/garmi_moveit_config/share/garmi_moveit_config/srdf/garmi_hand.xacro
-- Up-to-date: /home/bibek/Summer_Research/multipanda_ros2/install/garmi_moveit_config/share/garmi_moveit_config/srdf/base.xacro
-- Up-to-date: /home/bibek/Summer_Research/multipanda_ros2/install/garmi_moveit_config/share/garmi_moveit_config/srdf/head.xacro
-- Up-to-date: /home/bibek/Summer_Research/multipanda_ros2/install/garmi_moveit_config/share/garmi_moveit_config/rviz
-- Up-to-date: /home/bibek/Summer_Research/multipanda_ros2/install/garmi_moveit_config/share/garmi_moveit_config/rviz/garmi_moveit.rviz
-- Up-to-date: /home/bibek/Summer_Research/multipanda_ros2/install/garmi_moveit_config/share/ament_index/resource_index/package_run_dependencies/garmi_moveit_config
-- Up-to-date: /home/bibek/Summer_Research/multipanda_ros2/install/garmi_moveit_config/share/ament_index/resource_index/parent_prefix_path/garmi_moveit_config
-- Up-to-date: /home/bibek/Summer_Research/multipanda_ros2/install/garmi_moveit_config/share/garmi_moveit_config/environment/ament_prefix_path.sh
-- Up-to-date: /home/bibek/Summer_Research/multipanda_ros2/install/garmi_moveit_config/share/garmi_moveit_config/environment/ament_prefix_path.dsv
-- Up-to-date: /home/bibek/Summer_Research/multipanda_ros2/install/garmi_moveit_config/share/garmi_moveit_config/environment/path.sh
-- Up-to-date: /home/bibek/Summer_Research/multipanda_ros2/install/garmi_moveit_config/share/garmi_moveit_config/environment/path.dsv
-- Up-to-date: /home/bibek/Summer_Research/multipanda_ros2/install/garmi_moveit_config/share/garmi_moveit_config/local_setup.bash
-- Up-to-date: /home/bibek/Summer_Research/multipanda_ros2/install/garmi_moveit_config/share/garmi_moveit_config/local_setup.sh
-- Up-to-date: /home/bibek/Summer_Research/multipanda_ros2/install/garmi_moveit_config/share/garmi_moveit_config/local_setup.zsh
-- Up-to-date: /home/bibek/Summer_Research/multipanda_ros2/install/garmi_moveit_config/share/garmi_moveit_config/local_setup.dsv
-- Up-to-date: /home/bibek/Summer_Research/multipanda_ros2/install/garmi_moveit_config/share/garmi_moveit_config/package.dsv
-- Up-to-date: /home/bibek/Summer_Research/multipanda_ros2/install/garmi_moveit_config/share/ament_index/resource_index/packages/garmi_moveit_config
-- Up-to-date: /home/bibek/Summer_Research/multipanda_ros2/install/garmi_moveit_config/share/garmi_moveit_config/cmake/garmi_moveit_configConfig.cmake
-- Up-to-date: /home/bibek/Summer_Research/multipanda_ros2/install/garmi_moveit_config/share/garmi_moveit_config/cmake/garmi_moveit_configConfig-version.cmake
-- Up-to-date: /home/bibek/Summer_Research/multipanda_ros2/install/garmi_moveit_config/share/garmi_moveit_config/package.xml
