[0.017s] Invoking command in '/home/bibek/Summer_Research/multipanda_ros2/build/franka_gripper': AMENT_PREFIX_PATH=/home/bibek/Summer_Research/multipanda_ros2/install/franka_msgs:${AMENT_PREFIX_PATH} CMAKE_PREFIX_PATH=/home/bibek/Summer_Research/multipanda_ros2/install/franka_msgs:/opt/ros/humble LD_LIBRARY_PATH=/home/bibek/Summer_Research/multipanda_ros2/install/franka_msgs/lib:${LD_LIBRARY_PATH} PYTHONPATH=/home/bibek/Summer_Research/multipanda_ros2/install/franka_msgs/local/lib/python3.10/dist-packages:${PYTHONPATH} /usr/bin/cmake /home/bibek/Summer_Research/multipanda_ros2/franka_gripper -DCMAKE_BUILD_TYPE=Release -DCMAKE_INSTALL_PREFIX=/home/bibek/Summer_Research/multipanda_ros2/install/franka_gripper
[0.061s] -- The C compiler identification is GNU 11.4.0
[0.111s] -- The CXX compiler identification is GNU 11.4.0
[0.116s] -- Detecting C compiler ABI info
[0.169s] -- Detecting C compiler ABI info - done
[0.178s] -- Check for working C compiler: /usr/bin/cc - skipped
[0.179s] -- Detecting C compile features
[0.179s] -- Detecting C compile features - done
[0.183s] -- Detecting CXX compiler ABI info
[0.252s] -- Detecting CXX compiler ABI info - done
[0.259s] -- Check for working CXX compiler: /usr/bin/c++ - skipped
[0.259s] -- Detecting CXX compile features
[0.260s] -- Detecting CXX compile features - done
[0.261s] -- Found ament_cmake: 1.3.11 (/opt/ros/humble/share/ament_cmake/cmake)
[0.439s] -- Found Python3: /usr/bin/python3 (found version "3.10.12") found components: Interpreter 
[0.514s] -- Found franka_msgs: 0.0.0 (/home/bibek/Summer_Research/multipanda_ros2/install/franka_msgs/share/franka_msgs/cmake)
[0.540s] -- Found rosidl_generator_c: 3.1.6 (/opt/ros/humble/share/rosidl_generator_c/cmake)
[0.543s] -- Found rosidl_adapter: 3.1.6 (/opt/ros/humble/share/rosidl_adapter/cmake)
[0.549s] -- Found rosidl_generator_cpp: 3.1.6 (/opt/ros/humble/share/rosidl_generator_cpp/cmake)
[0.557s] -- Using all available rosidl_typesupport_c: rosidl_typesupport_fastrtps_c;rosidl_typesupport_introspection_c
[0.568s] -- Using all available rosidl_typesupport_cpp: rosidl_typesupport_fastrtps_cpp;rosidl_typesupport_introspection_cpp
[0.636s] -- Found rclcpp: 16.0.12 (/opt/ros/humble/share/rclcpp/cmake)
[0.662s] -- Found rmw_implementation_cmake: 6.1.2 (/opt/ros/humble/share/rmw_implementation_cmake/cmake)
[0.664s] -- Found rmw_fastrtps_cpp: 6.2.7 (/opt/ros/humble/share/rmw_fastrtps_cpp/cmake)
[0.738s] -- Found OpenSSL: /usr/lib/x86_64-linux-gnu/libcrypto.so (found version "3.0.2")  
[0.762s] -- Found FastRTPS: /opt/ros/humble/include  
[0.794s] -- Using RMW implementation 'rmw_fastrtps_cpp' as default
[0.803s] -- Looking for pthread.h
[0.868s] -- Looking for pthread.h - found
[0.868s] -- Performing Test CMAKE_HAVE_LIBC_PTHREAD
[0.932s] -- Performing Test CMAKE_HAVE_LIBC_PTHREAD - Success
[0.933s] -- Found Threads: TRUE  
[0.972s] -- Found rclcpp_action: 16.0.12 (/opt/ros/humble/share/rclcpp_action/cmake)
[0.980s] -- Found rclcpp_components: 16.0.12 (/opt/ros/humble/share/rclcpp_components/cmake)
[1.001s] -- Found std_srvs: 4.9.0 (/opt/ros/humble/share/std_srvs/cmake)
[1.013s] -- Found sensor_msgs: 4.9.0 (/opt/ros/humble/share/sensor_msgs/cmake)
[1.026s] -- Found control_msgs: 4.8.0 (/opt/ros/humble/share/control_msgs/cmake)
[1.072s] [31mCMake Error at CMakeLists.txt:22 (find_package):
[1.072s]   By not providing "FindFranka.cmake" in CMAKE_MODULE_PATH this project has
[1.072s]   asked CMake to find a package configuration file provided by "Franka", but
[1.072s]   CMake did not find one.
[1.072s] 
[1.073s]   Could not find a package configuration file provided by "Franka" with any
[1.073s]   of the following names:
[1.073s] 
[1.073s]     FrankaConfig.cmake
[1.073s]     franka-config.cmake
[1.073s] 
[1.073s]   Add the installation prefix of "Franka" to CMAKE_PREFIX_PATH or set
[1.073s]   "Franka_DIR" to a directory containing one of the above files.  If "Franka"
[1.073s]   provides a separate development package or SDK, be sure it has been
[1.073s]   installed.
[1.073s] 
[1.073s] [0m
[1.073s] -- Configuring incomplete, errors occurred!
[1.073s] See also "/home/bibek/Summer_Research/multipanda_ros2/build/franka_gripper/CMakeFiles/CMakeOutput.log".
