[35m[1mConsolidate compiler generated dependencies of target panda_motion_generator_msgs__rosidl_generator_c[0m
[  1%] Built target panda_motion_generator_msgs__cpp
[ 12%] Built target panda_motion_generator_msgs__rosidl_generator_c
[ 12%] Built target ament_cmake_python_copy_panda_motion_generator_msgs
[ 14%] [32mBuilding CXX object CMakeFiles/panda_motion_generator_msgs__rosidl_typesupport_cpp.dir/rosidl_typesupport_cpp/panda_motion_generator_msgs/msg/joint_pose__type_support.cpp.o[0m
[ 15%] [32mBuilding CXX object CMakeFiles/panda_motion_generator_msgs__rosidl_typesupport_cpp.dir/rosidl_typesupport_cpp/panda_motion_generator_msgs/msg/set_time_scaling__type_support.cpp.o[0m
[ 17%] [32mBuilding CXX object CMakeFiles/panda_motion_generator_msgs__rosidl_typesupport_introspection_cpp.dir/rosidl_typesupport_introspection_cpp/panda_motion_generator_msgs/msg/detail/joint_pose__type_support.cpp.o[0m
[ 19%] [32mBuilding CXX object CMakeFiles/panda_motion_generator_msgs__rosidl_typesupport_cpp.dir/rosidl_typesupport_cpp/panda_motion_generator_msgs/action/cartesian_via_motion__type_support.cpp.o[0m
[ 20%] [32mBuilding CXX object CMakeFiles/panda_motion_generator_msgs__rosidl_typesupport_introspection_cpp.dir/rosidl_typesupport_introspection_cpp/panda_motion_generator_msgs/msg/detail/set_time_scaling__type_support.cpp.o[0m
[ 22%] [32mBuilding CXX object CMakeFiles/panda_motion_generator_msgs__rosidl_typesupport_fastrtps_cpp.dir/rosidl_typesupport_fastrtps_cpp/panda_motion_generator_msgs/msg/detail/dds_fastrtps/joint_pose__type_support.cpp.o[0m
[ 23%] [32mBuilding CXX object CMakeFiles/panda_motion_generator_msgs__rosidl_typesupport_cpp.dir/rosidl_typesupport_cpp/panda_motion_generator_msgs/action/joint_via_motion__type_support.cpp.o[0m
[ 25%] [32mBuilding CXX object CMakeFiles/panda_motion_generator_msgs__rosidl_typesupport_cpp.dir/rosidl_typesupport_cpp/panda_motion_generator_msgs/msg/simple_action_result__type_support.cpp.o[0m
[ 26%] [32mBuilding CXX object CMakeFiles/panda_motion_generator_msgs__rosidl_typesupport_introspection_cpp.dir/rosidl_typesupport_introspection_cpp/panda_motion_generator_msgs/action/detail/cartesian_via_motion__type_support.cpp.o[0m
[ 28%] [32mBuilding CXX object CMakeFiles/panda_motion_generator_msgs__rosidl_typesupport_introspection_cpp.dir/rosidl_typesupport_introspection_cpp/panda_motion_generator_msgs/action/detail/joint_via_motion__type_support.cpp.o[0m
[ 30%] [32mBuilding CXX object CMakeFiles/panda_motion_generator_msgs__rosidl_typesupport_fastrtps_cpp.dir/rosidl_typesupport_fastrtps_cpp/panda_motion_generator_msgs/msg/detail/dds_fastrtps/set_time_scaling__type_support.cpp.o[0m
[ 31%] [32mBuilding CXX object CMakeFiles/panda_motion_generator_msgs__rosidl_typesupport_introspection_cpp.dir/rosidl_typesupport_introspection_cpp/panda_motion_generator_msgs/msg/detail/simple_action_result__type_support.cpp.o[0m
[ 33%] [34m[1mGenerating C introspection for ROS interfaces[0m
[ 34%] [34m[1mGenerating C type support dispatch for ROS interfaces[0m
[ 36%] [34m[1mGenerating C type support for eProsima Fast-RTPS[0m
running egg_info
writing panda_motion_generator_msgs.egg-info/PKG-INFO
writing dependency_links to panda_motion_generator_msgs.egg-info/dependency_links.txt
writing top-level names to panda_motion_generator_msgs.egg-info/top_level.txt
reading manifest file 'panda_motion_generator_msgs.egg-info/SOURCES.txt'
writing manifest file 'panda_motion_generator_msgs.egg-info/SOURCES.txt'
[ 36%] Built target ament_cmake_python_build_panda_motion_generator_msgs_egg
[ 38%] [32mBuilding CXX object CMakeFiles/panda_motion_generator_msgs__rosidl_typesupport_fastrtps_cpp.dir/rosidl_typesupport_fastrtps_cpp/panda_motion_generator_msgs/msg/detail/dds_fastrtps/simple_action_result__type_support.cpp.o[0m
[ 39%] [32mBuilding CXX object CMakeFiles/panda_motion_generator_msgs__rosidl_typesupport_fastrtps_cpp.dir/rosidl_typesupport_fastrtps_cpp/panda_motion_generator_msgs/action/detail/dds_fastrtps/joint_via_motion__type_support.cpp.o[0m
[ 41%] [32mBuilding CXX object CMakeFiles/panda_motion_generator_msgs__rosidl_typesupport_fastrtps_cpp.dir/rosidl_typesupport_fastrtps_cpp/panda_motion_generator_msgs/action/detail/dds_fastrtps/cartesian_via_motion__type_support.cpp.o[0m
[ 42%] [32m[1mLinking CXX shared library libpanda_motion_generator_msgs__rosidl_typesupport_cpp.so[0m
[ 44%] Built target panda_motion_generator_msgs__rosidl_typesupport_cpp
[ 46%] [32mBuilding CXX object CMakeFiles/panda_motion_generator_msgs__rosidl_typesupport_c.dir/rosidl_typesupport_c/panda_motion_generator_msgs/msg/simple_action_result__type_support.cpp.o[0m
[ 47%] [32mBuilding CXX object CMakeFiles/panda_motion_generator_msgs__rosidl_typesupport_c.dir/rosidl_typesupport_c/panda_motion_generator_msgs/msg/joint_pose__type_support.cpp.o[0m
[ 49%] [32mBuilding CXX object CMakeFiles/panda_motion_generator_msgs__rosidl_typesupport_c.dir/rosidl_typesupport_c/panda_motion_generator_msgs/msg/set_time_scaling__type_support.cpp.o[0m
[ 50%] [32mBuilding CXX object CMakeFiles/panda_motion_generator_msgs__rosidl_typesupport_c.dir/rosidl_typesupport_c/panda_motion_generator_msgs/action/cartesian_via_motion__type_support.cpp.o[0m
[ 52%] [32mBuilding CXX object CMakeFiles/panda_motion_generator_msgs__rosidl_typesupport_c.dir/rosidl_typesupport_c/panda_motion_generator_msgs/action/joint_via_motion__type_support.cpp.o[0m
[ 53%] [32mBuilding C object CMakeFiles/panda_motion_generator_msgs__rosidl_typesupport_introspection_c.dir/rosidl_typesupport_introspection_c/panda_motion_generator_msgs/action/detail/cartesian_via_motion__type_support.c.o[0m
[ 55%] [32mBuilding C object CMakeFiles/panda_motion_generator_msgs__rosidl_typesupport_introspection_c.dir/rosidl_typesupport_introspection_c/panda_motion_generator_msgs/msg/detail/set_time_scaling__type_support.c.o[0m
[ 57%] [32mBuilding C object CMakeFiles/panda_motion_generator_msgs__rosidl_typesupport_introspection_c.dir/rosidl_typesupport_introspection_c/panda_motion_generator_msgs/msg/detail/joint_pose__type_support.c.o[0m
[ 58%] [32mBuilding C object CMakeFiles/panda_motion_generator_msgs__rosidl_typesupport_introspection_c.dir/rosidl_typesupport_introspection_c/panda_motion_generator_msgs/msg/detail/simple_action_result__type_support.c.o[0m
[ 60%] [32mBuilding C object CMakeFiles/panda_motion_generator_msgs__rosidl_typesupport_introspection_c.dir/rosidl_typesupport_introspection_c/panda_motion_generator_msgs/action/detail/joint_via_motion__type_support.c.o[0m
[ 61%] [32m[1mLinking CXX shared library libpanda_motion_generator_msgs__rosidl_typesupport_c.so[0m
[ 63%] [32mBuilding CXX object CMakeFiles/panda_motion_generator_msgs__rosidl_typesupport_fastrtps_c.dir/rosidl_typesupport_fastrtps_c/panda_motion_generator_msgs/msg/detail/joint_pose__type_support_c.cpp.o[0m
[ 65%] [32mBuilding CXX object CMakeFiles/panda_motion_generator_msgs__rosidl_typesupport_fastrtps_c.dir/rosidl_typesupport_fastrtps_c/panda_motion_generator_msgs/msg/detail/set_time_scaling__type_support_c.cpp.o[0m
[ 66%] [32mBuilding CXX object CMakeFiles/panda_motion_generator_msgs__rosidl_typesupport_fastrtps_c.dir/rosidl_typesupport_fastrtps_c/panda_motion_generator_msgs/msg/detail/simple_action_result__type_support_c.cpp.o[0m
[ 68%] [32mBuilding CXX object CMakeFiles/panda_motion_generator_msgs__rosidl_typesupport_fastrtps_c.dir/rosidl_typesupport_fastrtps_c/panda_motion_generator_msgs/action/detail/joint_via_motion__type_support_c.cpp.o[0m
[ 69%] [32m[1mLinking CXX shared library libpanda_motion_generator_msgs__rosidl_typesupport_introspection_cpp.so[0m
[ 71%] [32mBuilding CXX object CMakeFiles/panda_motion_generator_msgs__rosidl_typesupport_fastrtps_c.dir/rosidl_typesupport_fastrtps_c/panda_motion_generator_msgs/action/detail/cartesian_via_motion__type_support_c.cpp.o[0m
[ 71%] Built target panda_motion_generator_msgs__rosidl_typesupport_c
[ 73%] [32m[1mLinking C shared library libpanda_motion_generator_msgs__rosidl_typesupport_introspection_c.so[0m
[ 73%] Built target panda_motion_generator_msgs__rosidl_typesupport_introspection_c
[ 74%] Built target panda_motion_generator_msgs__rosidl_typesupport_introspection_cpp
[ 76%] [32m[1mLinking CXX shared library libpanda_motion_generator_msgs__rosidl_typesupport_fastrtps_cpp.so[0m
[ 77%] Built target panda_motion_generator_msgs__rosidl_typesupport_fastrtps_cpp
[ 79%] [32m[1mLinking CXX shared library libpanda_motion_generator_msgs__rosidl_typesupport_fastrtps_c.so[0m
[ 79%] Built target panda_motion_generator_msgs__rosidl_typesupport_fastrtps_c
[ 79%] Built target panda_motion_generator_msgs
[ 80%] [34m[1mGenerating Python code for ROS interfaces[0m
[ 80%] Built target panda_motion_generator_msgs__py
[ 84%] [32mBuilding C object CMakeFiles/panda_motion_generator_msgs__rosidl_generator_py.dir/rosidl_generator_py/panda_motion_generator_msgs/action/_cartesian_via_motion_s.c.o[0m
[ 84%] [32mBuilding C object CMakeFiles/panda_motion_generator_msgs__rosidl_generator_py.dir/rosidl_generator_py/panda_motion_generator_msgs/msg/_simple_action_result_s.c.o[0m
[ 85%] [32mBuilding C object CMakeFiles/panda_motion_generator_msgs__rosidl_generator_py.dir/rosidl_generator_py/panda_motion_generator_msgs/action/_joint_via_motion_s.c.o[0m
[ 88%] [32mBuilding C object CMakeFiles/panda_motion_generator_msgs__rosidl_generator_py.dir/rosidl_generator_py/panda_motion_generator_msgs/msg/_joint_pose_s.c.o[0m
[ 88%] [32mBuilding C object CMakeFiles/panda_motion_generator_msgs__rosidl_generator_py.dir/rosidl_generator_py/panda_motion_generator_msgs/msg/_set_time_scaling_s.c.o[0m
[ 90%] [32m[1mLinking C shared library rosidl_generator_py/panda_motion_generator_msgs/libpanda_motion_generator_msgs__rosidl_generator_py.so[0m
[ 90%] Built target panda_motion_generator_msgs__rosidl_generator_py
[ 92%] [32mBuilding C object CMakeFiles/panda_motion_generator_msgs__rosidl_typesupport_fastrtps_c__pyext.dir/rosidl_generator_py/panda_motion_generator_msgs/_panda_motion_generator_msgs_s.ep.rosidl_typesupport_fastrtps_c.c.o[0m
[ 95%] [32mBuilding C object CMakeFiles/panda_motion_generator_msgs__rosidl_typesupport_c__pyext.dir/rosidl_generator_py/panda_motion_generator_msgs/_panda_motion_generator_msgs_s.ep.rosidl_typesupport_c.c.o[0m
[ 95%] [32mBuilding C object CMakeFiles/panda_motion_generator_msgs__rosidl_typesupport_introspection_c__pyext.dir/rosidl_generator_py/panda_motion_generator_msgs/_panda_motion_generator_msgs_s.ep.rosidl_typesupport_introspection_c.c.o[0m
[ 96%] [32m[1mLinking C shared library rosidl_generator_py/panda_motion_generator_msgs/panda_motion_generator_msgs_s__rosidl_typesupport_introspection_c.cpython-310-x86_64-linux-gnu.so[0m
[ 96%] Built target panda_motion_generator_msgs__rosidl_typesupport_introspection_c__pyext
[ 98%] [32m[1mLinking C shared library rosidl_generator_py/panda_motion_generator_msgs/panda_motion_generator_msgs_s__rosidl_typesupport_c.cpython-310-x86_64-linux-gnu.so[0m
[100%] [32m[1mLinking C shared library rosidl_generator_py/panda_motion_generator_msgs/panda_motion_generator_msgs_s__rosidl_typesupport_fastrtps_c.cpython-310-x86_64-linux-gnu.so[0m
[100%] Built target panda_motion_generator_msgs__rosidl_typesupport_c__pyext
[100%] Built target panda_motion_generator_msgs__rosidl_typesupport_fastrtps_c__pyext
-- Install configuration: "Release"
-- Installing: /home/bibek/Summer_Research/multipanda_ros2/install/panda_motion_generator_msgs/share/ament_index/resource_index/rosidl_interfaces/panda_motion_generator_msgs
-- Installing: /home/bibek/Summer_Research/multipanda_ros2/install/panda_motion_generator_msgs/include/panda_motion_generator_msgs/panda_motion_generator_msgs
-- Installing: /home/bibek/Summer_Research/multipanda_ros2/install/panda_motion_generator_msgs/include/panda_motion_generator_msgs/panda_motion_generator_msgs/action
-- Installing: /home/bibek/Summer_Research/multipanda_ros2/install/panda_motion_generator_msgs/include/panda_motion_generator_msgs/panda_motion_generator_msgs/action/cartesian_via_motion.h
-- Installing: /home/bibek/Summer_Research/multipanda_ros2/install/panda_motion_generator_msgs/include/panda_motion_generator_msgs/panda_motion_generator_msgs/action/detail
-- Installing: /home/bibek/Summer_Research/multipanda_ros2/install/panda_motion_generator_msgs/include/panda_motion_generator_msgs/panda_motion_generator_msgs/action/detail/cartesian_via_motion__functions.c
-- Installing: /home/bibek/Summer_Research/multipanda_ros2/install/panda_motion_generator_msgs/include/panda_motion_generator_msgs/panda_motion_generator_msgs/action/detail/cartesian_via_motion__type_support.h
-- Installing: /home/bibek/Summer_Research/multipanda_ros2/install/panda_motion_generator_msgs/include/panda_motion_generator_msgs/panda_motion_generator_msgs/action/detail/cartesian_via_motion__struct.h
-- Installing: /home/bibek/Summer_Research/multipanda_ros2/install/panda_motion_generator_msgs/include/panda_motion_generator_msgs/panda_motion_generator_msgs/action/detail/cartesian_via_motion__functions.h
-- Installing: /home/bibek/Summer_Research/multipanda_ros2/install/panda_motion_generator_msgs/include/panda_motion_generator_msgs/panda_motion_generator_msgs/action/detail/joint_via_motion__struct.h
-- Installing: /home/bibek/Summer_Research/multipanda_ros2/install/panda_motion_generator_msgs/include/panda_motion_generator_msgs/panda_motion_generator_msgs/action/detail/joint_via_motion__type_support.h
-- Installing: /home/bibek/Summer_Research/multipanda_ros2/install/panda_motion_generator_msgs/include/panda_motion_generator_msgs/panda_motion_generator_msgs/action/detail/joint_via_motion__functions.c
-- Installing: /home/bibek/Summer_Research/multipanda_ros2/install/panda_motion_generator_msgs/include/panda_motion_generator_msgs/panda_motion_generator_msgs/action/detail/joint_via_motion__functions.h
-- Installing: /home/bibek/Summer_Research/multipanda_ros2/install/panda_motion_generator_msgs/include/panda_motion_generator_msgs/panda_motion_generator_msgs/action/joint_via_motion.h
-- Installing: /home/bibek/Summer_Research/multipanda_ros2/install/panda_motion_generator_msgs/include/panda_motion_generator_msgs/panda_motion_generator_msgs/msg
-- Installing: /home/bibek/Summer_Research/multipanda_ros2/install/panda_motion_generator_msgs/include/panda_motion_generator_msgs/panda_motion_generator_msgs/msg/set_time_scaling.h
-- Installing: /home/bibek/Summer_Research/multipanda_ros2/install/panda_motion_generator_msgs/include/panda_motion_generator_msgs/panda_motion_generator_msgs/msg/detail
-- Installing: /home/bibek/Summer_Research/multipanda_ros2/install/panda_motion_generator_msgs/include/panda_motion_generator_msgs/panda_motion_generator_msgs/msg/detail/set_time_scaling__functions.h
-- Installing: /home/bibek/Summer_Research/multipanda_ros2/install/panda_motion_generator_msgs/include/panda_motion_generator_msgs/panda_motion_generator_msgs/msg/detail/simple_action_result__struct.h
-- Installing: /home/bibek/Summer_Research/multipanda_ros2/install/panda_motion_generator_msgs/include/panda_motion_generator_msgs/panda_motion_generator_msgs/msg/detail/joint_pose__functions.h
-- Installing: /home/bibek/Summer_Research/multipanda_ros2/install/panda_motion_generator_msgs/include/panda_motion_generator_msgs/panda_motion_generator_msgs/msg/detail/joint_pose__functions.c
-- Installing: /home/bibek/Summer_Research/multipanda_ros2/install/panda_motion_generator_msgs/include/panda_motion_generator_msgs/panda_motion_generator_msgs/msg/detail/simple_action_result__functions.h
-- Installing: /home/bibek/Summer_Research/multipanda_ros2/install/panda_motion_generator_msgs/include/panda_motion_generator_msgs/panda_motion_generator_msgs/msg/detail/joint_pose__struct.h
-- Installing: /home/bibek/Summer_Research/multipanda_ros2/install/panda_motion_generator_msgs/include/panda_motion_generator_msgs/panda_motion_generator_msgs/msg/detail/set_time_scaling__struct.h
-- Installing: /home/bibek/Summer_Research/multipanda_ros2/install/panda_motion_generator_msgs/include/panda_motion_generator_msgs/panda_motion_generator_msgs/msg/detail/set_time_scaling__functions.c
-- Installing: /home/bibek/Summer_Research/multipanda_ros2/install/panda_motion_generator_msgs/include/panda_motion_generator_msgs/panda_motion_generator_msgs/msg/detail/simple_action_result__type_support.h
-- Installing: /home/bibek/Summer_Research/multipanda_ros2/install/panda_motion_generator_msgs/include/panda_motion_generator_msgs/panda_motion_generator_msgs/msg/detail/joint_pose__type_support.h
-- Installing: /home/bibek/Summer_Research/multipanda_ros2/install/panda_motion_generator_msgs/include/panda_motion_generator_msgs/panda_motion_generator_msgs/msg/detail/simple_action_result__functions.c
-- Installing: /home/bibek/Summer_Research/multipanda_ros2/install/panda_motion_generator_msgs/include/panda_motion_generator_msgs/panda_motion_generator_msgs/msg/detail/set_time_scaling__type_support.h
-- Installing: /home/bibek/Summer_Research/multipanda_ros2/install/panda_motion_generator_msgs/include/panda_motion_generator_msgs/panda_motion_generator_msgs/msg/joint_pose.h
-- Installing: /home/bibek/Summer_Research/multipanda_ros2/install/panda_motion_generator_msgs/include/panda_motion_generator_msgs/panda_motion_generator_msgs/msg/rosidl_generator_c__visibility_control.h
-- Installing: /home/bibek/Summer_Research/multipanda_ros2/install/panda_motion_generator_msgs/include/panda_motion_generator_msgs/panda_motion_generator_msgs/msg/simple_action_result.h
-- Installing: /home/bibek/Summer_Research/multipanda_ros2/install/panda_motion_generator_msgs/share/panda_motion_generator_msgs/environment/library_path.sh
-- Installing: /home/bibek/Summer_Research/multipanda_ros2/install/panda_motion_generator_msgs/share/panda_motion_generator_msgs/environment/library_path.dsv
-- Installing: /home/bibek/Summer_Research/multipanda_ros2/install/panda_motion_generator_msgs/lib/libpanda_motion_generator_msgs__rosidl_generator_c.so
-- Set runtime path of "/home/bibek/Summer_Research/multipanda_ros2/install/panda_motion_generator_msgs/lib/libpanda_motion_generator_msgs__rosidl_generator_c.so" to ""
-- Up-to-date: /home/bibek/Summer_Research/multipanda_ros2/install/panda_motion_generator_msgs/include/panda_motion_generator_msgs/panda_motion_generator_msgs
-- Up-to-date: /home/bibek/Summer_Research/multipanda_ros2/install/panda_motion_generator_msgs/include/panda_motion_generator_msgs/panda_motion_generator_msgs/action
-- Up-to-date: /home/bibek/Summer_Research/multipanda_ros2/install/panda_motion_generator_msgs/include/panda_motion_generator_msgs/panda_motion_generator_msgs/action/detail
-- Installing: /home/bibek/Summer_Research/multipanda_ros2/install/panda_motion_generator_msgs/include/panda_motion_generator_msgs/panda_motion_generator_msgs/action/detail/cartesian_via_motion__rosidl_typesupport_fastrtps_c.h
-- Installing: /home/bibek/Summer_Research/multipanda_ros2/install/panda_motion_generator_msgs/include/panda_motion_generator_msgs/panda_motion_generator_msgs/action/detail/joint_via_motion__rosidl_typesupport_fastrtps_c.h
-- Up-to-date: /home/bibek/Summer_Research/multipanda_ros2/install/panda_motion_generator_msgs/include/panda_motion_generator_msgs/panda_motion_generator_msgs/msg
-- Installing: /home/bibek/Summer_Research/multipanda_ros2/install/panda_motion_generator_msgs/include/panda_motion_generator_msgs/panda_motion_generator_msgs/msg/rosidl_typesupport_fastrtps_c__visibility_control.h
-- Up-to-date: /home/bibek/Summer_Research/multipanda_ros2/install/panda_motion_generator_msgs/include/panda_motion_generator_msgs/panda_motion_generator_msgs/msg/detail
-- Installing: /home/bibek/Summer_Research/multipanda_ros2/install/panda_motion_generator_msgs/include/panda_motion_generator_msgs/panda_motion_generator_msgs/msg/detail/joint_pose__rosidl_typesupport_fastrtps_c.h
-- Installing: /home/bibek/Summer_Research/multipanda_ros2/install/panda_motion_generator_msgs/include/panda_motion_generator_msgs/panda_motion_generator_msgs/msg/detail/set_time_scaling__rosidl_typesupport_fastrtps_c.h
-- Installing: /home/bibek/Summer_Research/multipanda_ros2/install/panda_motion_generator_msgs/include/panda_motion_generator_msgs/panda_motion_generator_msgs/msg/detail/simple_action_result__rosidl_typesupport_fastrtps_c.h
-- Installing: /home/bibek/Summer_Research/multipanda_ros2/install/panda_motion_generator_msgs/lib/libpanda_motion_generator_msgs__rosidl_typesupport_fastrtps_c.so
-- Set runtime path of "/home/bibek/Summer_Research/multipanda_ros2/install/panda_motion_generator_msgs/lib/libpanda_motion_generator_msgs__rosidl_typesupport_fastrtps_c.so" to ""
-- Up-to-date: /home/bibek/Summer_Research/multipanda_ros2/install/panda_motion_generator_msgs/include/panda_motion_generator_msgs/panda_motion_generator_msgs
-- Up-to-date: /home/bibek/Summer_Research/multipanda_ros2/install/panda_motion_generator_msgs/include/panda_motion_generator_msgs/panda_motion_generator_msgs/action
-- Installing: /home/bibek/Summer_Research/multipanda_ros2/install/panda_motion_generator_msgs/include/panda_motion_generator_msgs/panda_motion_generator_msgs/action/cartesian_via_motion.hpp
-- Up-to-date: /home/bibek/Summer_Research/multipanda_ros2/install/panda_motion_generator_msgs/include/panda_motion_generator_msgs/panda_motion_generator_msgs/action/detail
-- Installing: /home/bibek/Summer_Research/multipanda_ros2/install/panda_motion_generator_msgs/include/panda_motion_generator_msgs/panda_motion_generator_msgs/action/detail/joint_via_motion__struct.hpp
-- Installing: /home/bibek/Summer_Research/multipanda_ros2/install/panda_motion_generator_msgs/include/panda_motion_generator_msgs/panda_motion_generator_msgs/action/detail/joint_via_motion__traits.hpp
-- Installing: /home/bibek/Summer_Research/multipanda_ros2/install/panda_motion_generator_msgs/include/panda_motion_generator_msgs/panda_motion_generator_msgs/action/detail/joint_via_motion__builder.hpp
-- Installing: /home/bibek/Summer_Research/multipanda_ros2/install/panda_motion_generator_msgs/include/panda_motion_generator_msgs/panda_motion_generator_msgs/action/detail/cartesian_via_motion__struct.hpp
-- Installing: /home/bibek/Summer_Research/multipanda_ros2/install/panda_motion_generator_msgs/include/panda_motion_generator_msgs/panda_motion_generator_msgs/action/detail/cartesian_via_motion__traits.hpp
-- Installing: /home/bibek/Summer_Research/multipanda_ros2/install/panda_motion_generator_msgs/include/panda_motion_generator_msgs/panda_motion_generator_msgs/action/detail/joint_via_motion__type_support.hpp
-- Installing: /home/bibek/Summer_Research/multipanda_ros2/install/panda_motion_generator_msgs/include/panda_motion_generator_msgs/panda_motion_generator_msgs/action/detail/cartesian_via_motion__builder.hpp
-- Installing: /home/bibek/Summer_Research/multipanda_ros2/install/panda_motion_generator_msgs/include/panda_motion_generator_msgs/panda_motion_generator_msgs/action/detail/cartesian_via_motion__type_support.hpp
-- Installing: /home/bibek/Summer_Research/multipanda_ros2/install/panda_motion_generator_msgs/include/panda_motion_generator_msgs/panda_motion_generator_msgs/action/joint_via_motion.hpp
-- Up-to-date: /home/bibek/Summer_Research/multipanda_ros2/install/panda_motion_generator_msgs/include/panda_motion_generator_msgs/panda_motion_generator_msgs/msg
-- Installing: /home/bibek/Summer_Research/multipanda_ros2/install/panda_motion_generator_msgs/include/panda_motion_generator_msgs/panda_motion_generator_msgs/msg/set_time_scaling.hpp
-- Installing: /home/bibek/Summer_Research/multipanda_ros2/install/panda_motion_generator_msgs/include/panda_motion_generator_msgs/panda_motion_generator_msgs/msg/rosidl_generator_cpp__visibility_control.hpp
-- Installing: /home/bibek/Summer_Research/multipanda_ros2/install/panda_motion_generator_msgs/include/panda_motion_generator_msgs/panda_motion_generator_msgs/msg/joint_pose.hpp
-- Up-to-date: /home/bibek/Summer_Research/multipanda_ros2/install/panda_motion_generator_msgs/include/panda_motion_generator_msgs/panda_motion_generator_msgs/msg/detail
-- Installing: /home/bibek/Summer_Research/multipanda_ros2/install/panda_motion_generator_msgs/include/panda_motion_generator_msgs/panda_motion_generator_msgs/msg/detail/set_time_scaling__type_support.hpp
-- Installing: /home/bibek/Summer_Research/multipanda_ros2/install/panda_motion_generator_msgs/include/panda_motion_generator_msgs/panda_motion_generator_msgs/msg/detail/simple_action_result__struct.hpp
-- Installing: /home/bibek/Summer_Research/multipanda_ros2/install/panda_motion_generator_msgs/include/panda_motion_generator_msgs/panda_motion_generator_msgs/msg/detail/simple_action_result__builder.hpp
-- Installing: /home/bibek/Summer_Research/multipanda_ros2/install/panda_motion_generator_msgs/include/panda_motion_generator_msgs/panda_motion_generator_msgs/msg/detail/joint_pose__struct.hpp
-- Installing: /home/bibek/Summer_Research/multipanda_ros2/install/panda_motion_generator_msgs/include/panda_motion_generator_msgs/panda_motion_generator_msgs/msg/detail/joint_pose__builder.hpp
-- Installing: /home/bibek/Summer_Research/multipanda_ros2/install/panda_motion_generator_msgs/include/panda_motion_generator_msgs/panda_motion_generator_msgs/msg/detail/simple_action_result__type_support.hpp
-- Installing: /home/bibek/Summer_Research/multipanda_ros2/install/panda_motion_generator_msgs/include/panda_motion_generator_msgs/panda_motion_generator_msgs/msg/detail/set_time_scaling__traits.hpp
-- Installing: /home/bibek/Summer_Research/multipanda_ros2/install/panda_motion_generator_msgs/include/panda_motion_generator_msgs/panda_motion_generator_msgs/msg/detail/joint_pose__traits.hpp
-- Installing: /home/bibek/Summer_Research/multipanda_ros2/install/panda_motion_generator_msgs/include/panda_motion_generator_msgs/panda_motion_generator_msgs/msg/detail/set_time_scaling__struct.hpp
-- Installing: /home/bibek/Summer_Research/multipanda_ros2/install/panda_motion_generator_msgs/include/panda_motion_generator_msgs/panda_motion_generator_msgs/msg/detail/set_time_scaling__builder.hpp
-- Installing: /home/bibek/Summer_Research/multipanda_ros2/install/panda_motion_generator_msgs/include/panda_motion_generator_msgs/panda_motion_generator_msgs/msg/detail/simple_action_result__traits.hpp
-- Installing: /home/bibek/Summer_Research/multipanda_ros2/install/panda_motion_generator_msgs/include/panda_motion_generator_msgs/panda_motion_generator_msgs/msg/detail/joint_pose__type_support.hpp
-- Installing: /home/bibek/Summer_Research/multipanda_ros2/install/panda_motion_generator_msgs/include/panda_motion_generator_msgs/panda_motion_generator_msgs/msg/simple_action_result.hpp
-- Up-to-date: /home/bibek/Summer_Research/multipanda_ros2/install/panda_motion_generator_msgs/include/panda_motion_generator_msgs/panda_motion_generator_msgs
-- Up-to-date: /home/bibek/Summer_Research/multipanda_ros2/install/panda_motion_generator_msgs/include/panda_motion_generator_msgs/panda_motion_generator_msgs/action
-- Up-to-date: /home/bibek/Summer_Research/multipanda_ros2/install/panda_motion_generator_msgs/include/panda_motion_generator_msgs/panda_motion_generator_msgs/action/detail
-- Installing: /home/bibek/Summer_Research/multipanda_ros2/install/panda_motion_generator_msgs/include/panda_motion_generator_msgs/panda_motion_generator_msgs/action/detail/dds_fastrtps
-- Installing: /home/bibek/Summer_Research/multipanda_ros2/install/panda_motion_generator_msgs/include/panda_motion_generator_msgs/panda_motion_generator_msgs/action/detail/joint_via_motion__rosidl_typesupport_fastrtps_cpp.hpp
-- Installing: /home/bibek/Summer_Research/multipanda_ros2/install/panda_motion_generator_msgs/include/panda_motion_generator_msgs/panda_motion_generator_msgs/action/detail/cartesian_via_motion__rosidl_typesupport_fastrtps_cpp.hpp
-- Up-to-date: /home/bibek/Summer_Research/multipanda_ros2/install/panda_motion_generator_msgs/include/panda_motion_generator_msgs/panda_motion_generator_msgs/msg
-- Installing: /home/bibek/Summer_Research/multipanda_ros2/install/panda_motion_generator_msgs/include/panda_motion_generator_msgs/panda_motion_generator_msgs/msg/rosidl_typesupport_fastrtps_cpp__visibility_control.h
-- Up-to-date: /home/bibek/Summer_Research/multipanda_ros2/install/panda_motion_generator_msgs/include/panda_motion_generator_msgs/panda_motion_generator_msgs/msg/detail
-- Installing: /home/bibek/Summer_Research/multipanda_ros2/install/panda_motion_generator_msgs/include/panda_motion_generator_msgs/panda_motion_generator_msgs/msg/detail/dds_fastrtps
-- Installing: /home/bibek/Summer_Research/multipanda_ros2/install/panda_motion_generator_msgs/include/panda_motion_generator_msgs/panda_motion_generator_msgs/msg/detail/set_time_scaling__rosidl_typesupport_fastrtps_cpp.hpp
-- Installing: /home/bibek/Summer_Research/multipanda_ros2/install/panda_motion_generator_msgs/include/panda_motion_generator_msgs/panda_motion_generator_msgs/msg/detail/joint_pose__rosidl_typesupport_fastrtps_cpp.hpp
-- Installing: /home/bibek/Summer_Research/multipanda_ros2/install/panda_motion_generator_msgs/include/panda_motion_generator_msgs/panda_motion_generator_msgs/msg/detail/simple_action_result__rosidl_typesupport_fastrtps_cpp.hpp
-- Installing: /home/bibek/Summer_Research/multipanda_ros2/install/panda_motion_generator_msgs/lib/libpanda_motion_generator_msgs__rosidl_typesupport_fastrtps_cpp.so
-- Set runtime path of "/home/bibek/Summer_Research/multipanda_ros2/install/panda_motion_generator_msgs/lib/libpanda_motion_generator_msgs__rosidl_typesupport_fastrtps_cpp.so" to ""
-- Up-to-date: /home/bibek/Summer_Research/multipanda_ros2/install/panda_motion_generator_msgs/include/panda_motion_generator_msgs/panda_motion_generator_msgs
-- Up-to-date: /home/bibek/Summer_Research/multipanda_ros2/install/panda_motion_generator_msgs/include/panda_motion_generator_msgs/panda_motion_generator_msgs/action
-- Up-to-date: /home/bibek/Summer_Research/multipanda_ros2/install/panda_motion_generator_msgs/include/panda_motion_generator_msgs/panda_motion_generator_msgs/action/detail
-- Installing: /home/bibek/Summer_Research/multipanda_ros2/install/panda_motion_generator_msgs/include/panda_motion_generator_msgs/panda_motion_generator_msgs/action/detail/cartesian_via_motion__rosidl_typesupport_introspection_c.h
-- Installing: /home/bibek/Summer_Research/multipanda_ros2/install/panda_motion_generator_msgs/include/panda_motion_generator_msgs/panda_motion_generator_msgs/action/detail/joint_via_motion__rosidl_typesupport_introspection_c.h
-- Installing: /home/bibek/Summer_Research/multipanda_ros2/install/panda_motion_generator_msgs/include/panda_motion_generator_msgs/panda_motion_generator_msgs/action/detail/joint_via_motion__type_support.c
-- Installing: /home/bibek/Summer_Research/multipanda_ros2/install/panda_motion_generator_msgs/include/panda_motion_generator_msgs/panda_motion_generator_msgs/action/detail/cartesian_via_motion__type_support.c
-- Up-to-date: /home/bibek/Summer_Research/multipanda_ros2/install/panda_motion_generator_msgs/include/panda_motion_generator_msgs/panda_motion_generator_msgs/msg
-- Installing: /home/bibek/Summer_Research/multipanda_ros2/install/panda_motion_generator_msgs/include/panda_motion_generator_msgs/panda_motion_generator_msgs/msg/rosidl_typesupport_introspection_c__visibility_control.h
-- Up-to-date: /home/bibek/Summer_Research/multipanda_ros2/install/panda_motion_generator_msgs/include/panda_motion_generator_msgs/panda_motion_generator_msgs/msg/detail
-- Installing: /home/bibek/Summer_Research/multipanda_ros2/install/panda_motion_generator_msgs/include/panda_motion_generator_msgs/panda_motion_generator_msgs/msg/detail/simple_action_result__type_support.c
-- Installing: /home/bibek/Summer_Research/multipanda_ros2/install/panda_motion_generator_msgs/include/panda_motion_generator_msgs/panda_motion_generator_msgs/msg/detail/joint_pose__rosidl_typesupport_introspection_c.h
-- Installing: /home/bibek/Summer_Research/multipanda_ros2/install/panda_motion_generator_msgs/include/panda_motion_generator_msgs/panda_motion_generator_msgs/msg/detail/simple_action_result__rosidl_typesupport_introspection_c.h
-- Installing: /home/bibek/Summer_Research/multipanda_ros2/install/panda_motion_generator_msgs/include/panda_motion_generator_msgs/panda_motion_generator_msgs/msg/detail/set_time_scaling__rosidl_typesupport_introspection_c.h
-- Installing: /home/bibek/Summer_Research/multipanda_ros2/install/panda_motion_generator_msgs/include/panda_motion_generator_msgs/panda_motion_generator_msgs/msg/detail/set_time_scaling__type_support.c
-- Installing: /home/bibek/Summer_Research/multipanda_ros2/install/panda_motion_generator_msgs/include/panda_motion_generator_msgs/panda_motion_generator_msgs/msg/detail/joint_pose__type_support.c
-- Installing: /home/bibek/Summer_Research/multipanda_ros2/install/panda_motion_generator_msgs/lib/libpanda_motion_generator_msgs__rosidl_typesupport_introspection_c.so
-- Set runtime path of "/home/bibek/Summer_Research/multipanda_ros2/install/panda_motion_generator_msgs/lib/libpanda_motion_generator_msgs__rosidl_typesupport_introspection_c.so" to ""
-- Installing: /home/bibek/Summer_Research/multipanda_ros2/install/panda_motion_generator_msgs/lib/libpanda_motion_generator_msgs__rosidl_typesupport_c.so
-- Set runtime path of "/home/bibek/Summer_Research/multipanda_ros2/install/panda_motion_generator_msgs/lib/libpanda_motion_generator_msgs__rosidl_typesupport_c.so" to ""
-- Up-to-date: /home/bibek/Summer_Research/multipanda_ros2/install/panda_motion_generator_msgs/include/panda_motion_generator_msgs/panda_motion_generator_msgs
-- Up-to-date: /home/bibek/Summer_Research/multipanda_ros2/install/panda_motion_generator_msgs/include/panda_motion_generator_msgs/panda_motion_generator_msgs/action
-- Up-to-date: /home/bibek/Summer_Research/multipanda_ros2/install/panda_motion_generator_msgs/include/panda_motion_generator_msgs/panda_motion_generator_msgs/action/detail
-- Installing: /home/bibek/Summer_Research/multipanda_ros2/install/panda_motion_generator_msgs/include/panda_motion_generator_msgs/panda_motion_generator_msgs/action/detail/joint_via_motion__type_support.cpp
-- Installing: /home/bibek/Summer_Research/multipanda_ros2/install/panda_motion_generator_msgs/include/panda_motion_generator_msgs/panda_motion_generator_msgs/action/detail/cartesian_via_motion__type_support.cpp
-- Installing: /home/bibek/Summer_Research/multipanda_ros2/install/panda_motion_generator_msgs/include/panda_motion_generator_msgs/panda_motion_generator_msgs/action/detail/joint_via_motion__rosidl_typesupport_introspection_cpp.hpp
-- Installing: /home/bibek/Summer_Research/multipanda_ros2/install/panda_motion_generator_msgs/include/panda_motion_generator_msgs/panda_motion_generator_msgs/action/detail/cartesian_via_motion__rosidl_typesupport_introspection_cpp.hpp
-- Up-to-date: /home/bibek/Summer_Research/multipanda_ros2/install/panda_motion_generator_msgs/include/panda_motion_generator_msgs/panda_motion_generator_msgs/msg
-- Up-to-date: /home/bibek/Summer_Research/multipanda_ros2/install/panda_motion_generator_msgs/include/panda_motion_generator_msgs/panda_motion_generator_msgs/msg/detail
-- Installing: /home/bibek/Summer_Research/multipanda_ros2/install/panda_motion_generator_msgs/include/panda_motion_generator_msgs/panda_motion_generator_msgs/msg/detail/joint_pose__type_support.cpp
-- Installing: /home/bibek/Summer_Research/multipanda_ros2/install/panda_motion_generator_msgs/include/panda_motion_generator_msgs/panda_motion_generator_msgs/msg/detail/simple_action_result__type_support.cpp
-- Installing: /home/bibek/Summer_Research/multipanda_ros2/install/panda_motion_generator_msgs/include/panda_motion_generator_msgs/panda_motion_generator_msgs/msg/detail/joint_pose__rosidl_typesupport_introspection_cpp.hpp
-- Installing: /home/bibek/Summer_Research/multipanda_ros2/install/panda_motion_generator_msgs/include/panda_motion_generator_msgs/panda_motion_generator_msgs/msg/detail/set_time_scaling__rosidl_typesupport_introspection_cpp.hpp
-- Installing: /home/bibek/Summer_Research/multipanda_ros2/install/panda_motion_generator_msgs/include/panda_motion_generator_msgs/panda_motion_generator_msgs/msg/detail/simple_action_result__rosidl_typesupport_introspection_cpp.hpp
-- Installing: /home/bibek/Summer_Research/multipanda_ros2/install/panda_motion_generator_msgs/include/panda_motion_generator_msgs/panda_motion_generator_msgs/msg/detail/set_time_scaling__type_support.cpp
-- Installing: /home/bibek/Summer_Research/multipanda_ros2/install/panda_motion_generator_msgs/lib/libpanda_motion_generator_msgs__rosidl_typesupport_introspection_cpp.so
-- Set runtime path of "/home/bibek/Summer_Research/multipanda_ros2/install/panda_motion_generator_msgs/lib/libpanda_motion_generator_msgs__rosidl_typesupport_introspection_cpp.so" to ""
-- Installing: /home/bibek/Summer_Research/multipanda_ros2/install/panda_motion_generator_msgs/lib/libpanda_motion_generator_msgs__rosidl_typesupport_cpp.so
-- Set runtime path of "/home/bibek/Summer_Research/multipanda_ros2/install/panda_motion_generator_msgs/lib/libpanda_motion_generator_msgs__rosidl_typesupport_cpp.so" to ""
-- Installing: /home/bibek/Summer_Research/multipanda_ros2/install/panda_motion_generator_msgs/share/panda_motion_generator_msgs/environment/pythonpath.sh
-- Installing: /home/bibek/Summer_Research/multipanda_ros2/install/panda_motion_generator_msgs/share/panda_motion_generator_msgs/environment/pythonpath.dsv
-- Installing: /home/bibek/Summer_Research/multipanda_ros2/install/panda_motion_generator_msgs/local/lib/python3.10/dist-packages/panda_motion_generator_msgs-0.0.0-py3.10.egg-info
-- Installing: /home/bibek/Summer_Research/multipanda_ros2/install/panda_motion_generator_msgs/local/lib/python3.10/dist-packages/panda_motion_generator_msgs-0.0.0-py3.10.egg-info/SOURCES.txt
-- Installing: /home/bibek/Summer_Research/multipanda_ros2/install/panda_motion_generator_msgs/local/lib/python3.10/dist-packages/panda_motion_generator_msgs-0.0.0-py3.10.egg-info/PKG-INFO
-- Installing: /home/bibek/Summer_Research/multipanda_ros2/install/panda_motion_generator_msgs/local/lib/python3.10/dist-packages/panda_motion_generator_msgs-0.0.0-py3.10.egg-info/top_level.txt
-- Installing: /home/bibek/Summer_Research/multipanda_ros2/install/panda_motion_generator_msgs/local/lib/python3.10/dist-packages/panda_motion_generator_msgs-0.0.0-py3.10.egg-info/dependency_links.txt
-- Installing: /home/bibek/Summer_Research/multipanda_ros2/install/panda_motion_generator_msgs/local/lib/python3.10/dist-packages/panda_motion_generator_msgs
-- Installing: /home/bibek/Summer_Research/multipanda_ros2/install/panda_motion_generator_msgs/local/lib/python3.10/dist-packages/panda_motion_generator_msgs/__init__.py
-- Installing: /home/bibek/Summer_Research/multipanda_ros2/install/panda_motion_generator_msgs/local/lib/python3.10/dist-packages/panda_motion_generator_msgs/_panda_motion_generator_msgs_s.ep.rosidl_typesupport_c.c
-- Installing: /home/bibek/Summer_Research/multipanda_ros2/install/panda_motion_generator_msgs/local/lib/python3.10/dist-packages/panda_motion_generator_msgs/_panda_motion_generator_msgs_s.ep.rosidl_typesupport_fastrtps_c.c
-- Installing: /home/bibek/Summer_Research/multipanda_ros2/install/panda_motion_generator_msgs/local/lib/python3.10/dist-packages/panda_motion_generator_msgs/action
-- Installing: /home/bibek/Summer_Research/multipanda_ros2/install/panda_motion_generator_msgs/local/lib/python3.10/dist-packages/panda_motion_generator_msgs/action/__init__.py
-- Installing: /home/bibek/Summer_Research/multipanda_ros2/install/panda_motion_generator_msgs/local/lib/python3.10/dist-packages/panda_motion_generator_msgs/action/_joint_via_motion_s.c
-- Installing: /home/bibek/Summer_Research/multipanda_ros2/install/panda_motion_generator_msgs/local/lib/python3.10/dist-packages/panda_motion_generator_msgs/action/_cartesian_via_motion.py
-- Installing: /home/bibek/Summer_Research/multipanda_ros2/install/panda_motion_generator_msgs/local/lib/python3.10/dist-packages/panda_motion_generator_msgs/action/_joint_via_motion.py
-- Installing: /home/bibek/Summer_Research/multipanda_ros2/install/panda_motion_generator_msgs/local/lib/python3.10/dist-packages/panda_motion_generator_msgs/action/_cartesian_via_motion_s.c
-- Installing: /home/bibek/Summer_Research/multipanda_ros2/install/panda_motion_generator_msgs/local/lib/python3.10/dist-packages/panda_motion_generator_msgs/msg
-- Installing: /home/bibek/Summer_Research/multipanda_ros2/install/panda_motion_generator_msgs/local/lib/python3.10/dist-packages/panda_motion_generator_msgs/msg/__init__.py
-- Installing: /home/bibek/Summer_Research/multipanda_ros2/install/panda_motion_generator_msgs/local/lib/python3.10/dist-packages/panda_motion_generator_msgs/msg/_set_time_scaling.py
-- Installing: /home/bibek/Summer_Research/multipanda_ros2/install/panda_motion_generator_msgs/local/lib/python3.10/dist-packages/panda_motion_generator_msgs/msg/_joint_pose_s.c
-- Installing: /home/bibek/Summer_Research/multipanda_ros2/install/panda_motion_generator_msgs/local/lib/python3.10/dist-packages/panda_motion_generator_msgs/msg/_joint_pose.py
-- Installing: /home/bibek/Summer_Research/multipanda_ros2/install/panda_motion_generator_msgs/local/lib/python3.10/dist-packages/panda_motion_generator_msgs/msg/_simple_action_result.py
-- Installing: /home/bibek/Summer_Research/multipanda_ros2/install/panda_motion_generator_msgs/local/lib/python3.10/dist-packages/panda_motion_generator_msgs/msg/_simple_action_result_s.c
-- Installing: /home/bibek/Summer_Research/multipanda_ros2/install/panda_motion_generator_msgs/local/lib/python3.10/dist-packages/panda_motion_generator_msgs/msg/_set_time_scaling_s.c
-- Installing: /home/bibek/Summer_Research/multipanda_ros2/install/panda_motion_generator_msgs/local/lib/python3.10/dist-packages/panda_motion_generator_msgs/panda_motion_generator_msgs_s__rosidl_typesupport_fastrtps_c.cpython-310-x86_64-linux-gnu.so
-- Installing: /home/bibek/Summer_Research/multipanda_ros2/install/panda_motion_generator_msgs/local/lib/python3.10/dist-packages/panda_motion_generator_msgs/_panda_motion_generator_msgs_s.ep.rosidl_typesupport_introspection_c.c
-- Installing: /home/bibek/Summer_Research/multipanda_ros2/install/panda_motion_generator_msgs/local/lib/python3.10/dist-packages/panda_motion_generator_msgs/panda_motion_generator_msgs_s__rosidl_typesupport_introspection_c.cpython-310-x86_64-linux-gnu.so
-- Installing: /home/bibek/Summer_Research/multipanda_ros2/install/panda_motion_generator_msgs/local/lib/python3.10/dist-packages/panda_motion_generator_msgs/libpanda_motion_generator_msgs__rosidl_generator_py.so
-- Installing: /home/bibek/Summer_Research/multipanda_ros2/install/panda_motion_generator_msgs/local/lib/python3.10/dist-packages/panda_motion_generator_msgs/panda_motion_generator_msgs_s__rosidl_typesupport_c.cpython-310-x86_64-linux-gnu.so
Listing '/home/bibek/Summer_Research/multipanda_ros2/install/panda_motion_generator_msgs/local/lib/python3.10/dist-packages/panda_motion_generator_msgs'...
Compiling '/home/bibek/Summer_Research/multipanda_ros2/install/panda_motion_generator_msgs/local/lib/python3.10/dist-packages/panda_motion_generator_msgs/__init__.py'...
Listing '/home/bibek/Summer_Research/multipanda_ros2/install/panda_motion_generator_msgs/local/lib/python3.10/dist-packages/panda_motion_generator_msgs/action'...
Compiling '/home/bibek/Summer_Research/multipanda_ros2/install/panda_motion_generator_msgs/local/lib/python3.10/dist-packages/panda_motion_generator_msgs/action/__init__.py'...
Compiling '/home/bibek/Summer_Research/multipanda_ros2/install/panda_motion_generator_msgs/local/lib/python3.10/dist-packages/panda_motion_generator_msgs/action/_cartesian_via_motion.py'...
Compiling '/home/bibek/Summer_Research/multipanda_ros2/install/panda_motion_generator_msgs/local/lib/python3.10/dist-packages/panda_motion_generator_msgs/action/_joint_via_motion.py'...
Listing '/home/bibek/Summer_Research/multipanda_ros2/install/panda_motion_generator_msgs/local/lib/python3.10/dist-packages/panda_motion_generator_msgs/msg'...
Compiling '/home/bibek/Summer_Research/multipanda_ros2/install/panda_motion_generator_msgs/local/lib/python3.10/dist-packages/panda_motion_generator_msgs/msg/__init__.py'...
Compiling '/home/bibek/Summer_Research/multipanda_ros2/install/panda_motion_generator_msgs/local/lib/python3.10/dist-packages/panda_motion_generator_msgs/msg/_joint_pose.py'...
Compiling '/home/bibek/Summer_Research/multipanda_ros2/install/panda_motion_generator_msgs/local/lib/python3.10/dist-packages/panda_motion_generator_msgs/msg/_set_time_scaling.py'...
Compiling '/home/bibek/Summer_Research/multipanda_ros2/install/panda_motion_generator_msgs/local/lib/python3.10/dist-packages/panda_motion_generator_msgs/msg/_simple_action_result.py'...
-- Installing: /home/bibek/Summer_Research/multipanda_ros2/install/panda_motion_generator_msgs/local/lib/python3.10/dist-packages/panda_motion_generator_msgs/panda_motion_generator_msgs_s__rosidl_typesupport_fastrtps_c.cpython-310-x86_64-linux-gnu.so
-- Set runtime path of "/home/bibek/Summer_Research/multipanda_ros2/install/panda_motion_generator_msgs/local/lib/python3.10/dist-packages/panda_motion_generator_msgs/panda_motion_generator_msgs_s__rosidl_typesupport_fastrtps_c.cpython-310-x86_64-linux-gnu.so" to ""
-- Installing: /home/bibek/Summer_Research/multipanda_ros2/install/panda_motion_generator_msgs/local/lib/python3.10/dist-packages/panda_motion_generator_msgs/panda_motion_generator_msgs_s__rosidl_typesupport_introspection_c.cpython-310-x86_64-linux-gnu.so
-- Set runtime path of "/home/bibek/Summer_Research/multipanda_ros2/install/panda_motion_generator_msgs/local/lib/python3.10/dist-packages/panda_motion_generator_msgs/panda_motion_generator_msgs_s__rosidl_typesupport_introspection_c.cpython-310-x86_64-linux-gnu.so" to ""
-- Installing: /home/bibek/Summer_Research/multipanda_ros2/install/panda_motion_generator_msgs/local/lib/python3.10/dist-packages/panda_motion_generator_msgs/panda_motion_generator_msgs_s__rosidl_typesupport_c.cpython-310-x86_64-linux-gnu.so
-- Set runtime path of "/home/bibek/Summer_Research/multipanda_ros2/install/panda_motion_generator_msgs/local/lib/python3.10/dist-packages/panda_motion_generator_msgs/panda_motion_generator_msgs_s__rosidl_typesupport_c.cpython-310-x86_64-linux-gnu.so" to ""
-- Installing: /home/bibek/Summer_Research/multipanda_ros2/install/panda_motion_generator_msgs/lib/libpanda_motion_generator_msgs__rosidl_generator_py.so
-- Set runtime path of "/home/bibek/Summer_Research/multipanda_ros2/install/panda_motion_generator_msgs/lib/libpanda_motion_generator_msgs__rosidl_generator_py.so" to ""
-- Installing: /home/bibek/Summer_Research/multipanda_ros2/install/panda_motion_generator_msgs/share/panda_motion_generator_msgs/msg/JointPose.idl
-- Installing: /home/bibek/Summer_Research/multipanda_ros2/install/panda_motion_generator_msgs/share/panda_motion_generator_msgs/msg/SetTimeScaling.idl
-- Installing: /home/bibek/Summer_Research/multipanda_ros2/install/panda_motion_generator_msgs/share/panda_motion_generator_msgs/msg/SimpleActionResult.idl
-- Installing: /home/bibek/Summer_Research/multipanda_ros2/install/panda_motion_generator_msgs/share/panda_motion_generator_msgs/action/CartesianViaMotion.idl
-- Installing: /home/bibek/Summer_Research/multipanda_ros2/install/panda_motion_generator_msgs/share/panda_motion_generator_msgs/action/JointViaMotion.idl
-- Installing: /home/bibek/Summer_Research/multipanda_ros2/install/panda_motion_generator_msgs/share/panda_motion_generator_msgs/msg/JointPose.msg
-- Installing: /home/bibek/Summer_Research/multipanda_ros2/install/panda_motion_generator_msgs/share/panda_motion_generator_msgs/msg/SetTimeScaling.msg
-- Installing: /home/bibek/Summer_Research/multipanda_ros2/install/panda_motion_generator_msgs/share/panda_motion_generator_msgs/msg/SimpleActionResult.msg
-- Installing: /home/bibek/Summer_Research/multipanda_ros2/install/panda_motion_generator_msgs/share/panda_motion_generator_msgs/action/CartesianViaMotion.action
-- Installing: /home/bibek/Summer_Research/multipanda_ros2/install/panda_motion_generator_msgs/share/panda_motion_generator_msgs/action/JointViaMotion.action
-- Installing: /home/bibek/Summer_Research/multipanda_ros2/install/panda_motion_generator_msgs/share/ament_index/resource_index/package_run_dependencies/panda_motion_generator_msgs
-- Installing: /home/bibek/Summer_Research/multipanda_ros2/install/panda_motion_generator_msgs/share/ament_index/resource_index/parent_prefix_path/panda_motion_generator_msgs
-- Installing: /home/bibek/Summer_Research/multipanda_ros2/install/panda_motion_generator_msgs/share/panda_motion_generator_msgs/environment/ament_prefix_path.sh
-- Installing: /home/bibek/Summer_Research/multipanda_ros2/install/panda_motion_generator_msgs/share/panda_motion_generator_msgs/environment/ament_prefix_path.dsv
-- Installing: /home/bibek/Summer_Research/multipanda_ros2/install/panda_motion_generator_msgs/share/panda_motion_generator_msgs/environment/path.sh
-- Installing: /home/bibek/Summer_Research/multipanda_ros2/install/panda_motion_generator_msgs/share/panda_motion_generator_msgs/environment/path.dsv
-- Installing: /home/bibek/Summer_Research/multipanda_ros2/install/panda_motion_generator_msgs/share/panda_motion_generator_msgs/local_setup.bash
-- Installing: /home/bibek/Summer_Research/multipanda_ros2/install/panda_motion_generator_msgs/share/panda_motion_generator_msgs/local_setup.sh
-- Installing: /home/bibek/Summer_Research/multipanda_ros2/install/panda_motion_generator_msgs/share/panda_motion_generator_msgs/local_setup.zsh
-- Installing: /home/bibek/Summer_Research/multipanda_ros2/install/panda_motion_generator_msgs/share/panda_motion_generator_msgs/local_setup.dsv
-- Installing: /home/bibek/Summer_Research/multipanda_ros2/install/panda_motion_generator_msgs/share/panda_motion_generator_msgs/package.dsv
-- Installing: /home/bibek/Summer_Research/multipanda_ros2/install/panda_motion_generator_msgs/share/ament_index/resource_index/packages/panda_motion_generator_msgs
-- Installing: /home/bibek/Summer_Research/multipanda_ros2/install/panda_motion_generator_msgs/share/panda_motion_generator_msgs/cmake/export_panda_motion_generator_msgs__rosidl_generator_cExport.cmake
-- Installing: /home/bibek/Summer_Research/multipanda_ros2/install/panda_motion_generator_msgs/share/panda_motion_generator_msgs/cmake/export_panda_motion_generator_msgs__rosidl_generator_cExport-release.cmake
-- Installing: /home/bibek/Summer_Research/multipanda_ros2/install/panda_motion_generator_msgs/share/panda_motion_generator_msgs/cmake/export_panda_motion_generator_msgs__rosidl_typesupport_fastrtps_cExport.cmake
-- Installing: /home/bibek/Summer_Research/multipanda_ros2/install/panda_motion_generator_msgs/share/panda_motion_generator_msgs/cmake/export_panda_motion_generator_msgs__rosidl_typesupport_fastrtps_cExport-release.cmake
-- Installing: /home/bibek/Summer_Research/multipanda_ros2/install/panda_motion_generator_msgs/share/panda_motion_generator_msgs/cmake/export_panda_motion_generator_msgs__rosidl_generator_cppExport.cmake
-- Installing: /home/bibek/Summer_Research/multipanda_ros2/install/panda_motion_generator_msgs/share/panda_motion_generator_msgs/cmake/export_panda_motion_generator_msgs__rosidl_typesupport_fastrtps_cppExport.cmake
-- Installing: /home/bibek/Summer_Research/multipanda_ros2/install/panda_motion_generator_msgs/share/panda_motion_generator_msgs/cmake/export_panda_motion_generator_msgs__rosidl_typesupport_fastrtps_cppExport-release.cmake
-- Installing: /home/bibek/Summer_Research/multipanda_ros2/install/panda_motion_generator_msgs/share/panda_motion_generator_msgs/cmake/panda_motion_generator_msgs__rosidl_typesupport_introspection_cExport.cmake
-- Installing: /home/bibek/Summer_Research/multipanda_ros2/install/panda_motion_generator_msgs/share/panda_motion_generator_msgs/cmake/panda_motion_generator_msgs__rosidl_typesupport_introspection_cExport-release.cmake
-- Installing: /home/bibek/Summer_Research/multipanda_ros2/install/panda_motion_generator_msgs/share/panda_motion_generator_msgs/cmake/panda_motion_generator_msgs__rosidl_typesupport_cExport.cmake
-- Installing: /home/bibek/Summer_Research/multipanda_ros2/install/panda_motion_generator_msgs/share/panda_motion_generator_msgs/cmake/panda_motion_generator_msgs__rosidl_typesupport_cExport-release.cmake
-- Installing: /home/bibek/Summer_Research/multipanda_ros2/install/panda_motion_generator_msgs/share/panda_motion_generator_msgs/cmake/panda_motion_generator_msgs__rosidl_typesupport_introspection_cppExport.cmake
-- Installing: /home/bibek/Summer_Research/multipanda_ros2/install/panda_motion_generator_msgs/share/panda_motion_generator_msgs/cmake/panda_motion_generator_msgs__rosidl_typesupport_introspection_cppExport-release.cmake
-- Installing: /home/bibek/Summer_Research/multipanda_ros2/install/panda_motion_generator_msgs/share/panda_motion_generator_msgs/cmake/panda_motion_generator_msgs__rosidl_typesupport_cppExport.cmake
-- Installing: /home/bibek/Summer_Research/multipanda_ros2/install/panda_motion_generator_msgs/share/panda_motion_generator_msgs/cmake/panda_motion_generator_msgs__rosidl_typesupport_cppExport-release.cmake
-- Installing: /home/bibek/Summer_Research/multipanda_ros2/install/panda_motion_generator_msgs/share/panda_motion_generator_msgs/cmake/export_panda_motion_generator_msgs__rosidl_generator_pyExport.cmake
-- Installing: /home/bibek/Summer_Research/multipanda_ros2/install/panda_motion_generator_msgs/share/panda_motion_generator_msgs/cmake/export_panda_motion_generator_msgs__rosidl_generator_pyExport-release.cmake
-- Installing: /home/bibek/Summer_Research/multipanda_ros2/install/panda_motion_generator_msgs/share/panda_motion_generator_msgs/cmake/rosidl_cmake-extras.cmake
-- Installing: /home/bibek/Summer_Research/multipanda_ros2/install/panda_motion_generator_msgs/share/panda_motion_generator_msgs/cmake/ament_cmake_export_dependencies-extras.cmake
-- Installing: /home/bibek/Summer_Research/multipanda_ros2/install/panda_motion_generator_msgs/share/panda_motion_generator_msgs/cmake/ament_cmake_export_include_directories-extras.cmake
-- Installing: /home/bibek/Summer_Research/multipanda_ros2/install/panda_motion_generator_msgs/share/panda_motion_generator_msgs/cmake/ament_cmake_export_libraries-extras.cmake
-- Installing: /home/bibek/Summer_Research/multipanda_ros2/install/panda_motion_generator_msgs/share/panda_motion_generator_msgs/cmake/ament_cmake_export_targets-extras.cmake
-- Installing: /home/bibek/Summer_Research/multipanda_ros2/install/panda_motion_generator_msgs/share/panda_motion_generator_msgs/cmake/rosidl_cmake_export_typesupport_targets-extras.cmake
-- Installing: /home/bibek/Summer_Research/multipanda_ros2/install/panda_motion_generator_msgs/share/panda_motion_generator_msgs/cmake/rosidl_cmake_export_typesupport_libraries-extras.cmake
-- Installing: /home/bibek/Summer_Research/multipanda_ros2/install/panda_motion_generator_msgs/share/panda_motion_generator_msgs/cmake/panda_motion_generator_msgsConfig.cmake
-- Installing: /home/bibek/Summer_Research/multipanda_ros2/install/panda_motion_generator_msgs/share/panda_motion_generator_msgs/cmake/panda_motion_generator_msgsConfig-version.cmake
-- Installing: /home/bibek/Summer_Research/multipanda_ros2/install/panda_motion_generator_msgs/share/panda_motion_generator_msgs/package.xml
