[0.022s] Invoking command in '/home/bibek/Summer_Research/multipanda_ros2/build/panda_motion_generator_msgs': CMAKE_PREFIX_PATH=/opt/ros/humble /usr/bin/cmake --build /home/bibek/Summer_Research/multipanda_ros2/build/panda_motion_generator_msgs -- -j16 -l16
[0.658s] [35m[1mConsolidate compiler generated dependencies of target panda_motion_generator_msgs__rosidl_generator_c[0m
[0.658s] [  1%] Built target panda_motion_generator_msgs__cpp
[0.658s] [ 12%] Built target panda_motion_generator_msgs__rosidl_generator_c
[0.658s] [ 12%] Built target ament_cmake_python_copy_panda_motion_generator_msgs
[0.658s] [ 14%] [32mBuilding CXX object CMakeFiles/panda_motion_generator_msgs__rosidl_typesupport_cpp.dir/rosidl_typesupport_cpp/panda_motion_generator_msgs/msg/joint_pose__type_support.cpp.o[0m
[0.658s] [ 15%] [32mBuilding CXX object CMakeFiles/panda_motion_generator_msgs__rosidl_typesupport_cpp.dir/rosidl_typesupport_cpp/panda_motion_generator_msgs/msg/set_time_scaling__type_support.cpp.o[0m
[0.658s] [ 17%] [32mBuilding CXX object CMakeFiles/panda_motion_generator_msgs__rosidl_typesupport_introspection_cpp.dir/rosidl_typesupport_introspection_cpp/panda_motion_generator_msgs/msg/detail/joint_pose__type_support.cpp.o[0m
[0.658s] [ 19%] [32mBuilding CXX object CMakeFiles/panda_motion_generator_msgs__rosidl_typesupport_cpp.dir/rosidl_typesupport_cpp/panda_motion_generator_msgs/action/cartesian_via_motion__type_support.cpp.o[0m
[0.659s] [ 20%] [32mBuilding CXX object CMakeFiles/panda_motion_generator_msgs__rosidl_typesupport_introspection_cpp.dir/rosidl_typesupport_introspection_cpp/panda_motion_generator_msgs/msg/detail/set_time_scaling__type_support.cpp.o[0m
[0.659s] [ 22%] [32mBuilding CXX object CMakeFiles/panda_motion_generator_msgs__rosidl_typesupport_fastrtps_cpp.dir/rosidl_typesupport_fastrtps_cpp/panda_motion_generator_msgs/msg/detail/dds_fastrtps/joint_pose__type_support.cpp.o[0m
[0.659s] [ 23%] [32mBuilding CXX object CMakeFiles/panda_motion_generator_msgs__rosidl_typesupport_cpp.dir/rosidl_typesupport_cpp/panda_motion_generator_msgs/action/joint_via_motion__type_support.cpp.o[0m
[0.659s] [ 25%] [32mBuilding CXX object CMakeFiles/panda_motion_generator_msgs__rosidl_typesupport_cpp.dir/rosidl_typesupport_cpp/panda_motion_generator_msgs/msg/simple_action_result__type_support.cpp.o[0m
[0.659s] [ 26%] [32mBuilding CXX object CMakeFiles/panda_motion_generator_msgs__rosidl_typesupport_introspection_cpp.dir/rosidl_typesupport_introspection_cpp/panda_motion_generator_msgs/action/detail/cartesian_via_motion__type_support.cpp.o[0m
[0.659s] [ 28%] [32mBuilding CXX object CMakeFiles/panda_motion_generator_msgs__rosidl_typesupport_introspection_cpp.dir/rosidl_typesupport_introspection_cpp/panda_motion_generator_msgs/action/detail/joint_via_motion__type_support.cpp.o[0m
[0.659s] [ 30%] [32mBuilding CXX object CMakeFiles/panda_motion_generator_msgs__rosidl_typesupport_fastrtps_cpp.dir/rosidl_typesupport_fastrtps_cpp/panda_motion_generator_msgs/msg/detail/dds_fastrtps/set_time_scaling__type_support.cpp.o[0m
[0.659s] [ 31%] [32mBuilding CXX object CMakeFiles/panda_motion_generator_msgs__rosidl_typesupport_introspection_cpp.dir/rosidl_typesupport_introspection_cpp/panda_motion_generator_msgs/msg/detail/simple_action_result__type_support.cpp.o[0m
[0.659s] [ 33%] [34m[1mGenerating C introspection for ROS interfaces[0m
[0.659s] [ 34%] [34m[1mGenerating C type support dispatch for ROS interfaces[0m
[0.659s] [ 36%] [34m[1mGenerating C type support for eProsima Fast-RTPS[0m
[0.660s] running egg_info
[0.660s] writing panda_motion_generator_msgs.egg-info/PKG-INFO
[0.660s] writing dependency_links to panda_motion_generator_msgs.egg-info/dependency_links.txt
[0.660s] writing top-level names to panda_motion_generator_msgs.egg-info/top_level.txt
[0.660s] reading manifest file 'panda_motion_generator_msgs.egg-info/SOURCES.txt'
[0.660s] writing manifest file 'panda_motion_generator_msgs.egg-info/SOURCES.txt'
[0.664s] [ 36%] Built target ament_cmake_python_build_panda_motion_generator_msgs_egg
[0.665s] [ 38%] [32mBuilding CXX object CMakeFiles/panda_motion_generator_msgs__rosidl_typesupport_fastrtps_cpp.dir/rosidl_typesupport_fastrtps_cpp/panda_motion_generator_msgs/msg/detail/dds_fastrtps/simple_action_result__type_support.cpp.o[0m
[0.665s] [ 39%] [32mBuilding CXX object CMakeFiles/panda_motion_generator_msgs__rosidl_typesupport_fastrtps_cpp.dir/rosidl_typesupport_fastrtps_cpp/panda_motion_generator_msgs/action/detail/dds_fastrtps/joint_via_motion__type_support.cpp.o[0m
[0.665s] [ 41%] [32mBuilding CXX object CMakeFiles/panda_motion_generator_msgs__rosidl_typesupport_fastrtps_cpp.dir/rosidl_typesupport_fastrtps_cpp/panda_motion_generator_msgs/action/detail/dds_fastrtps/cartesian_via_motion__type_support.cpp.o[0m
[0.964s] [ 42%] [32m[1mLinking CXX shared library libpanda_motion_generator_msgs__rosidl_typesupport_cpp.so[0m
[1.062s] [ 44%] Built target panda_motion_generator_msgs__rosidl_typesupport_cpp
[1.100s] [ 46%] [32mBuilding CXX object CMakeFiles/panda_motion_generator_msgs__rosidl_typesupport_c.dir/rosidl_typesupport_c/panda_motion_generator_msgs/msg/simple_action_result__type_support.cpp.o[0m
[1.100s] [ 47%] [32mBuilding CXX object CMakeFiles/panda_motion_generator_msgs__rosidl_typesupport_c.dir/rosidl_typesupport_c/panda_motion_generator_msgs/msg/joint_pose__type_support.cpp.o[0m
[1.119s] [ 49%] [32mBuilding CXX object CMakeFiles/panda_motion_generator_msgs__rosidl_typesupport_c.dir/rosidl_typesupport_c/panda_motion_generator_msgs/msg/set_time_scaling__type_support.cpp.o[0m
[1.121s] [ 50%] [32mBuilding CXX object CMakeFiles/panda_motion_generator_msgs__rosidl_typesupport_c.dir/rosidl_typesupport_c/panda_motion_generator_msgs/action/cartesian_via_motion__type_support.cpp.o[0m
[1.129s] [ 52%] [32mBuilding CXX object CMakeFiles/panda_motion_generator_msgs__rosidl_typesupport_c.dir/rosidl_typesupport_c/panda_motion_generator_msgs/action/joint_via_motion__type_support.cpp.o[0m
[1.215s] [ 53%] [32mBuilding C object CMakeFiles/panda_motion_generator_msgs__rosidl_typesupport_introspection_c.dir/rosidl_typesupport_introspection_c/panda_motion_generator_msgs/action/detail/cartesian_via_motion__type_support.c.o[0m
[1.215s] [ 55%] [32mBuilding C object CMakeFiles/panda_motion_generator_msgs__rosidl_typesupport_introspection_c.dir/rosidl_typesupport_introspection_c/panda_motion_generator_msgs/msg/detail/set_time_scaling__type_support.c.o[0m
[1.215s] [ 57%] [32mBuilding C object CMakeFiles/panda_motion_generator_msgs__rosidl_typesupport_introspection_c.dir/rosidl_typesupport_introspection_c/panda_motion_generator_msgs/msg/detail/joint_pose__type_support.c.o[0m
[1.215s] [ 58%] [32mBuilding C object CMakeFiles/panda_motion_generator_msgs__rosidl_typesupport_introspection_c.dir/rosidl_typesupport_introspection_c/panda_motion_generator_msgs/msg/detail/simple_action_result__type_support.c.o[0m
[1.222s] [ 60%] [32mBuilding C object CMakeFiles/panda_motion_generator_msgs__rosidl_typesupport_introspection_c.dir/rosidl_typesupport_introspection_c/panda_motion_generator_msgs/action/detail/joint_via_motion__type_support.c.o[0m
[1.242s] [ 61%] [32m[1mLinking CXX shared library libpanda_motion_generator_msgs__rosidl_typesupport_c.so[0m
[1.305s] [ 63%] [32mBuilding CXX object CMakeFiles/panda_motion_generator_msgs__rosidl_typesupport_fastrtps_c.dir/rosidl_typesupport_fastrtps_c/panda_motion_generator_msgs/msg/detail/joint_pose__type_support_c.cpp.o[0m
[1.314s] [ 65%] [32mBuilding CXX object CMakeFiles/panda_motion_generator_msgs__rosidl_typesupport_fastrtps_c.dir/rosidl_typesupport_fastrtps_c/panda_motion_generator_msgs/msg/detail/set_time_scaling__type_support_c.cpp.o[0m
[1.322s] [ 66%] [32mBuilding CXX object CMakeFiles/panda_motion_generator_msgs__rosidl_typesupport_fastrtps_c.dir/rosidl_typesupport_fastrtps_c/panda_motion_generator_msgs/msg/detail/simple_action_result__type_support_c.cpp.o[0m
[1.323s] [ 68%] [32mBuilding CXX object CMakeFiles/panda_motion_generator_msgs__rosidl_typesupport_fastrtps_c.dir/rosidl_typesupport_fastrtps_c/panda_motion_generator_msgs/action/detail/joint_via_motion__type_support_c.cpp.o[0m
[1.326s] [ 69%] [32m[1mLinking CXX shared library libpanda_motion_generator_msgs__rosidl_typesupport_introspection_cpp.so[0m
[1.329s] [ 71%] [32mBuilding CXX object CMakeFiles/panda_motion_generator_msgs__rosidl_typesupport_fastrtps_c.dir/rosidl_typesupport_fastrtps_c/panda_motion_generator_msgs/action/detail/cartesian_via_motion__type_support_c.cpp.o[0m
[1.341s] [ 71%] Built target panda_motion_generator_msgs__rosidl_typesupport_c
[1.348s] [ 73%] [32m[1mLinking C shared library libpanda_motion_generator_msgs__rosidl_typesupport_introspection_c.so[0m
[1.411s] [ 73%] Built target panda_motion_generator_msgs__rosidl_typesupport_introspection_c
[1.421s] [ 74%] Built target panda_motion_generator_msgs__rosidl_typesupport_introspection_cpp
[1.680s] [ 76%] [32m[1mLinking CXX shared library libpanda_motion_generator_msgs__rosidl_typesupport_fastrtps_cpp.so[0m
[1.771s] [ 77%] Built target panda_motion_generator_msgs__rosidl_typesupport_fastrtps_cpp
[1.945s] [ 79%] [32m[1mLinking CXX shared library libpanda_motion_generator_msgs__rosidl_typesupport_fastrtps_c.so[0m
[2.010s] [ 79%] Built target panda_motion_generator_msgs__rosidl_typesupport_fastrtps_c
[2.030s] [ 79%] Built target panda_motion_generator_msgs
[2.053s] [ 80%] [34m[1mGenerating Python code for ROS interfaces[0m
[3.054s] [ 80%] Built target panda_motion_generator_msgs__py
[3.078s] [ 84%] [32mBuilding C object CMakeFiles/panda_motion_generator_msgs__rosidl_generator_py.dir/rosidl_generator_py/panda_motion_generator_msgs/action/_cartesian_via_motion_s.c.o[0m
[3.078s] [ 84%] [32mBuilding C object CMakeFiles/panda_motion_generator_msgs__rosidl_generator_py.dir/rosidl_generator_py/panda_motion_generator_msgs/msg/_simple_action_result_s.c.o[0m
[3.079s] [ 85%] [32mBuilding C object CMakeFiles/panda_motion_generator_msgs__rosidl_generator_py.dir/rosidl_generator_py/panda_motion_generator_msgs/action/_joint_via_motion_s.c.o[0m
[3.081s] [ 88%] [32mBuilding C object CMakeFiles/panda_motion_generator_msgs__rosidl_generator_py.dir/rosidl_generator_py/panda_motion_generator_msgs/msg/_joint_pose_s.c.o[0m
[3.081s] [ 88%] [32mBuilding C object CMakeFiles/panda_motion_generator_msgs__rosidl_generator_py.dir/rosidl_generator_py/panda_motion_generator_msgs/msg/_set_time_scaling_s.c.o[0m
[3.504s] [ 90%] [32m[1mLinking C shared library rosidl_generator_py/panda_motion_generator_msgs/libpanda_motion_generator_msgs__rosidl_generator_py.so[0m
[3.560s] [ 90%] Built target panda_motion_generator_msgs__rosidl_generator_py
[3.581s] [ 92%] [32mBuilding C object CMakeFiles/panda_motion_generator_msgs__rosidl_typesupport_fastrtps_c__pyext.dir/rosidl_generator_py/panda_motion_generator_msgs/_panda_motion_generator_msgs_s.ep.rosidl_typesupport_fastrtps_c.c.o[0m
[3.582s] [ 95%] [32mBuilding C object CMakeFiles/panda_motion_generator_msgs__rosidl_typesupport_c__pyext.dir/rosidl_generator_py/panda_motion_generator_msgs/_panda_motion_generator_msgs_s.ep.rosidl_typesupport_c.c.o[0m
[3.582s] [ 95%] [32mBuilding C object CMakeFiles/panda_motion_generator_msgs__rosidl_typesupport_introspection_c__pyext.dir/rosidl_generator_py/panda_motion_generator_msgs/_panda_motion_generator_msgs_s.ep.rosidl_typesupport_introspection_c.c.o[0m
[3.909s] [ 96%] [32m[1mLinking C shared library rosidl_generator_py/panda_motion_generator_msgs/panda_motion_generator_msgs_s__rosidl_typesupport_introspection_c.cpython-310-x86_64-linux-gnu.so[0m
[3.951s] [ 96%] Built target panda_motion_generator_msgs__rosidl_typesupport_introspection_c__pyext
[4.005s] [ 98%] [32m[1mLinking C shared library rosidl_generator_py/panda_motion_generator_msgs/panda_motion_generator_msgs_s__rosidl_typesupport_c.cpython-310-x86_64-linux-gnu.so[0m
[4.010s] [100%] [32m[1mLinking C shared library rosidl_generator_py/panda_motion_generator_msgs/panda_motion_generator_msgs_s__rosidl_typesupport_fastrtps_c.cpython-310-x86_64-linux-gnu.so[0m
[4.049s] [100%] Built target panda_motion_generator_msgs__rosidl_typesupport_c__pyext
[4.059s] [100%] Built target panda_motion_generator_msgs__rosidl_typesupport_fastrtps_c__pyext
[4.074s] Invoked command in '/home/bibek/Summer_Research/multipanda_ros2/build/panda_motion_generator_msgs' returned '0': CMAKE_PREFIX_PATH=/opt/ros/humble /usr/bin/cmake --build /home/bibek/Summer_Research/multipanda_ros2/build/panda_motion_generator_msgs -- -j16 -l16
[4.076s] Invoking command in '/home/bibek/Summer_Research/multipanda_ros2/build/panda_motion_generator_msgs': CMAKE_PREFIX_PATH=/opt/ros/humble /usr/bin/cmake --install /home/bibek/Summer_Research/multipanda_ros2/build/panda_motion_generator_msgs
[4.086s] -- Install configuration: "Release"
[4.086s] -- Installing: /home/bibek/Summer_Research/multipanda_ros2/install/panda_motion_generator_msgs/share/ament_index/resource_index/rosidl_interfaces/panda_motion_generator_msgs
[4.087s] -- Installing: /home/bibek/Summer_Research/multipanda_ros2/install/panda_motion_generator_msgs/include/panda_motion_generator_msgs/panda_motion_generator_msgs
[4.087s] -- Installing: /home/bibek/Summer_Research/multipanda_ros2/install/panda_motion_generator_msgs/include/panda_motion_generator_msgs/panda_motion_generator_msgs/action
[4.087s] -- Installing: /home/bibek/Summer_Research/multipanda_ros2/install/panda_motion_generator_msgs/include/panda_motion_generator_msgs/panda_motion_generator_msgs/action/cartesian_via_motion.h
[4.087s] -- Installing: /home/bibek/Summer_Research/multipanda_ros2/install/panda_motion_generator_msgs/include/panda_motion_generator_msgs/panda_motion_generator_msgs/action/detail
[4.087s] -- Installing: /home/bibek/Summer_Research/multipanda_ros2/install/panda_motion_generator_msgs/include/panda_motion_generator_msgs/panda_motion_generator_msgs/action/detail/cartesian_via_motion__functions.c
[4.088s] -- Installing: /home/bibek/Summer_Research/multipanda_ros2/install/panda_motion_generator_msgs/include/panda_motion_generator_msgs/panda_motion_generator_msgs/action/detail/cartesian_via_motion__type_support.h
[4.088s] -- Installing: /home/bibek/Summer_Research/multipanda_ros2/install/panda_motion_generator_msgs/include/panda_motion_generator_msgs/panda_motion_generator_msgs/action/detail/cartesian_via_motion__struct.h
[4.088s] -- Installing: /home/bibek/Summer_Research/multipanda_ros2/install/panda_motion_generator_msgs/include/panda_motion_generator_msgs/panda_motion_generator_msgs/action/detail/cartesian_via_motion__functions.h
[4.088s] -- Installing: /home/bibek/Summer_Research/multipanda_ros2/install/panda_motion_generator_msgs/include/panda_motion_generator_msgs/panda_motion_generator_msgs/action/detail/joint_via_motion__struct.h
[4.088s] -- Installing: /home/bibek/Summer_Research/multipanda_ros2/install/panda_motion_generator_msgs/include/panda_motion_generator_msgs/panda_motion_generator_msgs/action/detail/joint_via_motion__type_support.h
[4.088s] -- Installing: /home/bibek/Summer_Research/multipanda_ros2/install/panda_motion_generator_msgs/include/panda_motion_generator_msgs/panda_motion_generator_msgs/action/detail/joint_via_motion__functions.c
[4.089s] -- Installing: /home/bibek/Summer_Research/multipanda_ros2/install/panda_motion_generator_msgs/include/panda_motion_generator_msgs/panda_motion_generator_msgs/action/detail/joint_via_motion__functions.h
[4.089s] -- Installing: /home/bibek/Summer_Research/multipanda_ros2/install/panda_motion_generator_msgs/include/panda_motion_generator_msgs/panda_motion_generator_msgs/action/joint_via_motion.h
[4.089s] -- Installing: /home/bibek/Summer_Research/multipanda_ros2/install/panda_motion_generator_msgs/include/panda_motion_generator_msgs/panda_motion_generator_msgs/msg
[4.089s] -- Installing: /home/bibek/Summer_Research/multipanda_ros2/install/panda_motion_generator_msgs/include/panda_motion_generator_msgs/panda_motion_generator_msgs/msg/set_time_scaling.h
[4.089s] -- Installing: /home/bibek/Summer_Research/multipanda_ros2/install/panda_motion_generator_msgs/include/panda_motion_generator_msgs/panda_motion_generator_msgs/msg/detail
[4.089s] -- Installing: /home/bibek/Summer_Research/multipanda_ros2/install/panda_motion_generator_msgs/include/panda_motion_generator_msgs/panda_motion_generator_msgs/msg/detail/set_time_scaling__functions.h
[4.089s] -- Installing: /home/bibek/Summer_Research/multipanda_ros2/install/panda_motion_generator_msgs/include/panda_motion_generator_msgs/panda_motion_generator_msgs/msg/detail/simple_action_result__struct.h
[4.089s] -- Installing: /home/bibek/Summer_Research/multipanda_ros2/install/panda_motion_generator_msgs/include/panda_motion_generator_msgs/panda_motion_generator_msgs/msg/detail/joint_pose__functions.h
[4.090s] -- Installing: /home/bibek/Summer_Research/multipanda_ros2/install/panda_motion_generator_msgs/include/panda_motion_generator_msgs/panda_motion_generator_msgs/msg/detail/joint_pose__functions.c
[4.090s] -- Installing: /home/bibek/Summer_Research/multipanda_ros2/install/panda_motion_generator_msgs/include/panda_motion_generator_msgs/panda_motion_generator_msgs/msg/detail/simple_action_result__functions.h
[4.090s] -- Installing: /home/bibek/Summer_Research/multipanda_ros2/install/panda_motion_generator_msgs/include/panda_motion_generator_msgs/panda_motion_generator_msgs/msg/detail/joint_pose__struct.h
[4.090s] -- Installing: /home/bibek/Summer_Research/multipanda_ros2/install/panda_motion_generator_msgs/include/panda_motion_generator_msgs/panda_motion_generator_msgs/msg/detail/set_time_scaling__struct.h
[4.090s] -- Installing: /home/bibek/Summer_Research/multipanda_ros2/install/panda_motion_generator_msgs/include/panda_motion_generator_msgs/panda_motion_generator_msgs/msg/detail/set_time_scaling__functions.c
[4.090s] -- Installing: /home/bibek/Summer_Research/multipanda_ros2/install/panda_motion_generator_msgs/include/panda_motion_generator_msgs/panda_motion_generator_msgs/msg/detail/simple_action_result__type_support.h
[4.090s] -- Installing: /home/bibek/Summer_Research/multipanda_ros2/install/panda_motion_generator_msgs/include/panda_motion_generator_msgs/panda_motion_generator_msgs/msg/detail/joint_pose__type_support.h
[4.090s] -- Installing: /home/bibek/Summer_Research/multipanda_ros2/install/panda_motion_generator_msgs/include/panda_motion_generator_msgs/panda_motion_generator_msgs/msg/detail/simple_action_result__functions.c
[4.090s] -- Installing: /home/bibek/Summer_Research/multipanda_ros2/install/panda_motion_generator_msgs/include/panda_motion_generator_msgs/panda_motion_generator_msgs/msg/detail/set_time_scaling__type_support.h
[4.090s] -- Installing: /home/bibek/Summer_Research/multipanda_ros2/install/panda_motion_generator_msgs/include/panda_motion_generator_msgs/panda_motion_generator_msgs/msg/joint_pose.h
[4.090s] -- Installing: /home/bibek/Summer_Research/multipanda_ros2/install/panda_motion_generator_msgs/include/panda_motion_generator_msgs/panda_motion_generator_msgs/msg/rosidl_generator_c__visibility_control.h
[4.090s] -- Installing: /home/bibek/Summer_Research/multipanda_ros2/install/panda_motion_generator_msgs/include/panda_motion_generator_msgs/panda_motion_generator_msgs/msg/simple_action_result.h
[4.091s] -- Installing: /home/bibek/Summer_Research/multipanda_ros2/install/panda_motion_generator_msgs/share/panda_motion_generator_msgs/environment/library_path.sh
[4.091s] -- Installing: /home/bibek/Summer_Research/multipanda_ros2/install/panda_motion_generator_msgs/share/panda_motion_generator_msgs/environment/library_path.dsv
[4.091s] -- Installing: /home/bibek/Summer_Research/multipanda_ros2/install/panda_motion_generator_msgs/lib/libpanda_motion_generator_msgs__rosidl_generator_c.so
[4.091s] -- Set runtime path of "/home/bibek/Summer_Research/multipanda_ros2/install/panda_motion_generator_msgs/lib/libpanda_motion_generator_msgs__rosidl_generator_c.so" to ""
[4.092s] -- Up-to-date: /home/bibek/Summer_Research/multipanda_ros2/install/panda_motion_generator_msgs/include/panda_motion_generator_msgs/panda_motion_generator_msgs
[4.092s] -- Up-to-date: /home/bibek/Summer_Research/multipanda_ros2/install/panda_motion_generator_msgs/include/panda_motion_generator_msgs/panda_motion_generator_msgs/action
[4.092s] -- Up-to-date: /home/bibek/Summer_Research/multipanda_ros2/install/panda_motion_generator_msgs/include/panda_motion_generator_msgs/panda_motion_generator_msgs/action/detail
[4.092s] -- Installing: /home/bibek/Summer_Research/multipanda_ros2/install/panda_motion_generator_msgs/include/panda_motion_generator_msgs/panda_motion_generator_msgs/action/detail/cartesian_via_motion__rosidl_typesupport_fastrtps_c.h
[4.092s] -- Installing: /home/bibek/Summer_Research/multipanda_ros2/install/panda_motion_generator_msgs/include/panda_motion_generator_msgs/panda_motion_generator_msgs/action/detail/joint_via_motion__rosidl_typesupport_fastrtps_c.h
[4.092s] -- Up-to-date: /home/bibek/Summer_Research/multipanda_ros2/install/panda_motion_generator_msgs/include/panda_motion_generator_msgs/panda_motion_generator_msgs/msg
[4.092s] -- Installing: /home/bibek/Summer_Research/multipanda_ros2/install/panda_motion_generator_msgs/include/panda_motion_generator_msgs/panda_motion_generator_msgs/msg/rosidl_typesupport_fastrtps_c__visibility_control.h
[4.092s] -- Up-to-date: /home/bibek/Summer_Research/multipanda_ros2/install/panda_motion_generator_msgs/include/panda_motion_generator_msgs/panda_motion_generator_msgs/msg/detail
[4.092s] -- Installing: /home/bibek/Summer_Research/multipanda_ros2/install/panda_motion_generator_msgs/include/panda_motion_generator_msgs/panda_motion_generator_msgs/msg/detail/joint_pose__rosidl_typesupport_fastrtps_c.h
[4.093s] -- Installing: /home/bibek/Summer_Research/multipanda_ros2/install/panda_motion_generator_msgs/include/panda_motion_generator_msgs/panda_motion_generator_msgs/msg/detail/set_time_scaling__rosidl_typesupport_fastrtps_c.h
[4.093s] -- Installing: /home/bibek/Summer_Research/multipanda_ros2/install/panda_motion_generator_msgs/include/panda_motion_generator_msgs/panda_motion_generator_msgs/msg/detail/simple_action_result__rosidl_typesupport_fastrtps_c.h
[4.093s] -- Installing: /home/bibek/Summer_Research/multipanda_ros2/install/panda_motion_generator_msgs/lib/libpanda_motion_generator_msgs__rosidl_typesupport_fastrtps_c.so
[4.093s] -- Set runtime path of "/home/bibek/Summer_Research/multipanda_ros2/install/panda_motion_generator_msgs/lib/libpanda_motion_generator_msgs__rosidl_typesupport_fastrtps_c.so" to ""
[4.093s] -- Up-to-date: /home/bibek/Summer_Research/multipanda_ros2/install/panda_motion_generator_msgs/include/panda_motion_generator_msgs/panda_motion_generator_msgs
[4.093s] -- Up-to-date: /home/bibek/Summer_Research/multipanda_ros2/install/panda_motion_generator_msgs/include/panda_motion_generator_msgs/panda_motion_generator_msgs/action
[4.093s] -- Installing: /home/bibek/Summer_Research/multipanda_ros2/install/panda_motion_generator_msgs/include/panda_motion_generator_msgs/panda_motion_generator_msgs/action/cartesian_via_motion.hpp
[4.093s] -- Up-to-date: /home/bibek/Summer_Research/multipanda_ros2/install/panda_motion_generator_msgs/include/panda_motion_generator_msgs/panda_motion_generator_msgs/action/detail
[4.093s] -- Installing: /home/bibek/Summer_Research/multipanda_ros2/install/panda_motion_generator_msgs/include/panda_motion_generator_msgs/panda_motion_generator_msgs/action/detail/joint_via_motion__struct.hpp
[4.093s] -- Installing: /home/bibek/Summer_Research/multipanda_ros2/install/panda_motion_generator_msgs/include/panda_motion_generator_msgs/panda_motion_generator_msgs/action/detail/joint_via_motion__traits.hpp
[4.094s] -- Installing: /home/bibek/Summer_Research/multipanda_ros2/install/panda_motion_generator_msgs/include/panda_motion_generator_msgs/panda_motion_generator_msgs/action/detail/joint_via_motion__builder.hpp
[4.094s] -- Installing: /home/bibek/Summer_Research/multipanda_ros2/install/panda_motion_generator_msgs/include/panda_motion_generator_msgs/panda_motion_generator_msgs/action/detail/cartesian_via_motion__struct.hpp
[4.094s] -- Installing: /home/bibek/Summer_Research/multipanda_ros2/install/panda_motion_generator_msgs/include/panda_motion_generator_msgs/panda_motion_generator_msgs/action/detail/cartesian_via_motion__traits.hpp
[4.094s] -- Installing: /home/bibek/Summer_Research/multipanda_ros2/install/panda_motion_generator_msgs/include/panda_motion_generator_msgs/panda_motion_generator_msgs/action/detail/joint_via_motion__type_support.hpp
[4.094s] -- Installing: /home/bibek/Summer_Research/multipanda_ros2/install/panda_motion_generator_msgs/include/panda_motion_generator_msgs/panda_motion_generator_msgs/action/detail/cartesian_via_motion__builder.hpp
[4.094s] -- Installing: /home/bibek/Summer_Research/multipanda_ros2/install/panda_motion_generator_msgs/include/panda_motion_generator_msgs/panda_motion_generator_msgs/action/detail/cartesian_via_motion__type_support.hpp
[4.094s] -- Installing: /home/bibek/Summer_Research/multipanda_ros2/install/panda_motion_generator_msgs/include/panda_motion_generator_msgs/panda_motion_generator_msgs/action/joint_via_motion.hpp
[4.094s] -- Up-to-date: /home/bibek/Summer_Research/multipanda_ros2/install/panda_motion_generator_msgs/include/panda_motion_generator_msgs/panda_motion_generator_msgs/msg
[4.094s] -- Installing: /home/bibek/Summer_Research/multipanda_ros2/install/panda_motion_generator_msgs/include/panda_motion_generator_msgs/panda_motion_generator_msgs/msg/set_time_scaling.hpp
[4.094s] -- Installing: /home/bibek/Summer_Research/multipanda_ros2/install/panda_motion_generator_msgs/include/panda_motion_generator_msgs/panda_motion_generator_msgs/msg/rosidl_generator_cpp__visibility_control.hpp
[4.095s] -- Installing: /home/bibek/Summer_Research/multipanda_ros2/install/panda_motion_generator_msgs/include/panda_motion_generator_msgs/panda_motion_generator_msgs/msg/joint_pose.hpp
[4.095s] -- Up-to-date: /home/bibek/Summer_Research/multipanda_ros2/install/panda_motion_generator_msgs/include/panda_motion_generator_msgs/panda_motion_generator_msgs/msg/detail
[4.095s] -- Installing: /home/bibek/Summer_Research/multipanda_ros2/install/panda_motion_generator_msgs/include/panda_motion_generator_msgs/panda_motion_generator_msgs/msg/detail/set_time_scaling__type_support.hpp
[4.095s] -- Installing: /home/bibek/Summer_Research/multipanda_ros2/install/panda_motion_generator_msgs/include/panda_motion_generator_msgs/panda_motion_generator_msgs/msg/detail/simple_action_result__struct.hpp
[4.095s] -- Installing: /home/bibek/Summer_Research/multipanda_ros2/install/panda_motion_generator_msgs/include/panda_motion_generator_msgs/panda_motion_generator_msgs/msg/detail/simple_action_result__builder.hpp
[4.095s] -- Installing: /home/bibek/Summer_Research/multipanda_ros2/install/panda_motion_generator_msgs/include/panda_motion_generator_msgs/panda_motion_generator_msgs/msg/detail/joint_pose__struct.hpp
[4.095s] -- Installing: /home/bibek/Summer_Research/multipanda_ros2/install/panda_motion_generator_msgs/include/panda_motion_generator_msgs/panda_motion_generator_msgs/msg/detail/joint_pose__builder.hpp
[4.095s] -- Installing: /home/bibek/Summer_Research/multipanda_ros2/install/panda_motion_generator_msgs/include/panda_motion_generator_msgs/panda_motion_generator_msgs/msg/detail/simple_action_result__type_support.hpp
[4.095s] -- Installing: /home/bibek/Summer_Research/multipanda_ros2/install/panda_motion_generator_msgs/include/panda_motion_generator_msgs/panda_motion_generator_msgs/msg/detail/set_time_scaling__traits.hpp
[4.095s] -- Installing: /home/bibek/Summer_Research/multipanda_ros2/install/panda_motion_generator_msgs/include/panda_motion_generator_msgs/panda_motion_generator_msgs/msg/detail/joint_pose__traits.hpp
[4.095s] -- Installing: /home/bibek/Summer_Research/multipanda_ros2/install/panda_motion_generator_msgs/include/panda_motion_generator_msgs/panda_motion_generator_msgs/msg/detail/set_time_scaling__struct.hpp
[4.096s] -- Installing: /home/bibek/Summer_Research/multipanda_ros2/install/panda_motion_generator_msgs/include/panda_motion_generator_msgs/panda_motion_generator_msgs/msg/detail/set_time_scaling__builder.hpp
[4.096s] -- Installing: /home/bibek/Summer_Research/multipanda_ros2/install/panda_motion_generator_msgs/include/panda_motion_generator_msgs/panda_motion_generator_msgs/msg/detail/simple_action_result__traits.hpp
[4.096s] -- Installing: /home/bibek/Summer_Research/multipanda_ros2/install/panda_motion_generator_msgs/include/panda_motion_generator_msgs/panda_motion_generator_msgs/msg/detail/joint_pose__type_support.hpp
[4.096s] -- Installing: /home/bibek/Summer_Research/multipanda_ros2/install/panda_motion_generator_msgs/include/panda_motion_generator_msgs/panda_motion_generator_msgs/msg/simple_action_result.hpp
[4.096s] -- Up-to-date: /home/bibek/Summer_Research/multipanda_ros2/install/panda_motion_generator_msgs/include/panda_motion_generator_msgs/panda_motion_generator_msgs
[4.096s] -- Up-to-date: /home/bibek/Summer_Research/multipanda_ros2/install/panda_motion_generator_msgs/include/panda_motion_generator_msgs/panda_motion_generator_msgs/action
[4.096s] -- Up-to-date: /home/bibek/Summer_Research/multipanda_ros2/install/panda_motion_generator_msgs/include/panda_motion_generator_msgs/panda_motion_generator_msgs/action/detail
[4.096s] -- Installing: /home/bibek/Summer_Research/multipanda_ros2/install/panda_motion_generator_msgs/include/panda_motion_generator_msgs/panda_motion_generator_msgs/action/detail/dds_fastrtps
[4.096s] -- Installing: /home/bibek/Summer_Research/multipanda_ros2/install/panda_motion_generator_msgs/include/panda_motion_generator_msgs/panda_motion_generator_msgs/action/detail/joint_via_motion__rosidl_typesupport_fastrtps_cpp.hpp
[4.096s] -- Installing: /home/bibek/Summer_Research/multipanda_ros2/install/panda_motion_generator_msgs/include/panda_motion_generator_msgs/panda_motion_generator_msgs/action/detail/cartesian_via_motion__rosidl_typesupport_fastrtps_cpp.hpp
[4.097s] -- Up-to-date: /home/bibek/Summer_Research/multipanda_ros2/install/panda_motion_generator_msgs/include/panda_motion_generator_msgs/panda_motion_generator_msgs/msg
[4.097s] -- Installing: /home/bibek/Summer_Research/multipanda_ros2/install/panda_motion_generator_msgs/include/panda_motion_generator_msgs/panda_motion_generator_msgs/msg/rosidl_typesupport_fastrtps_cpp__visibility_control.h
[4.097s] -- Up-to-date: /home/bibek/Summer_Research/multipanda_ros2/install/panda_motion_generator_msgs/include/panda_motion_generator_msgs/panda_motion_generator_msgs/msg/detail
[4.097s] -- Installing: /home/bibek/Summer_Research/multipanda_ros2/install/panda_motion_generator_msgs/include/panda_motion_generator_msgs/panda_motion_generator_msgs/msg/detail/dds_fastrtps
[4.097s] -- Installing: /home/bibek/Summer_Research/multipanda_ros2/install/panda_motion_generator_msgs/include/panda_motion_generator_msgs/panda_motion_generator_msgs/msg/detail/set_time_scaling__rosidl_typesupport_fastrtps_cpp.hpp
[4.097s] -- Installing: /home/bibek/Summer_Research/multipanda_ros2/install/panda_motion_generator_msgs/include/panda_motion_generator_msgs/panda_motion_generator_msgs/msg/detail/joint_pose__rosidl_typesupport_fastrtps_cpp.hpp
[4.097s] -- Installing: /home/bibek/Summer_Research/multipanda_ros2/install/panda_motion_generator_msgs/include/panda_motion_generator_msgs/panda_motion_generator_msgs/msg/detail/simple_action_result__rosidl_typesupport_fastrtps_cpp.hpp
[4.097s] -- Installing: /home/bibek/Summer_Research/multipanda_ros2/install/panda_motion_generator_msgs/lib/libpanda_motion_generator_msgs__rosidl_typesupport_fastrtps_cpp.so
[4.097s] -- Set runtime path of "/home/bibek/Summer_Research/multipanda_ros2/install/panda_motion_generator_msgs/lib/libpanda_motion_generator_msgs__rosidl_typesupport_fastrtps_cpp.so" to ""
[4.097s] -- Up-to-date: /home/bibek/Summer_Research/multipanda_ros2/install/panda_motion_generator_msgs/include/panda_motion_generator_msgs/panda_motion_generator_msgs
[4.098s] -- Up-to-date: /home/bibek/Summer_Research/multipanda_ros2/install/panda_motion_generator_msgs/include/panda_motion_generator_msgs/panda_motion_generator_msgs/action
[4.098s] -- Up-to-date: /home/bibek/Summer_Research/multipanda_ros2/install/panda_motion_generator_msgs/include/panda_motion_generator_msgs/panda_motion_generator_msgs/action/detail
[4.098s] -- Installing: /home/bibek/Summer_Research/multipanda_ros2/install/panda_motion_generator_msgs/include/panda_motion_generator_msgs/panda_motion_generator_msgs/action/detail/cartesian_via_motion__rosidl_typesupport_introspection_c.h
[4.098s] -- Installing: /home/bibek/Summer_Research/multipanda_ros2/install/panda_motion_generator_msgs/include/panda_motion_generator_msgs/panda_motion_generator_msgs/action/detail/joint_via_motion__rosidl_typesupport_introspection_c.h
[4.098s] -- Installing: /home/bibek/Summer_Research/multipanda_ros2/install/panda_motion_generator_msgs/include/panda_motion_generator_msgs/panda_motion_generator_msgs/action/detail/joint_via_motion__type_support.c
[4.098s] -- Installing: /home/bibek/Summer_Research/multipanda_ros2/install/panda_motion_generator_msgs/include/panda_motion_generator_msgs/panda_motion_generator_msgs/action/detail/cartesian_via_motion__type_support.c
[4.098s] -- Up-to-date: /home/bibek/Summer_Research/multipanda_ros2/install/panda_motion_generator_msgs/include/panda_motion_generator_msgs/panda_motion_generator_msgs/msg
[4.098s] -- Installing: /home/bibek/Summer_Research/multipanda_ros2/install/panda_motion_generator_msgs/include/panda_motion_generator_msgs/panda_motion_generator_msgs/msg/rosidl_typesupport_introspection_c__visibility_control.h
[4.098s] -- Up-to-date: /home/bibek/Summer_Research/multipanda_ros2/install/panda_motion_generator_msgs/include/panda_motion_generator_msgs/panda_motion_generator_msgs/msg/detail
[4.098s] -- Installing: /home/bibek/Summer_Research/multipanda_ros2/install/panda_motion_generator_msgs/include/panda_motion_generator_msgs/panda_motion_generator_msgs/msg/detail/simple_action_result__type_support.c
[4.098s] -- Installing: /home/bibek/Summer_Research/multipanda_ros2/install/panda_motion_generator_msgs/include/panda_motion_generator_msgs/panda_motion_generator_msgs/msg/detail/joint_pose__rosidl_typesupport_introspection_c.h
[4.099s] -- Installing: /home/bibek/Summer_Research/multipanda_ros2/install/panda_motion_generator_msgs/include/panda_motion_generator_msgs/panda_motion_generator_msgs/msg/detail/simple_action_result__rosidl_typesupport_introspection_c.h
[4.099s] -- Installing: /home/bibek/Summer_Research/multipanda_ros2/install/panda_motion_generator_msgs/include/panda_motion_generator_msgs/panda_motion_generator_msgs/msg/detail/set_time_scaling__rosidl_typesupport_introspection_c.h
[4.099s] -- Installing: /home/bibek/Summer_Research/multipanda_ros2/install/panda_motion_generator_msgs/include/panda_motion_generator_msgs/panda_motion_generator_msgs/msg/detail/set_time_scaling__type_support.c
[4.099s] -- Installing: /home/bibek/Summer_Research/multipanda_ros2/install/panda_motion_generator_msgs/include/panda_motion_generator_msgs/panda_motion_generator_msgs/msg/detail/joint_pose__type_support.c
[4.099s] -- Installing: /home/bibek/Summer_Research/multipanda_ros2/install/panda_motion_generator_msgs/lib/libpanda_motion_generator_msgs__rosidl_typesupport_introspection_c.so
[4.099s] -- Set runtime path of "/home/bibek/Summer_Research/multipanda_ros2/install/panda_motion_generator_msgs/lib/libpanda_motion_generator_msgs__rosidl_typesupport_introspection_c.so" to ""
[4.099s] -- Installing: /home/bibek/Summer_Research/multipanda_ros2/install/panda_motion_generator_msgs/lib/libpanda_motion_generator_msgs__rosidl_typesupport_c.so
[4.100s] -- Set runtime path of "/home/bibek/Summer_Research/multipanda_ros2/install/panda_motion_generator_msgs/lib/libpanda_motion_generator_msgs__rosidl_typesupport_c.so" to ""
[4.100s] -- Up-to-date: /home/bibek/Summer_Research/multipanda_ros2/install/panda_motion_generator_msgs/include/panda_motion_generator_msgs/panda_motion_generator_msgs
[4.100s] -- Up-to-date: /home/bibek/Summer_Research/multipanda_ros2/install/panda_motion_generator_msgs/include/panda_motion_generator_msgs/panda_motion_generator_msgs/action
[4.100s] -- Up-to-date: /home/bibek/Summer_Research/multipanda_ros2/install/panda_motion_generator_msgs/include/panda_motion_generator_msgs/panda_motion_generator_msgs/action/detail
[4.100s] -- Installing: /home/bibek/Summer_Research/multipanda_ros2/install/panda_motion_generator_msgs/include/panda_motion_generator_msgs/panda_motion_generator_msgs/action/detail/joint_via_motion__type_support.cpp
[4.100s] -- Installing: /home/bibek/Summer_Research/multipanda_ros2/install/panda_motion_generator_msgs/include/panda_motion_generator_msgs/panda_motion_generator_msgs/action/detail/cartesian_via_motion__type_support.cpp
[4.100s] -- Installing: /home/bibek/Summer_Research/multipanda_ros2/install/panda_motion_generator_msgs/include/panda_motion_generator_msgs/panda_motion_generator_msgs/action/detail/joint_via_motion__rosidl_typesupport_introspection_cpp.hpp
[4.100s] -- Installing: /home/bibek/Summer_Research/multipanda_ros2/install/panda_motion_generator_msgs/include/panda_motion_generator_msgs/panda_motion_generator_msgs/action/detail/cartesian_via_motion__rosidl_typesupport_introspection_cpp.hpp
[4.100s] -- Up-to-date: /home/bibek/Summer_Research/multipanda_ros2/install/panda_motion_generator_msgs/include/panda_motion_generator_msgs/panda_motion_generator_msgs/msg
[4.100s] -- Up-to-date: /home/bibek/Summer_Research/multipanda_ros2/install/panda_motion_generator_msgs/include/panda_motion_generator_msgs/panda_motion_generator_msgs/msg/detail
[4.100s] -- Installing: /home/bibek/Summer_Research/multipanda_ros2/install/panda_motion_generator_msgs/include/panda_motion_generator_msgs/panda_motion_generator_msgs/msg/detail/joint_pose__type_support.cpp
[4.101s] -- Installing: /home/bibek/Summer_Research/multipanda_ros2/install/panda_motion_generator_msgs/include/panda_motion_generator_msgs/panda_motion_generator_msgs/msg/detail/simple_action_result__type_support.cpp
[4.101s] -- Installing: /home/bibek/Summer_Research/multipanda_ros2/install/panda_motion_generator_msgs/include/panda_motion_generator_msgs/panda_motion_generator_msgs/msg/detail/joint_pose__rosidl_typesupport_introspection_cpp.hpp
[4.101s] -- Installing: /home/bibek/Summer_Research/multipanda_ros2/install/panda_motion_generator_msgs/include/panda_motion_generator_msgs/panda_motion_generator_msgs/msg/detail/set_time_scaling__rosidl_typesupport_introspection_cpp.hpp
[4.101s] -- Installing: /home/bibek/Summer_Research/multipanda_ros2/install/panda_motion_generator_msgs/include/panda_motion_generator_msgs/panda_motion_generator_msgs/msg/detail/simple_action_result__rosidl_typesupport_introspection_cpp.hpp
[4.101s] -- Installing: /home/bibek/Summer_Research/multipanda_ros2/install/panda_motion_generator_msgs/include/panda_motion_generator_msgs/panda_motion_generator_msgs/msg/detail/set_time_scaling__type_support.cpp
[4.101s] -- Installing: /home/bibek/Summer_Research/multipanda_ros2/install/panda_motion_generator_msgs/lib/libpanda_motion_generator_msgs__rosidl_typesupport_introspection_cpp.so
[4.102s] -- Set runtime path of "/home/bibek/Summer_Research/multipanda_ros2/install/panda_motion_generator_msgs/lib/libpanda_motion_generator_msgs__rosidl_typesupport_introspection_cpp.so" to ""
[4.102s] -- Installing: /home/bibek/Summer_Research/multipanda_ros2/install/panda_motion_generator_msgs/lib/libpanda_motion_generator_msgs__rosidl_typesupport_cpp.so
[4.102s] -- Set runtime path of "/home/bibek/Summer_Research/multipanda_ros2/install/panda_motion_generator_msgs/lib/libpanda_motion_generator_msgs__rosidl_typesupport_cpp.so" to ""
[4.102s] -- Installing: /home/bibek/Summer_Research/multipanda_ros2/install/panda_motion_generator_msgs/share/panda_motion_generator_msgs/environment/pythonpath.sh
[4.102s] -- Installing: /home/bibek/Summer_Research/multipanda_ros2/install/panda_motion_generator_msgs/share/panda_motion_generator_msgs/environment/pythonpath.dsv
[4.102s] -- Installing: /home/bibek/Summer_Research/multipanda_ros2/install/panda_motion_generator_msgs/local/lib/python3.10/dist-packages/panda_motion_generator_msgs-0.0.0-py3.10.egg-info
[4.103s] -- Installing: /home/bibek/Summer_Research/multipanda_ros2/install/panda_motion_generator_msgs/local/lib/python3.10/dist-packages/panda_motion_generator_msgs-0.0.0-py3.10.egg-info/SOURCES.txt
[4.103s] -- Installing: /home/bibek/Summer_Research/multipanda_ros2/install/panda_motion_generator_msgs/local/lib/python3.10/dist-packages/panda_motion_generator_msgs-0.0.0-py3.10.egg-info/PKG-INFO
[4.103s] -- Installing: /home/bibek/Summer_Research/multipanda_ros2/install/panda_motion_generator_msgs/local/lib/python3.10/dist-packages/panda_motion_generator_msgs-0.0.0-py3.10.egg-info/top_level.txt
[4.103s] -- Installing: /home/bibek/Summer_Research/multipanda_ros2/install/panda_motion_generator_msgs/local/lib/python3.10/dist-packages/panda_motion_generator_msgs-0.0.0-py3.10.egg-info/dependency_links.txt
[4.103s] -- Installing: /home/bibek/Summer_Research/multipanda_ros2/install/panda_motion_generator_msgs/local/lib/python3.10/dist-packages/panda_motion_generator_msgs
[4.103s] -- Installing: /home/bibek/Summer_Research/multipanda_ros2/install/panda_motion_generator_msgs/local/lib/python3.10/dist-packages/panda_motion_generator_msgs/__init__.py
[4.103s] -- Installing: /home/bibek/Summer_Research/multipanda_ros2/install/panda_motion_generator_msgs/local/lib/python3.10/dist-packages/panda_motion_generator_msgs/_panda_motion_generator_msgs_s.ep.rosidl_typesupport_c.c
[4.103s] -- Installing: /home/bibek/Summer_Research/multipanda_ros2/install/panda_motion_generator_msgs/local/lib/python3.10/dist-packages/panda_motion_generator_msgs/_panda_motion_generator_msgs_s.ep.rosidl_typesupport_fastrtps_c.c
[4.104s] -- Installing: /home/bibek/Summer_Research/multipanda_ros2/install/panda_motion_generator_msgs/local/lib/python3.10/dist-packages/panda_motion_generator_msgs/action
[4.104s] -- Installing: /home/bibek/Summer_Research/multipanda_ros2/install/panda_motion_generator_msgs/local/lib/python3.10/dist-packages/panda_motion_generator_msgs/action/__init__.py
[4.104s] -- Installing: /home/bibek/Summer_Research/multipanda_ros2/install/panda_motion_generator_msgs/local/lib/python3.10/dist-packages/panda_motion_generator_msgs/action/_joint_via_motion_s.c
[4.104s] -- Installing: /home/bibek/Summer_Research/multipanda_ros2/install/panda_motion_generator_msgs/local/lib/python3.10/dist-packages/panda_motion_generator_msgs/action/_cartesian_via_motion.py
[4.104s] -- Installing: /home/bibek/Summer_Research/multipanda_ros2/install/panda_motion_generator_msgs/local/lib/python3.10/dist-packages/panda_motion_generator_msgs/action/_joint_via_motion.py
[4.104s] -- Installing: /home/bibek/Summer_Research/multipanda_ros2/install/panda_motion_generator_msgs/local/lib/python3.10/dist-packages/panda_motion_generator_msgs/action/_cartesian_via_motion_s.c
[4.105s] -- Installing: /home/bibek/Summer_Research/multipanda_ros2/install/panda_motion_generator_msgs/local/lib/python3.10/dist-packages/panda_motion_generator_msgs/msg
[4.105s] -- Installing: /home/bibek/Summer_Research/multipanda_ros2/install/panda_motion_generator_msgs/local/lib/python3.10/dist-packages/panda_motion_generator_msgs/msg/__init__.py
[4.105s] -- Installing: /home/bibek/Summer_Research/multipanda_ros2/install/panda_motion_generator_msgs/local/lib/python3.10/dist-packages/panda_motion_generator_msgs/msg/_set_time_scaling.py
[4.105s] -- Installing: /home/bibek/Summer_Research/multipanda_ros2/install/panda_motion_generator_msgs/local/lib/python3.10/dist-packages/panda_motion_generator_msgs/msg/_joint_pose_s.c
[4.105s] -- Installing: /home/bibek/Summer_Research/multipanda_ros2/install/panda_motion_generator_msgs/local/lib/python3.10/dist-packages/panda_motion_generator_msgs/msg/_joint_pose.py
[4.105s] -- Installing: /home/bibek/Summer_Research/multipanda_ros2/install/panda_motion_generator_msgs/local/lib/python3.10/dist-packages/panda_motion_generator_msgs/msg/_simple_action_result.py
[4.105s] -- Installing: /home/bibek/Summer_Research/multipanda_ros2/install/panda_motion_generator_msgs/local/lib/python3.10/dist-packages/panda_motion_generator_msgs/msg/_simple_action_result_s.c
[4.106s] -- Installing: /home/bibek/Summer_Research/multipanda_ros2/install/panda_motion_generator_msgs/local/lib/python3.10/dist-packages/panda_motion_generator_msgs/msg/_set_time_scaling_s.c
[4.106s] -- Installing: /home/bibek/Summer_Research/multipanda_ros2/install/panda_motion_generator_msgs/local/lib/python3.10/dist-packages/panda_motion_generator_msgs/panda_motion_generator_msgs_s__rosidl_typesupport_fastrtps_c.cpython-310-x86_64-linux-gnu.so
[4.106s] -- Installing: /home/bibek/Summer_Research/multipanda_ros2/install/panda_motion_generator_msgs/local/lib/python3.10/dist-packages/panda_motion_generator_msgs/_panda_motion_generator_msgs_s.ep.rosidl_typesupport_introspection_c.c
[4.106s] -- Installing: /home/bibek/Summer_Research/multipanda_ros2/install/panda_motion_generator_msgs/local/lib/python3.10/dist-packages/panda_motion_generator_msgs/panda_motion_generator_msgs_s__rosidl_typesupport_introspection_c.cpython-310-x86_64-linux-gnu.so
[4.106s] -- Installing: /home/bibek/Summer_Research/multipanda_ros2/install/panda_motion_generator_msgs/local/lib/python3.10/dist-packages/panda_motion_generator_msgs/libpanda_motion_generator_msgs__rosidl_generator_py.so
[4.106s] -- Installing: /home/bibek/Summer_Research/multipanda_ros2/install/panda_motion_generator_msgs/local/lib/python3.10/dist-packages/panda_motion_generator_msgs/panda_motion_generator_msgs_s__rosidl_typesupport_c.cpython-310-x86_64-linux-gnu.so
[4.162s] Listing '/home/bibek/Summer_Research/multipanda_ros2/install/panda_motion_generator_msgs/local/lib/python3.10/dist-packages/panda_motion_generator_msgs'...
[4.162s] Compiling '/home/bibek/Summer_Research/multipanda_ros2/install/panda_motion_generator_msgs/local/lib/python3.10/dist-packages/panda_motion_generator_msgs/__init__.py'...
[4.162s] Listing '/home/bibek/Summer_Research/multipanda_ros2/install/panda_motion_generator_msgs/local/lib/python3.10/dist-packages/panda_motion_generator_msgs/action'...
[4.162s] Compiling '/home/bibek/Summer_Research/multipanda_ros2/install/panda_motion_generator_msgs/local/lib/python3.10/dist-packages/panda_motion_generator_msgs/action/__init__.py'...
[4.163s] Compiling '/home/bibek/Summer_Research/multipanda_ros2/install/panda_motion_generator_msgs/local/lib/python3.10/dist-packages/panda_motion_generator_msgs/action/_cartesian_via_motion.py'...
[4.163s] Compiling '/home/bibek/Summer_Research/multipanda_ros2/install/panda_motion_generator_msgs/local/lib/python3.10/dist-packages/panda_motion_generator_msgs/action/_joint_via_motion.py'...
[4.163s] Listing '/home/bibek/Summer_Research/multipanda_ros2/install/panda_motion_generator_msgs/local/lib/python3.10/dist-packages/panda_motion_generator_msgs/msg'...
[4.163s] Compiling '/home/bibek/Summer_Research/multipanda_ros2/install/panda_motion_generator_msgs/local/lib/python3.10/dist-packages/panda_motion_generator_msgs/msg/__init__.py'...
[4.163s] Compiling '/home/bibek/Summer_Research/multipanda_ros2/install/panda_motion_generator_msgs/local/lib/python3.10/dist-packages/panda_motion_generator_msgs/msg/_joint_pose.py'...
[4.163s] Compiling '/home/bibek/Summer_Research/multipanda_ros2/install/panda_motion_generator_msgs/local/lib/python3.10/dist-packages/panda_motion_generator_msgs/msg/_set_time_scaling.py'...
[4.163s] Compiling '/home/bibek/Summer_Research/multipanda_ros2/install/panda_motion_generator_msgs/local/lib/python3.10/dist-packages/panda_motion_generator_msgs/msg/_simple_action_result.py'...
[4.167s] -- Installing: /home/bibek/Summer_Research/multipanda_ros2/install/panda_motion_generator_msgs/local/lib/python3.10/dist-packages/panda_motion_generator_msgs/panda_motion_generator_msgs_s__rosidl_typesupport_fastrtps_c.cpython-310-x86_64-linux-gnu.so
[4.167s] -- Set runtime path of "/home/bibek/Summer_Research/multipanda_ros2/install/panda_motion_generator_msgs/local/lib/python3.10/dist-packages/panda_motion_generator_msgs/panda_motion_generator_msgs_s__rosidl_typesupport_fastrtps_c.cpython-310-x86_64-linux-gnu.so" to ""
[4.168s] -- Installing: /home/bibek/Summer_Research/multipanda_ros2/install/panda_motion_generator_msgs/local/lib/python3.10/dist-packages/panda_motion_generator_msgs/panda_motion_generator_msgs_s__rosidl_typesupport_introspection_c.cpython-310-x86_64-linux-gnu.so
[4.168s] -- Set runtime path of "/home/bibek/Summer_Research/multipanda_ros2/install/panda_motion_generator_msgs/local/lib/python3.10/dist-packages/panda_motion_generator_msgs/panda_motion_generator_msgs_s__rosidl_typesupport_introspection_c.cpython-310-x86_64-linux-gnu.so" to ""
[4.169s] -- Installing: /home/bibek/Summer_Research/multipanda_ros2/install/panda_motion_generator_msgs/local/lib/python3.10/dist-packages/panda_motion_generator_msgs/panda_motion_generator_msgs_s__rosidl_typesupport_c.cpython-310-x86_64-linux-gnu.so
[4.169s] -- Set runtime path of "/home/bibek/Summer_Research/multipanda_ros2/install/panda_motion_generator_msgs/local/lib/python3.10/dist-packages/panda_motion_generator_msgs/panda_motion_generator_msgs_s__rosidl_typesupport_c.cpython-310-x86_64-linux-gnu.so" to ""
[4.169s] -- Installing: /home/bibek/Summer_Research/multipanda_ros2/install/panda_motion_generator_msgs/lib/libpanda_motion_generator_msgs__rosidl_generator_py.so
[4.169s] -- Set runtime path of "/home/bibek/Summer_Research/multipanda_ros2/install/panda_motion_generator_msgs/lib/libpanda_motion_generator_msgs__rosidl_generator_py.so" to ""
[4.171s] -- Installing: /home/bibek/Summer_Research/multipanda_ros2/install/panda_motion_generator_msgs/share/panda_motion_generator_msgs/msg/JointPose.idl
[4.171s] -- Installing: /home/bibek/Summer_Research/multipanda_ros2/install/panda_motion_generator_msgs/share/panda_motion_generator_msgs/msg/SetTimeScaling.idl
[4.171s] -- Installing: /home/bibek/Summer_Research/multipanda_ros2/install/panda_motion_generator_msgs/share/panda_motion_generator_msgs/msg/SimpleActionResult.idl
[4.171s] -- Installing: /home/bibek/Summer_Research/multipanda_ros2/install/panda_motion_generator_msgs/share/panda_motion_generator_msgs/action/CartesianViaMotion.idl
[4.171s] -- Installing: /home/bibek/Summer_Research/multipanda_ros2/install/panda_motion_generator_msgs/share/panda_motion_generator_msgs/action/JointViaMotion.idl
[4.172s] -- Installing: /home/bibek/Summer_Research/multipanda_ros2/install/panda_motion_generator_msgs/share/panda_motion_generator_msgs/msg/JointPose.msg
[4.172s] -- Installing: /home/bibek/Summer_Research/multipanda_ros2/install/panda_motion_generator_msgs/share/panda_motion_generator_msgs/msg/SetTimeScaling.msg
[4.172s] -- Installing: /home/bibek/Summer_Research/multipanda_ros2/install/panda_motion_generator_msgs/share/panda_motion_generator_msgs/msg/SimpleActionResult.msg
[4.172s] -- Installing: /home/bibek/Summer_Research/multipanda_ros2/install/panda_motion_generator_msgs/share/panda_motion_generator_msgs/action/CartesianViaMotion.action
[4.172s] -- Installing: /home/bibek/Summer_Research/multipanda_ros2/install/panda_motion_generator_msgs/share/panda_motion_generator_msgs/action/JointViaMotion.action
[4.172s] -- Installing: /home/bibek/Summer_Research/multipanda_ros2/install/panda_motion_generator_msgs/share/ament_index/resource_index/package_run_dependencies/panda_motion_generator_msgs
[4.172s] -- Installing: /home/bibek/Summer_Research/multipanda_ros2/install/panda_motion_generator_msgs/share/ament_index/resource_index/parent_prefix_path/panda_motion_generator_msgs
[4.172s] -- Installing: /home/bibek/Summer_Research/multipanda_ros2/install/panda_motion_generator_msgs/share/panda_motion_generator_msgs/environment/ament_prefix_path.sh
[4.172s] -- Installing: /home/bibek/Summer_Research/multipanda_ros2/install/panda_motion_generator_msgs/share/panda_motion_generator_msgs/environment/ament_prefix_path.dsv
[4.172s] -- Installing: /home/bibek/Summer_Research/multipanda_ros2/install/panda_motion_generator_msgs/share/panda_motion_generator_msgs/environment/path.sh
[4.172s] -- Installing: /home/bibek/Summer_Research/multipanda_ros2/install/panda_motion_generator_msgs/share/panda_motion_generator_msgs/environment/path.dsv
[4.176s] -- Installing: /home/bibek/Summer_Research/multipanda_ros2/install/panda_motion_generator_msgs/share/panda_motion_generator_msgs/local_setup.bash
[4.177s] -- Installing: /home/bibek/Summer_Research/multipanda_ros2/install/panda_motion_generator_msgs/share/panda_motion_generator_msgs/local_setup.sh
[4.177s] -- Installing: /home/bibek/Summer_Research/multipanda_ros2/install/panda_motion_generator_msgs/share/panda_motion_generator_msgs/local_setup.zsh
[4.177s] -- Installing: /home/bibek/Summer_Research/multipanda_ros2/install/panda_motion_generator_msgs/share/panda_motion_generator_msgs/local_setup.dsv
[4.177s] -- Installing: /home/bibek/Summer_Research/multipanda_ros2/install/panda_motion_generator_msgs/share/panda_motion_generator_msgs/package.dsv
[4.177s] -- Installing: /home/bibek/Summer_Research/multipanda_ros2/install/panda_motion_generator_msgs/share/ament_index/resource_index/packages/panda_motion_generator_msgs
[4.178s] -- Installing: /home/bibek/Summer_Research/multipanda_ros2/install/panda_motion_generator_msgs/share/panda_motion_generator_msgs/cmake/export_panda_motion_generator_msgs__rosidl_generator_cExport.cmake
[4.178s] -- Installing: /home/bibek/Summer_Research/multipanda_ros2/install/panda_motion_generator_msgs/share/panda_motion_generator_msgs/cmake/export_panda_motion_generator_msgs__rosidl_generator_cExport-release.cmake
[4.178s] -- Installing: /home/bibek/Summer_Research/multipanda_ros2/install/panda_motion_generator_msgs/share/panda_motion_generator_msgs/cmake/export_panda_motion_generator_msgs__rosidl_typesupport_fastrtps_cExport.cmake
[4.178s] -- Installing: /home/bibek/Summer_Research/multipanda_ros2/install/panda_motion_generator_msgs/share/panda_motion_generator_msgs/cmake/export_panda_motion_generator_msgs__rosidl_typesupport_fastrtps_cExport-release.cmake
[4.178s] -- Installing: /home/bibek/Summer_Research/multipanda_ros2/install/panda_motion_generator_msgs/share/panda_motion_generator_msgs/cmake/export_panda_motion_generator_msgs__rosidl_generator_cppExport.cmake
[4.178s] -- Installing: /home/bibek/Summer_Research/multipanda_ros2/install/panda_motion_generator_msgs/share/panda_motion_generator_msgs/cmake/export_panda_motion_generator_msgs__rosidl_typesupport_fastrtps_cppExport.cmake
[4.179s] -- Installing: /home/bibek/Summer_Research/multipanda_ros2/install/panda_motion_generator_msgs/share/panda_motion_generator_msgs/cmake/export_panda_motion_generator_msgs__rosidl_typesupport_fastrtps_cppExport-release.cmake
[4.179s] -- Installing: /home/bibek/Summer_Research/multipanda_ros2/install/panda_motion_generator_msgs/share/panda_motion_generator_msgs/cmake/panda_motion_generator_msgs__rosidl_typesupport_introspection_cExport.cmake
[4.179s] -- Installing: /home/bibek/Summer_Research/multipanda_ros2/install/panda_motion_generator_msgs/share/panda_motion_generator_msgs/cmake/panda_motion_generator_msgs__rosidl_typesupport_introspection_cExport-release.cmake
[4.179s] -- Installing: /home/bibek/Summer_Research/multipanda_ros2/install/panda_motion_generator_msgs/share/panda_motion_generator_msgs/cmake/panda_motion_generator_msgs__rosidl_typesupport_cExport.cmake
[4.180s] -- Installing: /home/bibek/Summer_Research/multipanda_ros2/install/panda_motion_generator_msgs/share/panda_motion_generator_msgs/cmake/panda_motion_generator_msgs__rosidl_typesupport_cExport-release.cmake
[4.180s] -- Installing: /home/bibek/Summer_Research/multipanda_ros2/install/panda_motion_generator_msgs/share/panda_motion_generator_msgs/cmake/panda_motion_generator_msgs__rosidl_typesupport_introspection_cppExport.cmake
[4.180s] -- Installing: /home/bibek/Summer_Research/multipanda_ros2/install/panda_motion_generator_msgs/share/panda_motion_generator_msgs/cmake/panda_motion_generator_msgs__rosidl_typesupport_introspection_cppExport-release.cmake
[4.180s] -- Installing: /home/bibek/Summer_Research/multipanda_ros2/install/panda_motion_generator_msgs/share/panda_motion_generator_msgs/cmake/panda_motion_generator_msgs__rosidl_typesupport_cppExport.cmake
[4.181s] -- Installing: /home/bibek/Summer_Research/multipanda_ros2/install/panda_motion_generator_msgs/share/panda_motion_generator_msgs/cmake/panda_motion_generator_msgs__rosidl_typesupport_cppExport-release.cmake
[4.181s] -- Installing: /home/bibek/Summer_Research/multipanda_ros2/install/panda_motion_generator_msgs/share/panda_motion_generator_msgs/cmake/export_panda_motion_generator_msgs__rosidl_generator_pyExport.cmake
[4.181s] -- Installing: /home/bibek/Summer_Research/multipanda_ros2/install/panda_motion_generator_msgs/share/panda_motion_generator_msgs/cmake/export_panda_motion_generator_msgs__rosidl_generator_pyExport-release.cmake
[4.181s] -- Installing: /home/bibek/Summer_Research/multipanda_ros2/install/panda_motion_generator_msgs/share/panda_motion_generator_msgs/cmake/rosidl_cmake-extras.cmake
[4.182s] -- Installing: /home/bibek/Summer_Research/multipanda_ros2/install/panda_motion_generator_msgs/share/panda_motion_generator_msgs/cmake/ament_cmake_export_dependencies-extras.cmake
[4.182s] -- Installing: /home/bibek/Summer_Research/multipanda_ros2/install/panda_motion_generator_msgs/share/panda_motion_generator_msgs/cmake/ament_cmake_export_include_directories-extras.cmake
[4.182s] -- Installing: /home/bibek/Summer_Research/multipanda_ros2/install/panda_motion_generator_msgs/share/panda_motion_generator_msgs/cmake/ament_cmake_export_libraries-extras.cmake
[4.182s] -- Installing: /home/bibek/Summer_Research/multipanda_ros2/install/panda_motion_generator_msgs/share/panda_motion_generator_msgs/cmake/ament_cmake_export_targets-extras.cmake
[4.182s] -- Installing: /home/bibek/Summer_Research/multipanda_ros2/install/panda_motion_generator_msgs/share/panda_motion_generator_msgs/cmake/rosidl_cmake_export_typesupport_targets-extras.cmake
[4.182s] -- Installing: /home/bibek/Summer_Research/multipanda_ros2/install/panda_motion_generator_msgs/share/panda_motion_generator_msgs/cmake/rosidl_cmake_export_typesupport_libraries-extras.cmake
[4.183s] -- Installing: /home/bibek/Summer_Research/multipanda_ros2/install/panda_motion_generator_msgs/share/panda_motion_generator_msgs/cmake/panda_motion_generator_msgsConfig.cmake
[4.183s] -- Installing: /home/bibek/Summer_Research/multipanda_ros2/install/panda_motion_generator_msgs/share/panda_motion_generator_msgs/cmake/panda_motion_generator_msgsConfig-version.cmake
[4.183s] -- Installing: /home/bibek/Summer_Research/multipanda_ros2/install/panda_motion_generator_msgs/share/panda_motion_generator_msgs/package.xml
[4.186s] Invoked command in '/home/bibek/Summer_Research/multipanda_ros2/build/panda_motion_generator_msgs' returned '0': CMAKE_PREFIX_PATH=/opt/ros/humble /usr/bin/cmake --install /home/bibek/Summer_Research/multipanda_ros2/build/panda_motion_generator_msgs
