[0.012s] Invoking command in '/home/bibek/Summer_Research/multipanda_ros2/build/franka_hardware': AMENT_PREFIX_PATH=/home/bibek/Summer_Research/multipanda_ros2/install/franka_msgs:${AMENT_PREFIX_PATH} CMAKE_PREFIX_PATH=/home/bibek/Summer_Research/multipanda_ros2/install/franka_msgs:/opt/ros/humble LD_LIBRARY_PATH=/home/bibek/Summer_Research/multipanda_ros2/install/franka_msgs/lib:${LD_LIBRARY_PATH} PYTHONPATH=/home/bibek/Summer_Research/multipanda_ros2/install/franka_msgs/local/lib/python3.10/dist-packages:${PYTHONPATH} /usr/bin/cmake /home/bibek/Summer_Research/multipanda_ros2/franka_hardware -DCMAKE_BUILD_TYPE=Release -DCMAKE_INSTALL_PREFIX=/home/bibek/Summer_Research/multipanda_ros2/install/franka_hardware
[0.071s] -- The C compiler identification is GNU 11.4.0
[0.114s] -- The CXX compiler identification is GNU 11.4.0
[0.123s] -- Detecting C compiler ABI info
[0.181s] -- Detecting C compiler ABI info - done
[0.188s] -- Check for working C compiler: /usr/bin/cc - skipped
[0.189s] -- Detecting C compile features
[0.189s] -- Detecting C compile features - done
[0.191s] -- Detecting CXX compiler ABI info
[0.257s] -- Detecting CXX compiler ABI info - done
[0.267s] -- Check for working CXX compiler: /usr/bin/c++ - skipped
[0.267s] -- Detecting CXX compile features
[0.267s] -- Detecting CXX compile features - done
[0.270s] -- Found ament_cmake: 1.3.11 (/opt/ros/humble/share/ament_cmake/cmake)
[0.449s] -- Found Python3: /usr/bin/python3 (found version "3.10.12") found components: Interpreter 
[0.529s] -- Found rclcpp: 16.0.12 (/opt/ros/humble/share/rclcpp/cmake)
[0.564s] -- Found rosidl_generator_c: 3.1.6 (/opt/ros/humble/share/rosidl_generator_c/cmake)
[0.567s] -- Found rosidl_adapter: 3.1.6 (/opt/ros/humble/share/rosidl_adapter/cmake)
[0.574s] -- Found rosidl_generator_cpp: 3.1.6 (/opt/ros/humble/share/rosidl_generator_cpp/cmake)
[0.583s] -- Using all available rosidl_typesupport_c: rosidl_typesupport_fastrtps_c;rosidl_typesupport_introspection_c
[0.594s] -- Using all available rosidl_typesupport_cpp: rosidl_typesupport_fastrtps_cpp;rosidl_typesupport_introspection_cpp
[0.644s] -- Found rmw_implementation_cmake: 6.1.2 (/opt/ros/humble/share/rmw_implementation_cmake/cmake)
[0.648s] -- Found rmw_fastrtps_cpp: 6.2.7 (/opt/ros/humble/share/rmw_fastrtps_cpp/cmake)
[0.742s] -- Found OpenSSL: /usr/lib/x86_64-linux-gnu/libcrypto.so (found version "3.0.2")  
[0.770s] -- Found FastRTPS: /opt/ros/humble/include  
[0.811s] -- Using RMW implementation 'rmw_fastrtps_cpp' as default
[0.818s] -- Looking for pthread.h
[0.888s] -- Looking for pthread.h - found
[0.888s] -- Performing Test CMAKE_HAVE_LIBC_PTHREAD
[0.959s] -- Performing Test CMAKE_HAVE_LIBC_PTHREAD - Success
[0.960s] -- Found Threads: TRUE  
[0.996s] -- Found rclcpp_action: 16.0.12 (/opt/ros/humble/share/rclcpp_action/cmake)
[1.022s] -- Found rclcpp_components: 16.0.12 (/opt/ros/humble/share/rclcpp_components/cmake)
[1.041s] -- Found rclcpp_lifecycle: 16.0.12 (/opt/ros/humble/share/rclcpp_lifecycle/cmake)
[1.062s] [31mCMake Error at CMakeLists.txt:33 (find_package):
[1.062s]   By not providing "Findmujoco_ros2_control.cmake" in CMAKE_MODULE_PATH this
[1.062s]   project has asked CMake to find a package configuration file provided by
[1.063s]   "mujoco_ros2_control", but CMake did not find one.
[1.063s] 
[1.063s]   Could not find a package configuration file provided by
[1.063s]   "mujoco_ros2_control" with any of the following names:
[1.063s] 
[1.063s]     mujoco_ros2_controlConfig.cmake
[1.063s]     mujoco_ros2_control-config.cmake
[1.063s] 
[1.063s]   Add the installation prefix of "mujoco_ros2_control" to CMAKE_PREFIX_PATH
[1.063s]   or set "mujoco_ros2_control_DIR" to a directory containing one of the above
[1.063s]   files.  If "mujoco_ros2_control" provides a separate development package or
[1.063s]   SDK, be sure it has been installed.
[1.064s] 
[1.064s] [0m
[1.064s] -- Configuring incomplete, errors occurred!
[1.064s] See also "/home/bibek/Summer_Research/multipanda_ros2/build/franka_hardware/CMakeFiles/CMakeOutput.log".
