[0.050s] Invoking command in '/home/bibek/Summer_Research/multipanda_ros2/build/garmi_controllers': CMAKE_PREFIX_PATH=/opt/ros/humble /usr/bin/cmake /home/bibek/Summer_Research/multipanda_ros2/garmi_packages/garmi_controllers -DCMAKE_BUILD_TYPE=Release -DCMAKE_INSTALL_PREFIX=/home/bibek/Summer_Research/multipanda_ros2/install/garmi_controllers
[0.489s] -- The C compiler identification is GNU 11.4.0
[0.489s] -- The CXX compiler identification is GNU 11.4.0
[0.489s] -- Detecting C compiler ABI info
[0.489s] -- Detecting C compiler ABI info - done
[0.489s] -- Check for working C compiler: /usr/bin/cc - skipped
[0.489s] -- Detecting C compile features
[0.489s] -- Detecting C compile features - done
[0.489s] -- Detecting CXX compiler ABI info
[0.489s] -- Detecting CXX compiler ABI info - done
[0.489s] -- Check for working CXX compiler: /usr/bin/c++ - skipped
[0.490s] -- Detecting CXX compile features
[0.490s] -- Detecting CXX compile features - done
[0.496s] -- Found ament_cmake: 1.3.11 (/opt/ros/humble/share/ament_cmake/cmake)
[0.728s] -- Found Python3: /usr/bin/python3 (found version "3.10.12") found components: Interpreter 
[0.859s] -- Found rclcpp: 16.0.12 (/opt/ros/humble/share/rclcpp/cmake)
[0.916s] -- Found rosidl_generator_c: 3.1.6 (/opt/ros/humble/share/rosidl_generator_c/cmake)
[0.921s] -- Found rosidl_adapter: 3.1.6 (/opt/ros/humble/share/rosidl_adapter/cmake)
[0.929s] -- Found rosidl_generator_cpp: 3.1.6 (/opt/ros/humble/share/rosidl_generator_cpp/cmake)
[0.946s] -- Using all available rosidl_typesupport_c: rosidl_typesupport_fastrtps_c;rosidl_typesupport_introspection_c
[0.968s] -- Using all available rosidl_typesupport_cpp: rosidl_typesupport_fastrtps_cpp;rosidl_typesupport_introspection_cpp
[1.036s] -- Found rmw_implementation_cmake: 6.1.2 (/opt/ros/humble/share/rmw_implementation_cmake/cmake)
[1.041s] -- Found rmw_fastrtps_cpp: 6.2.7 (/opt/ros/humble/share/rmw_fastrtps_cpp/cmake)
[1.167s] -- Found OpenSSL: /usr/lib/x86_64-linux-gnu/libcrypto.so (found version "3.0.2")  
[1.198s] -- Found FastRTPS: /opt/ros/humble/include  
[1.237s] -- Using RMW implementation 'rmw_fastrtps_cpp' as default
[1.251s] -- Looking for pthread.h
[1.342s] -- Looking for pthread.h - found
[1.342s] -- Performing Test CMAKE_HAVE_LIBC_PTHREAD
[1.455s] -- Performing Test CMAKE_HAVE_LIBC_PTHREAD - Success
[1.457s] -- Found Threads: TRUE  
[1.533s] -- Found controller_interface: 2.51.0 (/opt/ros/humble/share/controller_interface/cmake)
[1.723s] -- Found generate_parameter_library: 0.5.0 (/opt/ros/humble/share/generate_parameter_library/cmake)
[1.727s] -- Found parameter_traits: 0.5.0 (/opt/ros/humble/share/parameter_traits/cmake)
[1.745s] -- Found nav_msgs: 4.9.0 (/opt/ros/humble/share/nav_msgs/cmake)
[1.785s] -- Found ament_lint_auto: 0.12.12 (/opt/ros/humble/share/ament_lint_auto/cmake)
[1.896s] -- Added test 'cppcheck' to perform static code analysis on C / C++ code
[1.896s] -- Configured cppcheck include dirs: /home/bibek/Summer_Research/multipanda_ros2/garmi_packages/garmi_controllers/include
[1.896s] -- Configured cppcheck exclude dirs and/or files: 
[1.897s] -- Added test 'lint_cmake' to check CMake code style
[1.899s] -- Added test 'uncrustify' to check C / C++ code style
[1.899s] -- Configured uncrustify additional arguments: 
[1.900s] -- Added test 'xmllint' to check XML markup files
[1.905s] -- Configuring done
[1.954s] -- Generating done
[1.962s] -- Build files have been written to: /home/bibek/Summer_Research/multipanda_ros2/build/garmi_controllers
[1.979s] Invoked command in '/home/bibek/Summer_Research/multipanda_ros2/build/garmi_controllers' returned '0': CMAKE_PREFIX_PATH=/opt/ros/humble /usr/bin/cmake /home/bibek/Summer_Research/multipanda_ros2/garmi_packages/garmi_controllers -DCMAKE_BUILD_TYPE=Release -DCMAKE_INSTALL_PREFIX=/home/bibek/Summer_Research/multipanda_ros2/install/garmi_controllers
[1.980s] Invoking command in '/home/bibek/Summer_Research/multipanda_ros2/build/garmi_controllers': CMAKE_PREFIX_PATH=/opt/ros/humble /usr/bin/cmake --build /home/bibek/Summer_Research/multipanda_ros2/build/garmi_controllers -- -j16 -l16
[2.049s] [ 33%] [32mBuilding CXX object CMakeFiles/garmi_controllers.dir/src/mobile_base_controller.cpp.o[0m
[2.050s] [ 66%] [32mBuilding CXX object CMakeFiles/garmi_controllers.dir/src/head_controller.cpp.o[0m
