[0.048s] Invoking command in '/home/bibek/Summer_Research/multipanda_ros2/build/panda_motion_generator_msgs': CMAKE_PREFIX_PATH=/opt/ros/humble /usr/bin/cmake /home/bibek/Summer_Research/multipanda_ros2/franka_multi_mode_controller/panda_motion_generator_msgs -DCMAKE_BUILD_TYPE=Release -DCMAKE_INSTALL_PREFIX=/home/bibek/Summer_Research/multipanda_ros2/install/panda_motion_generator_msgs
[0.485s] -- The C compiler identification is GNU 11.4.0
[0.485s] -- The CXX compiler identification is GNU 11.4.0
[0.485s] -- Detecting C compiler ABI info
[0.485s] -- Detecting C compiler ABI info - done
[0.486s] -- Check for working C compiler: /usr/bin/cc - skipped
[0.486s] -- Detecting C compile features
[0.486s] -- Detecting C compile features - done
[0.486s] -- Detecting CXX compiler ABI info
[0.486s] -- Detecting CXX compiler ABI info - done
[0.486s] -- Check for working CXX compiler: /usr/bin/c++ - skipped
[0.486s] -- Detecting CXX compile features
[0.486s] -- Detecting CXX compile features - done
[0.491s] -- Found ament_cmake: 1.3.11 (/opt/ros/humble/share/ament_cmake/cmake)
[0.732s] -- Found Python3: /usr/bin/python3 (found version "3.10.12") found components: Interpreter 
[0.857s] -- Found geometry_msgs: 4.9.0 (/opt/ros/humble/share/geometry_msgs/cmake)
[0.909s] -- Found rosidl_generator_c: 3.1.6 (/opt/ros/humble/share/rosidl_generator_c/cmake)
[0.913s] -- Found rosidl_adapter: 3.1.6 (/opt/ros/humble/share/rosidl_adapter/cmake)
[0.921s] -- Found rosidl_generator_cpp: 3.1.6 (/opt/ros/humble/share/rosidl_generator_cpp/cmake)
[0.941s] -- Using all available rosidl_typesupport_c: rosidl_typesupport_fastrtps_c;rosidl_typesupport_introspection_c
[0.964s] -- Using all available rosidl_typesupport_cpp: rosidl_typesupport_fastrtps_cpp;rosidl_typesupport_introspection_cpp
[1.021s] -- Found rosidl_default_generators: 1.2.0 (/opt/ros/humble/share/rosidl_default_generators/cmake)
[1.531s] -- Found ament_cmake_ros: 0.10.0 (/opt/ros/humble/share/ament_cmake_ros/cmake)
[2.078s] -- Using all available rosidl_typesupport_c: rosidl_typesupport_fastrtps_c;rosidl_typesupport_introspection_c
[2.290s] -- Using all available rosidl_typesupport_cpp: rosidl_typesupport_fastrtps_cpp;rosidl_typesupport_introspection_cpp
[2.319s] -- Found PythonInterp: /usr/bin/python3 (found suitable version "3.10.12", minimum required is "3.6") 
[2.321s] -- Found python_cmake_module: 0.10.0 (/opt/ros/humble/share/python_cmake_module/cmake)
[2.367s] -- Found PythonLibs: /usr/lib/x86_64-linux-gnu/libpython3.10.so (found suitable version "3.10.12", minimum required is "3.5") 
[2.368s] -- Using PYTHON_EXECUTABLE: /usr/bin/python3
[2.368s] -- Using PYTHON_INCLUDE_DIRS: /usr/include/python3.10
[2.368s] -- Using PYTHON_LIBRARIES: /usr/lib/x86_64-linux-gnu/libpython3.10.so
[2.395s] -- Found PythonExtra: .so  
[2.478s] -- Found ament_lint_auto: 0.12.12 (/opt/ros/humble/share/ament_lint_auto/cmake)
[2.496s] -- Added test 'lint_cmake' to check CMake code style
[2.497s] -- Added test 'xmllint' to check XML markup files
[2.499s] -- Configuring done
[2.566s] -- Generating done
[2.585s] -- Build files have been written to: /home/bibek/Summer_Research/multipanda_ros2/build/panda_motion_generator_msgs
[2.607s] Invoked command in '/home/bibek/Summer_Research/multipanda_ros2/build/panda_motion_generator_msgs' returned '0': CMAKE_PREFIX_PATH=/opt/ros/humble /usr/bin/cmake /home/bibek/Summer_Research/multipanda_ros2/franka_multi_mode_controller/panda_motion_generator_msgs -DCMAKE_BUILD_TYPE=Release -DCMAKE_INSTALL_PREFIX=/home/bibek/Summer_Research/multipanda_ros2/install/panda_motion_generator_msgs
[2.608s] Invoking command in '/home/bibek/Summer_Research/multipanda_ros2/build/panda_motion_generator_msgs': CMAKE_PREFIX_PATH=/opt/ros/humble /usr/bin/cmake --build /home/bibek/Summer_Research/multipanda_ros2/build/panda_motion_generator_msgs -- -j16 -l16
[2.667s] [  1%] [34m[1mGenerating C code for ROS interfaces[0m
[2.678s] [  3%] Built target ament_cmake_python_copy_panda_motion_generator_msgs
[2.679s] [  3%] [34m[1mGenerating C++ code for ROS interfaces[0m
[3.304s] running egg_info
[3.306s] creating panda_motion_generator_msgs.egg-info
[3.306s] writing panda_motion_generator_msgs.egg-info/PKG-INFO
[3.306s] writing dependency_links to panda_motion_generator_msgs.egg-info/dependency_links.txt
[3.308s] writing top-level names to panda_motion_generator_msgs.egg-info/top_level.txt
[3.311s] writing manifest file 'panda_motion_generator_msgs.egg-info/SOURCES.txt'
[3.314s] reading manifest file 'panda_motion_generator_msgs.egg-info/SOURCES.txt'
[3.314s] writing manifest file 'panda_motion_generator_msgs.egg-info/SOURCES.txt'
[3.438s] [  3%] Built target ament_cmake_python_build_panda_motion_generator_msgs_egg
[3.611s] [  4%] [32mBuilding C object CMakeFiles/panda_motion_generator_msgs__rosidl_generator_c.dir/rosidl_generator_c/panda_motion_generator_msgs/msg/detail/joint_pose__functions.c.o[0m
[3.615s] [  6%] [32mBuilding C object CMakeFiles/panda_motion_generator_msgs__rosidl_generator_c.dir/rosidl_generator_c/panda_motion_generator_msgs/msg/detail/set_time_scaling__functions.c.o[0m
[3.621s] [  9%] [32mBuilding C object CMakeFiles/panda_motion_generator_msgs__rosidl_generator_c.dir/rosidl_generator_c/panda_motion_generator_msgs/msg/detail/simple_action_result__functions.c.o[0m
[3.621s] [  9%] [32mBuilding C object CMakeFiles/panda_motion_generator_msgs__rosidl_generator_c.dir/rosidl_generator_c/panda_motion_generator_msgs/action/detail/joint_via_motion__functions.c.o[0m
[3.622s] [ 11%] [32mBuilding C object CMakeFiles/panda_motion_generator_msgs__rosidl_generator_c.dir/rosidl_generator_c/panda_motion_generator_msgs/action/detail/cartesian_via_motion__functions.c.o[0m
[3.831s] [ 11%] Built target panda_motion_generator_msgs__cpp
[3.878s] [ 12%] [34m[1mGenerating C++ introspection for ROS interfaces[0m
[3.878s] [ 14%] [34m[1mGenerating C++ type support for eProsima Fast-RTPS[0m
[3.879s] [ 15%] [34m[1mGenerating C++ type support dispatch for ROS interfaces[0m
[4.315s] [ 17%] [32m[1mLinking C shared library libpanda_motion_generator_msgs__rosidl_generator_c.so[0m
[4.452s] [ 17%] Built target panda_motion_generator_msgs__rosidl_generator_c
[4.567s] [ 22%] [34m[1mGenerating C type support for eProsima Fast-RTPS[0m
[4.567s] [ 22%] [34m[1mGenerating C type support dispatch for ROS interfaces[0m
[4.567s] [ 22%] [34m[1mGenerating C introspection for ROS interfaces[0m
[4.662s] [ 23%] [32mBuilding CXX object CMakeFiles/panda_motion_generator_msgs__rosidl_typesupport_cpp.dir/rosidl_typesupport_cpp/panda_motion_generator_msgs/msg/joint_pose__type_support.cpp.o[0m
[4.667s] [ 25%] [32mBuilding CXX object CMakeFiles/panda_motion_generator_msgs__rosidl_typesupport_cpp.dir/rosidl_typesupport_cpp/panda_motion_generator_msgs/msg/simple_action_result__type_support.cpp.o[0m
[4.667s] [ 28%] [32mBuilding CXX object CMakeFiles/panda_motion_generator_msgs__rosidl_typesupport_cpp.dir/rosidl_typesupport_cpp/panda_motion_generator_msgs/action/cartesian_via_motion__type_support.cpp.o[0m
[4.670s] [ 28%] [32mBuilding CXX object CMakeFiles/panda_motion_generator_msgs__rosidl_typesupport_cpp.dir/rosidl_typesupport_cpp/panda_motion_generator_msgs/msg/set_time_scaling__type_support.cpp.o[0m
[4.672s] [ 30%] [32mBuilding CXX object CMakeFiles/panda_motion_generator_msgs__rosidl_typesupport_cpp.dir/rosidl_typesupport_cpp/panda_motion_generator_msgs/action/joint_via_motion__type_support.cpp.o[0m
[4.724s] [ 31%] [32mBuilding CXX object CMakeFiles/panda_motion_generator_msgs__rosidl_typesupport_introspection_cpp.dir/rosidl_typesupport_introspection_cpp/panda_motion_generator_msgs/msg/detail/joint_pose__type_support.cpp.o[0m
[4.788s] [ 34%] [32mBuilding CXX object CMakeFiles/panda_motion_generator_msgs__rosidl_typesupport_introspection_cpp.dir/rosidl_typesupport_introspection_cpp/panda_motion_generator_msgs/msg/detail/simple_action_result__type_support.cpp.o[0m
[4.789s] [ 34%] [32mBuilding CXX object CMakeFiles/panda_motion_generator_msgs__rosidl_typesupport_introspection_cpp.dir/rosidl_typesupport_introspection_cpp/panda_motion_generator_msgs/action/detail/joint_via_motion__type_support.cpp.o[0m
[4.789s] [ 38%] [32mBuilding CXX object CMakeFiles/panda_motion_generator_msgs__rosidl_typesupport_introspection_cpp.dir/rosidl_typesupport_introspection_cpp/panda_motion_generator_msgs/msg/detail/set_time_scaling__type_support.cpp.o[0m
[4.789s] [ 38%] [32mBuilding CXX object CMakeFiles/panda_motion_generator_msgs__rosidl_typesupport_introspection_cpp.dir/rosidl_typesupport_introspection_cpp/panda_motion_generator_msgs/action/detail/cartesian_via_motion__type_support.cpp.o[0m
