[1.533s] Invoking command in '/home/bibek/Summer_Research/multipanda_ros2/franka_simple_publishers': PYTHONPATH=/home/bibek/Summer_Research/multipanda_ros2/build/franka_simple_publishers/prefix_override:/usr/lib/python3/dist-packages/colcon_core/task/python/colcon_distutils_commands:/home/bibek/Summer_Research/multipanda_ros2/install/franka_simple_publishers/lib/python3.10/site-packages:${PYTHONPATH} /usr/bin/python3 -W ignore:setup.py install is deprecated -W ignore:easy_install command is deprecated setup.py egg_info --egg-base ../build/franka_simple_publishers build --build-base /home/bibek/Summer_Research/multipanda_ros2/build/franka_simple_publishers/build install --record /home/bibek/Summer_Research/multipanda_ros2/build/franka_simple_publishers/install.log --single-version-externally-managed install_data
[1.833s] running egg_info
[1.834s] writing ../build/franka_simple_publishers/franka_simple_publishers.egg-info/PKG-INFO
[1.835s] writing dependency_links to ../build/franka_simple_publishers/franka_simple_publishers.egg-info/dependency_links.txt
[1.835s] writing entry points to ../build/franka_simple_publishers/franka_simple_publishers.egg-info/entry_points.txt
[1.835s] writing requirements to ../build/franka_simple_publishers/franka_simple_publishers.egg-info/requires.txt
[1.835s] writing top-level names to ../build/franka_simple_publishers/franka_simple_publishers.egg-info/top_level.txt
[1.837s] reading manifest file '../build/franka_simple_publishers/franka_simple_publishers.egg-info/SOURCES.txt'
[1.837s] adding license file 'LICENSE'
[1.838s] writing manifest file '../build/franka_simple_publishers/franka_simple_publishers.egg-info/SOURCES.txt'
[1.838s] running build
[1.838s] running build_py
[1.839s] running install
[1.840s] running install_lib
[1.841s] running install_data
[1.841s] running install_egg_info
[1.844s] removing '/home/bibek/Summer_Research/multipanda_ros2/install/franka_simple_publishers/lib/python3.10/site-packages/franka_simple_publishers-0.0.0-py3.10.egg-info' (and everything under it)
[1.844s] Copying ../build/franka_simple_publishers/franka_simple_publishers.egg-info to /home/bibek/Summer_Research/multipanda_ros2/install/franka_simple_publishers/lib/python3.10/site-packages/franka_simple_publishers-0.0.0-py3.10.egg-info
[1.845s] running install_scripts
[1.867s] writing list of installed files to '/home/bibek/Summer_Research/multipanda_ros2/build/franka_simple_publishers/install.log'
[1.897s] Invoked command in '/home/bibek/Summer_Research/multipanda_ros2/franka_simple_publishers' returned '0': PYTHONPATH=/home/bibek/Summer_Research/multipanda_ros2/build/franka_simple_publishers/prefix_override:/usr/lib/python3/dist-packages/colcon_core/task/python/colcon_distutils_commands:/home/bibek/Summer_Research/multipanda_ros2/install/franka_simple_publishers/lib/python3.10/site-packages:${PYTHONPATH} /usr/bin/python3 -W ignore:setup.py install is deprecated -W ignore:easy_install command is deprecated setup.py egg_info --egg-base ../build/franka_simple_publishers build --build-base /home/bibek/Summer_Research/multipanda_ros2/build/franka_simple_publishers/build install --record /home/bibek/Summer_Research/multipanda_ros2/build/franka_simple_publishers/install.log --single-version-externally-managed install_data
